Component: ARM Compiler 5.06 update 7 (build 960) Tool: armlink [4d3601]

==============================================================================

Section Cross References

    startup_stm32f405xx.o(RESET) refers to startup_stm32f405xx.o(STACK) for __initial_sp
    startup_stm32f405xx.o(RESET) refers to startup_stm32f405xx.o(.text) for Reset_Handler
    startup_stm32f405xx.o(RESET) refers to stm32f4xx_it.o(i.NMI_Handler) for NMI_Handler
    startup_stm32f405xx.o(RESET) refers to stm32f4xx_it.o(i.HardFault_Handler) for HardFault_Handler
    startup_stm32f405xx.o(RESET) refers to stm32f4xx_it.o(i.MemManage_Handler) for MemManage_Handler
    startup_stm32f405xx.o(RESET) refers to stm32f4xx_it.o(i.BusFault_Handler) for BusFault_Handler
    startup_stm32f405xx.o(RESET) refers to stm32f4xx_it.o(i.UsageFault_Handler) for UsageFault_Handler
    startup_stm32f405xx.o(RESET) refers to stm32f4xx_it.o(i.SVC_Handler) for SVC_Handler
    startup_stm32f405xx.o(RESET) refers to stm32f4xx_it.o(i.DebugMon_Handler) for DebugMon_Handler
    startup_stm32f405xx.o(RESET) refers to stm32f4xx_it.o(i.PendSV_Handler) for PendSV_Handler
    startup_stm32f405xx.o(RESET) refers to stm32f4xx_it.o(i.SysTick_Handler) for SysTick_Handler
    startup_stm32f405xx.o(RESET) refers to stm32f4xx_it.o(i.EXTI9_5_IRQHandler) for EXTI9_5_IRQHandler
    startup_stm32f405xx.o(RESET) refers to stm32f4xx_it.o(i.TIM1_CC_IRQHandler) for TIM1_CC_IRQHandler
    startup_stm32f405xx.o(RESET) refers to stm32f4xx_it.o(i.DMA2_Stream0_IRQHandler) for DMA2_Stream0_IRQHandler
    startup_stm32f405xx.o(.text) refers to system_stm32f4xx.o(i.SystemInit) for SystemInit
    startup_stm32f405xx.o(.text) refers to entry.o(.ARM.Collect$$$$00000000) for __main
    main.o(i.SystemClock_Config) refers to memseta.o(.text) for __aeabi_memclr4
    main.o(i.SystemClock_Config) refers to stm32f4xx_hal_rcc.o(i.HAL_RCC_OscConfig) for HAL_RCC_OscConfig
    main.o(i.SystemClock_Config) refers to stm32f4xx_hal_rcc.o(i.HAL_RCC_ClockConfig) for HAL_RCC_ClockConfig
    main.o(i.main) refers to stm32f4xx_hal.o(i.HAL_Init) for HAL_Init
    main.o(i.main) refers to main.o(i.SystemClock_Config) for SystemClock_Config
    main.o(i.main) refers to gpio.o(i.MX_GPIO_Init) for MX_GPIO_Init
    main.o(i.main) refers to dma.o(i.MX_DMA_Init) for MX_DMA_Init
    main.o(i.main) refers to tim.o(i.MX_TIM1_Init) for MX_TIM1_Init
    main.o(i.main) refers to tim.o(i.MX_TIM3_Init) for MX_TIM3_Init
    main.o(i.main) refers to adc.o(i.MX_ADC1_Init) for MX_ADC1_Init
    main.o(i.main) refers to appmain.o(i.APPMain_Init) for APPMain_Init
    main.o(i.main) refers to appmain.o(i.APPMain_Loop) for APPMain_Loop
    gpio.o(i.MX_GPIO_Init) refers to memseta.o(.text) for __aeabi_memclr4
    gpio.o(i.MX_GPIO_Init) refers to stm32f4xx_hal_gpio.o(i.HAL_GPIO_WritePin) for HAL_GPIO_WritePin
    gpio.o(i.MX_GPIO_Init) refers to stm32f4xx_hal_gpio.o(i.HAL_GPIO_Init) for HAL_GPIO_Init
    gpio.o(i.MX_GPIO_Init) refers to stm32f4xx_hal_cortex.o(i.HAL_NVIC_SetPriority) for HAL_NVIC_SetPriority
    gpio.o(i.MX_GPIO_Init) refers to stm32f4xx_hal_cortex.o(i.HAL_NVIC_EnableIRQ) for HAL_NVIC_EnableIRQ
    adc.o(i.HAL_ADC_MspDeInit) refers to stm32f4xx_hal_gpio.o(i.HAL_GPIO_DeInit) for HAL_GPIO_DeInit
    adc.o(i.HAL_ADC_MspDeInit) refers to stm32f4xx_hal_dma.o(i.HAL_DMA_DeInit) for HAL_DMA_DeInit
    adc.o(i.HAL_ADC_MspInit) refers to memseta.o(.text) for __aeabi_memclr4
    adc.o(i.HAL_ADC_MspInit) refers to stm32f4xx_hal_gpio.o(i.HAL_GPIO_Init) for HAL_GPIO_Init
    adc.o(i.HAL_ADC_MspInit) refers to stm32f4xx_hal_dma.o(i.HAL_DMA_Init) for HAL_DMA_Init
    adc.o(i.HAL_ADC_MspInit) refers to main.o(i.Error_Handler) for Error_Handler
    adc.o(i.HAL_ADC_MspInit) refers to adc.o(.bss) for .bss
    adc.o(i.MX_ADC1_Init) refers to stm32f4xx_hal_adc.o(i.HAL_ADC_Init) for HAL_ADC_Init
    adc.o(i.MX_ADC1_Init) refers to main.o(i.Error_Handler) for Error_Handler
    adc.o(i.MX_ADC1_Init) refers to stm32f4xx_hal_adc.o(i.HAL_ADC_ConfigChannel) for HAL_ADC_ConfigChannel
    adc.o(i.MX_ADC1_Init) refers to adc.o(.bss) for .bss
    dma.o(i.MX_DMA_Init) refers to stm32f4xx_hal_cortex.o(i.HAL_NVIC_SetPriority) for HAL_NVIC_SetPriority
    dma.o(i.MX_DMA_Init) refers to stm32f4xx_hal_cortex.o(i.HAL_NVIC_EnableIRQ) for HAL_NVIC_EnableIRQ
    tim.o(i.HAL_TIM_Base_MspDeInit) refers to stm32f4xx_hal_cortex.o(i.HAL_NVIC_DisableIRQ) for HAL_NVIC_DisableIRQ
    tim.o(i.HAL_TIM_Base_MspInit) refers to stm32f4xx_hal_cortex.o(i.HAL_NVIC_SetPriority) for HAL_NVIC_SetPriority
    tim.o(i.HAL_TIM_Base_MspInit) refers to stm32f4xx_hal_cortex.o(i.HAL_NVIC_EnableIRQ) for HAL_NVIC_EnableIRQ
    tim.o(i.HAL_TIM_Encoder_MspDeInit) refers to stm32f4xx_hal_gpio.o(i.HAL_GPIO_DeInit) for HAL_GPIO_DeInit
    tim.o(i.HAL_TIM_Encoder_MspInit) refers to memseta.o(.text) for __aeabi_memclr4
    tim.o(i.HAL_TIM_Encoder_MspInit) refers to stm32f4xx_hal_gpio.o(i.HAL_GPIO_Init) for HAL_GPIO_Init
[...]
    ..\User\APP\APPMain.c                    0x00000000   Number         0  appmain.o ABSOLUTE
    ..\User\Framework\FOC.c                  0x00000000   Number         0  foc.o ABSOLUTE
    ..\User\Framework\Svpwm.c                0x00000000   Number         0  svpwm.o ABSOLUTE
    ..\User\Function\AngleCalibrationFunc.c  0x00000000   Number         0  anglecalibrationfunc.o ABSOLUTE
    ..\User\Function\FunctionMain.c          0x00000000   Number         0  functionmain.o ABSOLUTE
    ..\User\MCUDriver\ADC1.c                 0x00000000   Number         0  adc1.o ABSOLUTE
    ..\User\MCUDriver\GPIONVIC.c             0x00000000   Number         0  gpionvic.o ABSOLUTE
    ..\User\MCUDriver\MCUDriverMain.c        0x00000000   Number         0  mcudrivermain.o ABSOLUTE
    ..\User\MCUDriver\MotorGPIO.c            0x00000000   Number         0  motorgpio.o ABSOLUTE
    ..\User\MCUDriver\TIM1PWM.c              0x00000000   Number         0  tim1pwm.o ABSOLUTE
    ..\User\MCUDriver\TIM3Encoder.c          0x00000000   Number         0  tim3encoder.o ABSOLUTE
    ..\User\MCUDriver\Timer.c                0x00000000   Number         0  timer.o ABSOLUTE
    ..\User\PeripheralsDriver\FOCConfig.c    0x00000000   Number         0  focconfig.o ABSOLUTE
    ..\User\PeripheralsDriver\PerDriverMain.c 0x00000000   Number         0  perdrivermain.o ABSOLUTE
    ..\User\PeripheralsDriver\SvpwmConfig.c  0x00000000   Number         0  svpwmconfig.o ABSOLUTE
    ..\User\RTT\SEGGER_RTT.c                 0x00000000   Number         0  segger_rtt.o ABSOLUTE
    ..\User\RTT\SEGGER_RTT_printf.c          0x00000000   Number         0  segger_rtt_printf.o ABSOLUTE
    ..\\..\\Source\\CommonTables\\arm_common_tables.c 0x00000000   Number         0  arm_common_tables.o ABSOLUTE
    ..\\..\\Source\\FastMathFunctions\\arm_cos_f32.c 0x00000000   Number         0  arm_cos_f32.o ABSOLUTE
    ..\\..\\Source\\FastMathFunctions\\arm_sin_f32.c 0x00000000   Number         0  arm_sin_f32.o ABSOLUTE
    ..\\User\\Framework\\FOC.c               0x00000000   Number         0  foc.o ABSOLUTE
    ..\\User\\Function\\AngleCalibrationFunc.c 0x00000000   Number         0  anglecalibrationfunc.o ABSOLUTE
    ..\\User\\MCUDriver\\ADC1.c              0x00000000   Number         0  adc1.o ABSOLUTE
    ..\\User\\MCUDriver\\GPIONVIC.c          0x00000000   Number         0  gpionvic.o ABSOLUTE
    ..\\User\\MCUDriver\\MCUDriverMain.c     0x00000000   Number         0  mcudrivermain.o ABSOLUTE
    ..\\User\\MCUDriver\\MotorGPIO.c         0x00000000   Number         0  motorgpio.o ABSOLUTE
    ..\\User\\MCUDriver\\TIM1PWM.c           0x00000000   Number         0  tim1pwm.o ABSOLUTE
    ..\\User\\MCUDriver\\TIM3Encoder.c       0x00000000   Number         0  tim3encoder.o ABSOLUTE
    ..\\User\\MCUDriver\\Timer.c             0x00000000   Number         0  timer.o ABSOLUTE
    ..\\User\\PeripheralsDriver\\PerDriverMain.c 0x00000000   Number         0  perdrivermain.o ABSOLUTE
    ..\\User\\PeripheralsDriver\\SvpwmConfig.c 0x00000000   Number         0  svpwmconfig.o ABSOLUTE
    cdcmple.s                                0x00000000   Number         0  cdcmple.o ABSOLUTE
    cdrcmple.s                               0x00000000   Number         0  cdrcmple.o ABSOLUTE
    dc.s                                     0x00000000   Number         0  dc.o ABSOLUTE
    handlers.s                               0x00000000   Number         0  handlers.o ABSOLUTE
    init.s                                   0x00000000   Number         0  init.o ABSOLUTE
    startup_stm32f405xx.s                    0x00000000   Number         0  startup_stm32f405xx.o ABSOLUTE
    RESET                                    0x08000000   Section      392  startup_stm32f405xx.o(RESET)
    .ARM.Collect$$$$00000000                 0x08000188   Section        0  entry.o(.ARM.Collect$$$$00000000)
    .ARM.Collect$$$$00000001                 0x08000188   Section        4  entry2.o(.ARM.Collect$$$$00000001)
    .ARM.Collect$$$$00000004                 0x0800018c   Section        4  entry5.o(.ARM.Collect$$$$00000004)
    .ARM.Collect$$$$00000008                 0x08000190   Section        0  entry7b.o(.ARM.Collect$$$$00000008)
    .ARM.Collect$$$$0000000A                 0x08000190   Section        0  entry8b.o(.ARM.Collect$$$$0000000A)
    .ARM.Collect$$$$0000000B                 0x08000190   Section        8  entry9a.o(.ARM.Collect$$$$0000000B)
    .ARM.Collect$$$$0000000E                 0x08000198   Section        4  entry12b.o(.ARM.Collect$$$$0000000E)
    .ARM.Collect$$$$0000000F                 0x0800019c   Section        0  entry10a.o(.ARM.Collect$$$$0000000F)
    .ARM.Collect$$$$00000011                 0x0800019c   Section        0  entry11a.o(.ARM.Collect$$$$00000011)
    .ARM.Collect$$$$00002712                 0x0800019c   Section        4  entry2.o(.ARM.Collect$$$$00002712)
    __lit__00000000                          0x0800019c   Data           4  entry2.o(.ARM.Collect$$$$00002712)
    .text                                    0x080001a0   Section       36  startup_stm32f405xx.o(.text)
    $v0                                      0x080001a0   Number         0  startup_stm32f405xx.o(.text)
    .text                                    0x080001c4   Section        0  arm_cos_f32.o(.text)
    .text                                    0x0800023c   Section        0  arm_sin_f32.o(.text)
    .text                                    0x080002d0   Section        0  uldiv.o(.text)
    .text                                    0x08000332   Section        0  memcpya.o(.text)
    .text                                    0x08000356   Section        0  memseta.o(.text)
    .text                                    0x0800037a   Section        0  dadd.o(.text)
    .text                                    0x080004c8   Section        0  f2d.o(.text)
    .text                                    0x080004f0   Section       48  cdcmple.o(.text)
    .text                                    0x08000520   Section        0  d2f.o(.text)
    .text                                    0x08000558   Section        0  uidiv.o(.text)
    .text                                    0x08000584   Section        0  llshl.o(.text)
    .text                                    0x080005a2   Section        0  llushr.o(.text)
    .text                                    0x080005c2   Section        0  llsshr.o(.text)
    .text                                    0x080005e6   Section        0  iusefp.o(.text)
    .text                                    0x080005e6   Section        0  fepilogue.o(.text)
    .text                                    0x08000654   Section        0  depilogue.o(.text)
    .text                                    0x0800070e   Section        0  dmul.o(.text)
    .text                                    0x080007f2   Section        0  ddiv.o(.text)
    .text                                    0x080008d0   Section        0  dfixul.o(.text)
    .text                                    0x08000900   Section       48  cdrcmple.o(.text)
    .text                                    0x08000930   Section       36  init.o(.text)
    .text                                    0x08000954   Section        0  __dczerorl2.o(.text)
    i.ADCDMAIRQHandler                       0x080009ac   Section        0  adc1.o(i.ADCDMAIRQHandler)
    i.ADCDMAStart                            0x080009ec   Section        0  adc1.o(i.ADCDMAStart)
    i.ADC_DMAConvCplt                        0x08000a00   Section        0  stm32f4xx_hal_adc.o(i.ADC_DMAConvCplt)
    ADC_DMAConvCplt                          0x08000a01   Thumb Code   110  stm32f4xx_hal_adc.o(i.ADC_DMAConvCplt)
    i.ADC_DMAError                           0x08000a6e   Section        0  stm32f4xx_hal_adc.o(i.ADC_DMAError)
    ADC_DMAError                             0x08000a6f   Thumb Code    22  stm32f4xx_hal_adc.o(i.ADC_DMAError)
    i.ADC_DMAHalfConvCplt                    0x08000a84   Section        0  stm32f4xx_hal_adc.o(i.ADC_DMAHalfConvCplt)
    ADC_DMAHalfConvCplt                      0x08000a85   Thumb Code    10  stm32f4xx_hal_adc.o(i.ADC_DMAHalfConvCplt)
    i.ADC_Init                               0x08000a90   Section        0  stm32f4xx_hal_adc.o(i.ADC_Init)
    ADC_Init                                 0x08000a91   Thumb Code   284  stm32f4xx_hal_adc.o(i.ADC_Init)
    i.APPMain_Init                           0x08000bb8   Section        0  appmain.o(i.APPMain_Init)
    i.APPMain_Loop                           0x08000bca   Section        0  appmain.o(i.APPMain_Loop)
    i.AngleCalibrationFunc_Init              0x08000bdc   Section        0  anglecalibrationfunc.o(i.AngleCalibrationFunc_Init)
    i.BusFault_Handler                       0x08000be0   Section        0  stm32f4xx_it.o(i.BusFault_Handler)
    i.CurrentPIControlID                     0x08000be2   Section        0  foc.o(i.CurrentPIControlID)
    CurrentPIControlID                       0x08000be3   Thumb Code   148  foc.o(i.CurrentPIControlID)
    i.CurrentPIControlIQ                     0x08000c76   Section        0  foc.o(i.CurrentPIControlIQ)
    CurrentPIControlIQ                       0x08000c77   Thumb Code   150  foc.o(i.CurrentPIControlIQ)
    i.CurrentReconstruction                  0x08000d0c   Section        0  foc.o(i.CurrentReconstruction)
    CurrentReconstruction                    0x08000d0d   Thumb Code   112  foc.o(i.CurrentReconstruction)
    i.DMA2_Stream0_IRQHandler                0x08000d7c   Section        0  stm32f4xx_it.o(i.DMA2_Stream0_IRQHandler)
    i.DMA_CalcBaseAndBitshift                0x08000d94   Section        0  stm32f4xx_hal_dma.o(i.DMA_CalcBaseAndBitshift)
    DMA_CalcBaseAndBitshift                  0x08000d95   Thumb Code    34  stm32f4xx_hal_dma.o(i.DMA_CalcBaseAndBitshift)
    i.DMA_CheckFifoParam                     0x08000dbc   Section        0  stm32f4xx_hal_dma.o(i.DMA_CheckFifoParam)
    DMA_CheckFifoParam                       0x08000dbd   Thumb Code    84  stm32f4xx_hal_dma.o(i.DMA_CheckFifoParam)
    i.DMA_SetConfig                          0x08000e10   Section        0  stm32f4xx_hal_dma.o(i.DMA_SetConfig)
    DMA_SetConfig                            0x08000e11   Thumb Code    40  stm32f4xx_hal_dma.o(i.DMA_SetConfig)
    i.DebugMon_Handler                       0x08000e38   Section        0  stm32f4xx_it.o(i.DebugMon_Handler)
    i.EXTI9_5_IRQHandler                     0x08000e3a   Section        0  stm32f4xx_it.o(i.EXTI9_5_IRQHandler)
    i.Error_Handler                          0x08000e42   Section        0  main.o(i.Error_Handler)
    i.FOCConfigPrintf                        0x08000e44   Section        0  focconfig.o(i.FOCConfigPrintf)
    i.FOCConfig_Init                         0x08000e50   Section        0  focconfig.o(i.FOCConfig_Init)
    i.FOCPrintf                              0x08000ea4   Section        0  foc.o(i.FOCPrintf)
    i.FocContorl                             0x08000f74   Section        0  foc.o(i.FocContorl)
    i.FunctionMain_Init                      0x08001080   Section        0  functionmain.o(i.FunctionMain_Init)
    i.FunctionMain_Loop                      0x0800108e   Section        0  functionmain.o(i.FunctionMain_Loop)
    i.GPIONVIC_Init                          0x08001090   Section        0  gpionvic.o(i.GPIONVIC_Init)
    i.GetADC1ChannelXValue                   0x080010a0   Section        0  adc1.o(i.GetADC1ChannelXValue)
    i.GetMotorPreCurrent                     0x080010d4   Section        0  focconfig.o(i.GetMotorPreCurrent)
    i.GetMotorSVPWMSector                    0x08001114   Section        0  svpwmconfig.o(i.GetMotorSVPWMSector)
    i.GetSVPWMSector                         0x08001120   Section        0  svpwm.o(i.GetSVPWMSector)
    i.GetTimer3EncoderAngle                  0x08001128   Section        0  tim3encoder.o(i.GetTimer3EncoderAngle)
    i.GetTimer3EncoderCnt                    0x0800116c   Section        0  tim3encoder.o(i.GetTimer3EncoderCnt)
    i.GetVectorDuration                      0x080011ac   Section        0  svpwm.o(i.GetVectorDuration)
    i.HAL_ADC_ConfigChannel                  0x08001300   Section        0  stm32f4xx_hal_adc.o(i.HAL_ADC_ConfigChannel)
    i.HAL_ADC_ConvCpltCallback               0x0800144c   Section        0  stm32f4xx_hal_adc.o(i.HAL_ADC_ConvCpltCallback)
    i.HAL_ADC_ConvHalfCpltCallback           0x0800144e   Section        0  stm32f4xx_hal_adc.o(i.HAL_ADC_ConvHalfCpltCallback)
    i.HAL_ADC_ErrorCallback                  0x08001450   Section        0  stm32f4xx_hal_adc.o(i.HAL_ADC_ErrorCallback)
    i.HAL_ADC_Init                           0x08001452   Section        0  stm32f4xx_hal_adc.o(i.HAL_ADC_Init)
    i.HAL_ADC_MspInit                        0x080014a8   Section        0  adc.o(i.HAL_ADC_MspInit)
    i.HAL_ADC_Start_DMA                      0x08001540   Section        0  stm32f4xx_hal_adc.o(i.HAL_ADC_Start_DMA)
    i.HAL_DMA_IRQHandler                     0x08001670   Section        0  stm32f4xx_hal_dma.o(i.HAL_DMA_IRQHandler)
    i.HAL_DMA_Init                           0x08001810   Section        0  stm32f4xx_hal_dma.o(i.HAL_DMA_Init)
    i.HAL_DMA_Start_IT                       0x080018e4   Section        0  stm32f4xx_hal_dma.o(i.HAL_DMA_Start_IT)
    i.HAL_Delay                              0x08001954   Section        0  stm32f4xx_hal.o(i.HAL_Delay)
    i.HAL_GPIO_EXTI_Callback                 0x08001978   Section        0  gpionvic.o(i.HAL_GPIO_EXTI_Callback)
    i.HAL_GPIO_EXTI_IRQHandler               0x080019b0   Section        0  stm32f4xx_hal_gpio.o(i.HAL_GPIO_EXTI_IRQHandler)
    i.HAL_GPIO_Init                          0x080019c8   Section        0  stm32f4xx_hal_gpio.o(i.HAL_GPIO_Init)
    i.HAL_GPIO_WritePin                      0x08001b80   Section        0  stm32f4xx_hal_gpio.o(i.HAL_GPIO_WritePin)
    i.HAL_GetTick                            0x08001b8c   Section        0  stm32f4xx_hal.o(i.HAL_GetTick)
    i.HAL_IncTick                            0x08001b98   Section        0  stm32f4xx_hal.o(i.HAL_IncTick)
    i.HAL_Init                               0x08001ba8   Section        0  stm32f4xx_hal.o(i.HAL_Init)
    i.HAL_InitTick                           0x08001bdc   Section        0  stm32f4xx_hal.o(i.HAL_InitTick)
    i.HAL_MspInit                            0x08001c1c   Section        0  stm32f4xx_hal_msp.o(i.HAL_MspInit)
    i.HAL_NVIC_EnableIRQ                     0x08001c4c   Section        0  stm32f4xx_hal_cortex.o(i.HAL_NVIC_EnableIRQ)
    i.HAL_NVIC_SetPriority                   0x08001c68   Section        0  stm32f4xx_hal_cortex.o(i.HAL_NVIC_SetPriority)
    i.HAL_NVIC_SetPriorityGrouping           0x08001ca8   Section        0  stm32f4xx_hal_cortex.o(i.HAL_NVIC_SetPriorityGrouping)
    i.HAL_RCC_ClockConfig                    0x08001ccc   Section        0  stm32f4xx_hal_rcc.o(i.HAL_RCC_ClockConfig)
    i.HAL_RCC_GetSysClockFreq                0x08001e00   Section        0  stm32f4xx_hal_rcc.o(i.HAL_RCC_GetSysClockFreq)
    i.HAL_RCC_OscConfig                      0x08001e60   Section        0  stm32f4xx_hal_rcc.o(i.HAL_RCC_OscConfig)
    i.HAL_SYSTICK_Config                     0x080021bc   Section        0  stm32f4xx_hal_cortex.o(i.HAL_SYSTICK_Config)
    i.HAL_TIMEx_BreakCallback                0x080021e4   Section        0  stm32f4xx_hal_tim_ex.o(i.HAL_TIMEx_BreakCallback)
    i.HAL_TIMEx_CommutCallback               0x080021e6   Section        0  stm32f4xx_hal_tim_ex.o(i.HAL_TIMEx_CommutCallback)
    i.HAL_TIMEx_ConfigBreakDeadTime          0x080021e8   Section        0  stm32f4xx_hal_tim_ex.o(i.HAL_TIMEx_ConfigBreakDeadTime)
    i.HAL_TIMEx_MasterConfigSynchronization  0x0800223c   Section        0  stm32f4xx_hal_tim_ex.o(i.HAL_TIMEx_MasterConfigSynchronization)
    i.HAL_TIMEx_PWMN_Start                   0x080022cc   Section        0  stm32f4xx_hal_tim_ex.o(i.HAL_TIMEx_PWMN_Start)
    i.HAL_TIM_Base_Init                      0x080022fa   Section        0  stm32f4xx_hal_tim.o(i.HAL_TIM_Base_Init)
    i.HAL_TIM_Base_MspInit                   0x08002330   Section        0  tim.o(i.HAL_TIM_Base_MspInit)
    i.HAL_TIM_Base_Start_IT                  0x0800236c   Section        0  stm32f4xx_hal_tim.o(i.HAL_TIM_Base_Start_IT)
    i.HAL_TIM_ConfigClockSource              0x0800238e   Section        0  stm32f4xx_hal_tim.o(i.HAL_TIM_ConfigClockSource)
    i.HAL_TIM_Encoder_Init                   0x08002464   Section        0  stm32f4xx_hal_tim.o(i.HAL_TIM_Encoder_Init)
    i.HAL_TIM_Encoder_MspInit                0x080024fc   Section        0  tim.o(i.HAL_TIM_Encoder_MspInit)
    i.HAL_TIM_Encoder_Start                  0x08002560   Section        0  stm32f4xx_hal_tim.o(i.HAL_TIM_Encoder_Start)
    i.HAL_TIM_IC_CaptureCallback             0x08002594   Section        0  stm32f4xx_hal_tim.o(i.HAL_TIM_IC_CaptureCallback)
    i.HAL_TIM_IRQHandler                     0x08002596   Section        0  stm32f4xx_hal_tim.o(i.HAL_TIM_IRQHandler)
    i.HAL_TIM_MspPostInit                    0x080026fc   Section        0  tim.o(i.HAL_TIM_MspPostInit)
    i.HAL_TIM_OC_DelayElapsedCallback        0x0800277c   Section        0  stm32f4xx_hal_tim.o(i.HAL_TIM_OC_DelayElapsedCallback)
    i.HAL_TIM_PWM_ConfigChannel              0x0800277e   Section        0  stm32f4xx_hal_tim.o(i.HAL_TIM_PWM_ConfigChannel)
    i.HAL_TIM_PWM_Init                       0x0800284e   Section        0  stm32f4xx_hal_tim.o(i.HAL_TIM_PWM_Init)
    i.HAL_TIM_PWM_MspInit                    0x08002884   Section        0  stm32f4xx_hal_tim.o(i.HAL_TIM_PWM_MspInit)
    i.HAL_TIM_PWM_PulseFinishedCallback      0x08002886   Section        0  stm32f4xx_hal_tim.o(i.HAL_TIM_PWM_PulseFinishedCallback)
    i.HAL_TIM_PWM_Start                      0x08002888   Section        0  stm32f4xx_hal_tim.o(i.HAL_TIM_PWM_Start)
    i.HAL_TIM_PWM_Start_IT                   0x080028cc   Section        0  stm32f4xx_hal_tim.o(i.HAL_TIM_PWM_Start_IT)
    i.HAL_TIM_PeriodElapsedCallback          0x08002940   Section        0  stm32f4xx_hal_tim.o(i.HAL_TIM_PeriodElapsedCallback)
    i.HAL_TIM_TriggerCallback                0x08002942   Section        0  stm32f4xx_hal_tim.o(i.HAL_TIM_TriggerCallback)
    i.HardFault_Handler                      0x08002944   Section        0  stm32f4xx_it.o(i.HardFault_Handler)
    i.MCUDriverMain_Init                     0x08002946   Section        0  mcudrivermain.o(i.MCUDriverMain_Init)
    i.MCUDriverMain_Loop                     0x08002954   Section        0  mcudrivermain.o(i.MCUDriverMain_Loop)
    i.MX_ADC1_Init                           0x08002958   Section        0  adc.o(i.MX_ADC1_Init)
    i.MX_DMA_Init                            0x080029d4   Section        0  dma.o(i.MX_DMA_Init)
    i.MX_GPIO_Init                           0x08002a00   Section        0  gpio.o(i.MX_GPIO_Init)
    i.MX_TIM1_Init                           0x08002aa8   Section        0  tim.o(i.MX_TIM1_Init)
    i.MX_TIM3_Init                           0x08002bb0   Section        0  tim.o(i.MX_TIM3_Init)
    i.MemManage_Handler                      0x08002c1c   Section        0  stm32f4xx_it.o(i.MemManage_Handler)
    i.Motor1AngleCalibration                 0x08002c20   Section        0  anglecalibrationfunc.o(i.Motor1AngleCalibration)
    i.MotorFocControl                        0x08002cac   Section        0  focconfig.o(i.MotorFocControl)
    i.MotorSvpwmGenerate                     0x08002cb8   Section        0  svpwmconfig.o(i.MotorSvpwmGenerate)
    i.NMI_Handler                            0x08002cc4   Section        0  stm32f4xx_it.o(i.NMI_Handler)
    i.PendSV_Handler                         0x08002cc6   Section        0  stm32f4xx_it.o(i.PendSV_Handler)
    i.PerDriverMain_Init                     0x08002cc8   Section        0  perdrivermain.o(i.PerDriverMain_Init)
    i.PerDriverMain_Loop                     0x08002ccc   Section        0  perdrivermain.o(i.PerDriverMain_Loop)
    i.SEGGER_RTT_Write                       0x08002d74   Section        0  segger_rtt.o(i.SEGGER_RTT_Write)
    i.SVC_Handler                            0x08002e08   Section        0  stm32f4xx_it.o(i.SVC_Handler)
    i.SetCurrentPIDParams                    0x08002e0a   Section        0  foc.o(i.SetCurrentPIDParams)
    i.SetCurrentPIDTar                       0x08002e22   Section        0  foc.o(i.SetCurrentPIDTar)
    i.SetFocEnable                           0x08002e2c   Section        0  foc.o(i.SetFocEnable)
    i.SetMotorEnable                         0x08002e38   Section        0  motorgpio.o(i.SetMotorEnable)
    i.SetTIM1Channel1HighLeaveTime_us        0x08002e48   Section        0  tim1pwm.o(i.SetTIM1Channel1HighLeaveTime_us)
    i.SetTIM1Channel2HighLeaveTime_us        0x08002e94   Section        0  tim1pwm.o(i.SetTIM1Channel2HighLeaveTime_us)
    i.SetTIM1Channel3HighLeaveTime_us        0x08002ee0   Section        0  tim1pwm.o(i.SetTIM1Channel3HighLeaveTime_us)
    i.SetTIM1Channel4HighLeaveTime_us        0x08002f2c   Section        0  tim1pwm.o(i.SetTIM1Channel4HighLeaveTime_us)
    i.SetTarIDIQ                             0x08002f78   Section        0  focconfig.o(i.SetTarIDIQ)
    i.SetTimer3EncoderCnt                    0x08002f84   Section        0  tim3encoder.o(i.SetTimer3EncoderCnt)
    i.SvpwmContorol                          0x08002f90   Section        0  svpwm.o(i.SvpwmContorol)
    i.SvpwmGenerate                          0x08002fac   Section        0  svpwm.o(i.SvpwmGenerate)
    i.SvpwmSectorJudgment                    0x080030a0   Section        0  svpwm.o(i.SvpwmSectorJudgment)
    i.SysTick_Handler                        0x0800313c   Section        0  stm32f4xx_it.o(i.SysTick_Handler)
    i.SystemClock_Config                     0x0800314c   Section        0  main.o(i.SystemClock_Config)
    i.SystemInit                             0x080031d0   Section        0  system_stm32f4xx.o(i.SystemInit)
    i.TIM1_CC_IRQHandler                     0x080031ec   Section        0  stm32f4xx_it.o(i.TIM1_CC_IRQHandler)
    i.TIM1_Init                              0x08003200   Section        0  tim1pwm.o(i.TIM1_Init)
    i.TIM_Base_SetConfig                     0x08003274   Section        0  stm32f4xx_hal_tim.o(i.TIM_Base_SetConfig)
    i.TIM_CCxChannelCmd                      0x0800333c   Section        0  stm32f4xx_hal_tim.o(i.TIM_CCxChannelCmd)
    i.TIM_CCxNChannelCmd                     0x08003356   Section        0  stm32f4xx_hal_tim_ex.o(i.TIM_CCxNChannelCmd)
    TIM_CCxNChannelCmd                       0x08003357   Thumb Code    26  stm32f4xx_hal_tim_ex.o(i.TIM_CCxNChannelCmd)
    i.TIM_ETR_SetConfig                      0x08003370   Section        0  stm32f4xx_hal_tim.o(i.TIM_ETR_SetConfig)
    i.TIM_ITRx_SetConfig                     0x08003384   Section        0  stm32f4xx_hal_tim.o(i.TIM_ITRx_SetConfig)
    TIM_ITRx_SetConfig                       0x08003385   Thumb Code    16  stm32f4xx_hal_tim.o(i.TIM_ITRx_SetConfig)
    i.TIM_OC1_SetConfig                      0x08003394   Section        0  stm32f4xx_hal_tim.o(i.TIM_OC1_SetConfig)
    TIM_OC1_SetConfig                        0x08003395   Thumb Code    88  stm32f4xx_hal_tim.o(i.TIM_OC1_SetConfig)
    i.TIM_OC2_SetConfig                      0x080033f4   Section        0  stm32f4xx_hal_tim.o(i.TIM_OC2_SetConfig)
    i.TIM_OC3_SetConfig                      0x08003460   Section        0  stm32f4xx_hal_tim.o(i.TIM_OC3_SetConfig)
    TIM_OC3_SetConfig                        0x08003461   Thumb Code    96  stm32f4xx_hal_tim.o(i.TIM_OC3_SetConfig)
    i.TIM_OC4_SetConfig                      0x080034c8   Section        0  stm32f4xx_hal_tim.o(i.TIM_OC4_SetConfig)
    TIM_OC4_SetConfig                        0x080034c9   Thumb Code    70  stm32f4xx_hal_tim.o(i.TIM_OC4_SetConfig)
    i.TIM_TI1_ConfigInputStage               0x08003518   Section        0  stm32f4xx_hal_tim.o(i.TIM_TI1_ConfigInputStage)
    TIM_TI1_ConfigInputStage                 0x08003519   Thumb Code    34  stm32f4xx_hal_tim.o(i.TIM_TI1_ConfigInputStage)
    i.TIM_TI2_ConfigInputStage               0x0800353a   Section        0  stm32f4xx_hal_tim.o(i.TIM_TI2_ConfigInputStage)
    TIM_TI2_ConfigInputStage                 0x0800353b   Thumb Code    36  stm32f4xx_hal_tim.o(i.TIM_TI2_ConfigInputStage)
    i.Timer1ITEnable                         0x08003560   Section        0  tim1pwm.o(i.Timer1ITEnable)
    i.TimerEncoderInit                       0x08003578   Section        0  tim3encoder.o(i.TimerEncoderInit)
    i.TimerEncoderReset                      0x080035a8   Section        0  tim3encoder.o(i.TimerEncoderReset)
    i.UsageFault_Handler                     0x080035d0   Section        0  stm32f4xx_it.o(i.UsageFault_Handler)
    i.__0printf                              0x080035d4   Section        0  printfa.o(i.__0printf)
    i.__NVIC_SetPriority                     0x080035f4   Section        0  stm32f4xx_hal_cortex.o(i.__NVIC_SetPriority)
    __NVIC_SetPriority                       0x080035f5   Thumb Code    32  stm32f4xx_hal_cortex.o(i.__NVIC_SetPriority)
    i.__scatterload_copy                     0x08003614   Section       14  handlers.o(i.__scatterload_copy)
    i.__scatterload_null                     0x08003622   Section        2  handlers.o(i.__scatterload_null)
    i.__scatterload_zeroinit                 0x08003624   Section       14  handlers.o(i.__scatterload_zeroinit)
    i._fp_digits                             0x08003634   Section        0  printfa.o(i._fp_digits)
    _fp_digits                               0x08003635   Thumb Code   366  printfa.o(i._fp_digits)
    i._printf_core                           0x080037b8   Section        0  printfa.o(i._printf_core)
    _printf_core                             0x080037b9   Thumb Code  1704  printfa.o(i._printf_core)
    i._printf_post_padding                   0x08003e6c   Section        0  printfa.o(i._printf_post_padding)
    _printf_post_padding                     0x08003e6d   Thumb Code    36  printfa.o(i._printf_post_padding)
    i._printf_pre_padding                    0x08003e90   Section        0  printfa.o(i._printf_pre_padding)
    _printf_pre_padding                      0x08003e91   Thumb Code    46  printfa.o(i._printf_pre_padding)
    i.fputc                                  0x08003ebe   Section        0  segger_rtt.o(i.fputc)
    i.main                                   0x08003ed4   Section        0  main.o(i.main)
    i.rt_hw_us_delay                         0x08003efc   Section        0  timer.o(i.rt_hw_us_delay)
    .constdata                               0x08003f30   Section        8  stm32f4xx_hal_dma.o(.constdata)
    flagBitshiftOffset                       0x08003f30   Data           8  stm32f4xx_hal_dma.o(.constdata)
    .constdata                               0x08003f38   Section       16  system_stm32f4xx.o(.constdata)
    .constdata                               0x08003f48   Section     2052  arm_common_tables.o(.constdata)
    .conststring                             0x0800474c   Section        9  segger_rtt.o(.conststring)
    .data                                    0x20000000   Section       12  stm32f4xx_hal.o(.data)
    .data                                    0x2000000c   Section        4  system_stm32f4xx.o(.data)
    .data                                    0x20000010   Section        8  tim3encoder.o(.data)
    .data                                    0x20000018   Section        4  timer.o(.data)
    .data                                    0x2000001c   Section        8  gpionvic.o(.data)
    .data                                    0x20000024   Section        8  perdrivermain.o(.data)
    last_exec_ms                             0x20000028   Data           4  perdrivermain.o(.data)
    .data                                    0x2000002c   Section       92  svpwmconfig.o(.data)
    angle                                    0x2000002c   Data           4  svpwmconfig.o(.data)
    angle                                    0x20000030   Data           4  svpwmconfig.o(.data)
    .data                                    0x20000088   Section      156  focconfig.o(.data)
    .data                                    0x20000124   Section      120  segger_rtt.o(.data)
    _SEGGER_RTT                              0x20000124   Data         120  segger_rtt.o(.data)
    .data                                    0x2000019c   Section        4  stdout.o(.data)
    .bss                                     0x200001a0   Section      168  adc.o(.bss)
    .bss                                     0x20000248   Section      128  tim.o(.bss)
    .bss                                     0x200002c8   Section       24  adc1.o(.bss)
    .bss                                     0x200002e0   Section     1024  segger_rtt.o(.bss)
    _acUpBuffer                              0x200002e0   Data        1024  segger_rtt.o(.bss)
    .bss                                     0x200006e0   Section       16  segger_rtt.o(.bss)
    _acDownBuffer                            0x200006e0   Data          16  segger_rtt.o(.bss)
    STACK                                    0x200006f0   Section     1024  startup_stm32f405xx.o(STACK)

    Global Symbols

    Symbol Name                              Value     Ov Type        Size  Object(Section)

    BuildAttributes$$THM_ISAv4$E$P$D$K$B$S$7EM$VFPi3$EXTD16$VFPS$VFMA$PE$A:L22UL41UL21$X:L11$S22US41US21$IEEE1$IW$USESV6$~STKCKD$USESV7$~SHL$OTIME$ROPI$IEEEX$EBA8$MICROLIB$REQ8$PRES8$EABIv2 0x00000000   Number         0  anon$$obj.o ABSOLUTE
    __ARM_use_no_argv                        0x00000000   Number         0  main.o ABSOLUTE
    _printf_a                                0x00000000   Number         0  stubs.o ABSOLUTE
    _printf_c                                0x00000000   Number         0  stubs.o ABSOLUTE
    _printf_charcount                        0x00000000   Number         0  stubs.o ABSOLUTE
    _printf_d                                0x00000000   Number         0  stubs.o ABSOLUTE
    _printf_e                                0x00000000   Number         0  stubs.o ABSOLUTE
    _printf_f                                0x00000000   Number         0  stubs.o ABSOLUTE
    _printf_flags                            0x00000000   Number         0  stubs.o ABSOLUTE
    _printf_fp_dec                           0x00000000   Number         0  stubs.o ABSOLUTE
    _printf_fp_hex                           0x00000000   Number         0  stubs.o ABSOLUTE
    _printf_g                                0x00000000   Number         0  stubs.o ABSOLUTE
    _printf_i                                0x00000000   Number         0  stubs.o ABSOLUTE
    _printf_int_dec                          0x00000000   Number         0  stubs.o ABSOLUTE
    _printf_l                                0x00000000   Number         0  stubs.o ABSOLUTE
    _printf_lc                               0x00000000   Number         0  stubs.o ABSOLUTE
    _printf_ll                               0x00000000   Number         0  stubs.o ABSOLUTE
    _printf_lld                              0x00000000   Number         0  stubs.o ABSOLUTE
    _printf_lli                              0x00000000   Number         0  stubs.o ABSOLUTE
    _printf_llo                              0x00000000   Number         0  stubs.o ABSOLUTE
    _printf_llu                              0x00000000   Number         0  stubs.o ABSOLUTE
    _printf_llx                              0x00000000   Number         0  stubs.o ABSOLUTE
    _printf_longlong_dec                     0x00000000   Number         0  stubs.o ABSOLUTE
    _printf_longlong_hex                     0x00000000   Number         0  stubs.o ABSOLUTE
    _printf_longlong_oct                     0x00000000   Number         0  stubs.o ABSOLUTE
    _printf_ls                               0x00000000   Number         0  stubs.o ABSOLUTE
    _printf_mbtowc                           0x00000000   Number         0  stubs.o ABSOLUTE
    _printf_n                                0x00000000   Number         0  stubs.o ABSOLUTE
    _printf_o                                0x00000000   Number         0  stubs.o ABSOLUTE
    _printf_p                                0x00000000   Number         0  stubs.o ABSOLUTE
    _printf_percent                          0x00000000   Number         0  stubs.o ABSOLUTE
    _printf_pre_padding                      0x00000000   Number         0  stubs.o ABSOLUTE
    _printf_return_value                     0x00000000   Number         0  stubs.o ABSOLUTE
    _printf_s                                0x00000000   Number         0  stubs.o ABSOLUTE
    _printf_sizespec                         0x00000000   Number         0  stubs.o ABSOLUTE
    _printf_str                              0x00000000   Number         0  stubs.o ABSOLUTE
    _printf_truncate_signed                  0x00000000   Number         0  stubs.o ABSOLUTE
    _printf_truncate_unsigned                0x00000000   Number         0  stubs.o ABSOLUTE
    _printf_u                                0x00000000   Number         0  stubs.o ABSOLUTE
    _printf_wc                               0x00000000   Number         0  stubs.o ABSOLUTE
    _printf_wctomb                           0x00000000   Number         0  stubs.o ABSOLUTE
    _printf_widthprec                        0x00000000   Number         0  stubs.o ABSOLUTE
    _printf_x                                0x00000000   Number         0  stubs.o ABSOLUTE
    __arm_fini_                               - Undefined Weak Reference
    __cpp_initialize__aeabi_                  - Undefined Weak Reference
    __cxa_finalize                            - Undefined Weak Reference
    _clock_init                               - Undefined Weak Reference
    _microlib_exit                            - Undefined Weak Reference
    __Vectors_Size                           0x00000188   Number         0  startup_stm32f405xx.o ABSOLUTE
    __Vectors                                0x08000000   Data           4  startup_stm32f405xx.o(RESET)
    __Vectors_End                            0x08000188   Data           0  startup_stm32f405xx.o(RESET)
    __main                                   0x08000189   Thumb Code     0  entry.o(.ARM.Collect$$$$00000000)
    _main_stk                                0x08000189   Thumb Code     0  entry2.o(.ARM.Collect$$$$00000001)
    _main_scatterload                        0x0800018d   Thumb Code     0  entry5.o(.ARM.Collect$$$$00000004)
    __main_after_scatterload                 0x08000191   Thumb Code     0  entry5.o(.ARM.Collect$$$$00000004)
    _main_clock                              0x08000191   Thumb Code     0  entry7b.o(.ARM.Collect$$$$00000008)
    _main_cpp_init                           0x08000191   Thumb Code     0  entry8b.o(.ARM.Collect$$$$0000000A)
    _main_init                               0x08000191   Thumb Code     0  entry9a.o(.ARM.Collect$$$$0000000B)
    __rt_lib_shutdown_fini                   0x08000199   Thumb Code     0  entry12b.o(.ARM.Collect$$$$0000000E)
    __rt_final_cpp                           0x0800019d   Thumb Code     0  entry10a.o(.ARM.Collect$$$$0000000F)
    __rt_final_exit                          0x0800019d   Thumb Code     0  entry11a.o(.ARM.Collect$$$$00000011)
    Reset_Handler                            0x080001a1   Thumb Code     8  startup_stm32f405xx.o(.text)
    ADC_IRQHandler                           0x080001bb   Thumb Code     0  startup_stm32f405xx.o(.text)
    CAN1_RX0_IRQHandler                      0x080001bb   Thumb Code     0  startup_stm32f405xx.o(.text)
    CAN1_RX1_IRQHandler                      0x080001bb   Thumb Code     0  startup_stm32f405xx.o(.text)
    CAN1_SCE_IRQHandler                      0x080001bb   Thumb Code     0  startup_stm32f405xx.o(.text)
    CAN1_TX_IRQHandler                       0x080001bb   Thumb Code     0  startup_stm32f405xx.o(.text)
    CAN2_RX0_IRQHandler                      0x080001bb   Thumb Code     0  startup_stm32f405xx.o(.text)
    CAN2_RX1_IRQHandler                      0x080001bb   Thumb Code     0  startup_stm32f405xx.o(.text)
    CAN2_SCE_IRQHandler                      0x080001bb   Thumb Code     0  startup_stm32f405xx.o(.text)
    CAN2_TX_IRQHandler                       0x080001bb   Thumb Code     0  startup_stm32f405xx.o(.text)
    DMA1_Stream0_IRQHandler                  0x080001bb   Thumb Code     0  startup_stm32f405xx.o(.text)
    DMA1_Stream1_IRQHandler                  0x080001bb   Thumb Code     0  startup_stm32f405xx.o(.text)
    DMA1_Stream2_IRQHandler                  0x080001bb   Thumb Code     0  startup_stm32f405xx.o(.text)
    DMA1_Stream3_IRQHandler                  0x080001bb   Thumb Code     0  startup_stm32f405xx.o(.text)
    DMA1_Stream4_IRQHandler                  0x080001bb   Thumb Code     0  startup_stm32f405xx.o(.text)
    DMA1_Stream5_IRQHandler                  0x080001bb   Thumb Code     0  startup_stm32f405xx.o(.text)
    DMA1_Stream6_IRQHandler                  0x080001bb   Thumb Code     0  startup_stm32f405xx.o(.text)
    DMA1_Stream7_IRQHandler                  0x080001bb   Thumb Code     0  startup_stm32f405xx.o(.text)
    DMA2_Stream1_IRQHandler                  0x080001bb   Thumb Code     0  startup_stm32f405xx.o(.text)
    DMA2_Stream2_IRQHandler                  0x080001bb   Thumb Code     0  startup_stm32f405xx.o(.text)
    DMA2_Stream3_IRQHandler                  0x080001bb   Thumb Code     0  startup_stm32f405xx.o(.text)
    DMA2_Stream4_IRQHandler                  0x080001bb   Thumb Code     0  startup_stm32f405xx.o(.text)
    DMA2_Stream5_IRQHandler                  0x080001bb   Thumb Code     0  startup_stm32f405xx.o(.text)
    DMA2_Stream6_IRQHandler                  0x080001bb   Thumb Code     0  startup_stm32f405xx.o(.text)
    DMA2_Stream7_IRQHandler                  0x080001bb   Thumb Code     0  startup_stm32f405xx.o(.text)
    EXTI0_IRQHandler                         0x080001bb   Thumb Code     0  startup_stm32f405xx.o(.text)
    EXTI15_10_IRQHandler                     0x080001bb   Thumb Code     0  startup_stm32f405xx.o(.text)
    EXTI1_IRQHandler                         0x080001bb   Thumb Code     0  startup_stm32f405xx.o(.text)
    EXTI2_IRQHandler                         0x080001bb   Thumb Code     0  startup_stm32f405xx.o(.text)
    EXTI3_IRQHandler                         0x080001bb   Thumb Code     0  startup_stm32f405xx.o(.text)
    EXTI4_IRQHandler                         0x080001bb   Thumb Code     0  startup_stm32f405xx.o(.text)
    FLASH_IRQHandler                         0x080001bb   Thumb Code     0  startup_stm32f405xx.o(.text)
    FMC_IRQHandler                           0x080001bb   Thumb Code     0  startup_stm32f405xx.o(.text)
    FPU_IRQHandler                           0x080001bb   Thumb Code     0  startup_stm32f405xx.o(.text)
    HASH_RNG_IRQHandler                      0x080001bb   Thumb Code     0  startup_stm32f405xx.o(.text)
    I2C1_ER_IRQHandler                       0x080001bb   Thumb Code     0  startup_stm32f405xx.o(.text)
    I2C1_EV_IRQHandler                       0x080001bb   Thumb Code     0  startup_stm32f405xx.o(.text)
    I2C2_ER_IRQHandler                       0x080001bb   Thumb Code     0  startup_stm32f405xx.o(.text)
    I2C2_EV_IRQHandler                       0x080001bb   Thumb Code     0  startup_stm32f405xx.o(.text)
    I2C3_ER_IRQHandler                       0x080001bb   Thumb Code     0  startup_stm32f405xx.o(.text)
    I2C3_EV_IRQHandler                       0x080001bb   Thumb Code     0  startup_stm32f405xx.o(.text)
    OTG_FS_IRQHandler                        0x080001bb   Thumb Code     0  startup_stm32f405xx.o(.text)
    OTG_FS_WKUP_IRQHandler                   0x080001bb   Thumb Code     0  startup_stm32f405xx.o(.text)
    OTG_HS_EP1_IN_IRQHandler                 0x080001bb   Thumb Code     0  startup_stm32f405xx.o(.text)
    OTG_HS_EP1_OUT_IRQHandler                0x080001bb   Thumb Code     0  startup_stm32f405xx.o(.text)
    OTG_HS_IRQHandler                        0x080001bb   Thumb Code     0  startup_stm32f405xx.o(.text)
    OTG_HS_WKUP_IRQHandler                   0x080001bb   Thumb Code     0  startup_stm32f405xx.o(.text)
    PVD_IRQHandler                           0x080001bb   Thumb Code     0  startup_stm32f405xx.o(.text)
    RCC_IRQHandler                           0x080001bb   Thumb Code     0  startup_stm32f405xx.o(.text)
    RTC_Alarm_IRQHandler                     0x080001bb   Thumb Code     0  startup_stm32f405xx.o(.text)
    RTC_WKUP_IRQHandler                      0x080001bb   Thumb Code     0  startup_stm32f405xx.o(.text)
    SDIO_IRQHandler                          0x080001bb   Thumb Code     0  startup_stm32f405xx.o(.text)
    SPI1_IRQHandler                          0x080001bb   Thumb Code     0  startup_stm32f405xx.o(.text)
    SPI2_IRQHandler                          0x080001bb   Thumb Code     0  startup_stm32f405xx.o(.text)
    SPI3_IRQHandler                          0x080001bb   Thumb Code     0  startup_stm32f405xx.o(.text)
    TAMP_STAMP_IRQHandler                    0x080001bb   Thumb Code     0  startup_stm32f405xx.o(.text)
    TIM1_BRK_TIM9_IRQHandler                 0x080001bb   Thumb Code     0  startup_stm32f405xx.o(.text)
    TIM1_TRG_COM_TIM11_IRQHandler            0x080001bb   Thumb Code     0  startup_stm32f405xx.o(.text)
    TIM1_UP_TIM10_IRQHandler                 0x080001bb   Thumb Code     0  startup_stm32f405xx.o(.text)
    TIM2_IRQHandler                          0x080001bb   Thumb Code     0  startup_stm32f405xx.o(.text)
    TIM3_IRQHandler                          0x080001bb   Thumb Code     0  startup_stm32f405xx.o(.text)
    TIM4_IRQHandler                          0x080001bb   Thumb Code     0  startup_stm32f405xx.o(.text)
    TIM5_IRQHandler                          0x080001bb   Thumb Code     0  startup_stm32f405xx.o(.text)
    TIM6_DAC_IRQHandler                      0x080001bb   Thumb Code     0  startup_stm32f405xx.o(.text)
    TIM7_IRQHandler                          0x080001bb   Thumb Code     0  startup_stm32f405xx.o(.text)
    TIM8_BRK_TIM12_IRQHandler                0x080001bb   Thumb Code     0  startup_stm32f405xx.o(.text)
    TIM8_CC_IRQHandler                       0x080001bb   Thumb Code     0  startup_stm32f405xx.o(.text)
    TIM8_TRG_COM_TIM14_IRQHandler            0x080001bb   Thumb Code     0  startup_stm32f405xx.o(.text)
    TIM8_UP_TIM13_IRQHandler                 0x080001bb   Thumb Code     0  startup_stm32f405xx.o(.text)
    UART4_IRQHandler                         0x080001bb   Thumb Code     0  startup_stm32f405xx.o(.text)
    UART5_IRQHandler                         0x080001bb   Thumb Code     0  startup_stm32f405xx.o(.text)
    USART1_IRQHandler                        0x080001bb   Thumb Code     0  startup_stm32f405xx.o(.text)
    USART2_IRQHandler                        0x080001bb   Thumb Code     0  startup_stm32f405xx.o(.text)
    USART3_IRQHandler                        0x080001bb   Thumb Code     0  startup_stm32f405xx.o(.text)
    USART6_IRQHandler                        0x080001bb   Thumb Code     0  startup_stm32f405xx.o(.text)
    WWDG_IRQHandler                          0x080001bb   Thumb Code     0  startup_stm32f405xx.o(.text)
    arm_cos_f32                              0x080001c5   Thumb Code   108  arm_cos_f32.o(.text)
    arm_sin_f32                              0x0800023d   Thumb Code   130  arm_sin_f32.o(.text)
    __aeabi_uldivmod                         0x080002d1   Thumb Code    98  uldiv.o(.text)
    __aeabi_memcpy                           0x08000333   Thumb Code    36  memcpya.o(.text)
    __aeabi_memcpy4                          0x08000333   Thumb Code     0  memcpya.o(.text)
    __aeabi_memcpy8                          0x08000333   Thumb Code     0  memcpya.o(.text)
    __aeabi_memset                           0x08000357   Thumb Code    14  memseta.o(.text)
    __aeabi_memset4                          0x08000357   Thumb Code     0  memseta.o(.text)
    __aeabi_memset8                          0x08000357   Thumb Code     0  memseta.o(.text)
    __aeabi_memclr                           0x08000365   Thumb Code     4  memseta.o(.text)
    __aeabi_memclr4                          0x08000365   Thumb Code     0  memseta.o(.text)
    __aeabi_memclr8                          0x08000365   Thumb Code     0  memseta.o(.text)
    _memset$wrapper                          0x08000369   Thumb Code    18  memseta.o(.text)
    __aeabi_dadd                             0x0800037b   Thumb Code   322  dadd.o(.text)
    __aeabi_dsub                             0x080004bd   Thumb Code     6  dadd.o(.text)
    __aeabi_drsub                            0x080004c3   Thumb Code     6  dadd.o(.text)
    __aeabi_f2d                              0x080004c9   Thumb Code    38  f2d.o(.text)
    __aeabi_cdcmpeq                          0x080004f1   Thumb Code     0  cdcmple.o(.text)
    __aeabi_cdcmple                          0x080004f1   Thumb Code    48  cdcmple.o(.text)
    __aeabi_d2f                              0x08000521   Thumb Code    56  d2f.o(.text)
    __aeabi_uidiv                            0x08000559   Thumb Code     0  uidiv.o(.text)
    __aeabi_uidivmod                         0x08000559   Thumb Code    44  uidiv.o(.text)
    __aeabi_llsl                             0x08000585   Thumb Code    30  llshl.o(.text)
    _ll_shift_l                              0x08000585   Thumb Code     0  llshl.o(.text)
    __aeabi_llsr                             0x080005a3   Thumb Code    32  llushr.o(.text)
    _ll_ushift_r                             0x080005a3   Thumb Code     0  llushr.o(.text)
    __aeabi_lasr                             0x080005c3   Thumb Code    36  llsshr.o(.text)
    _ll_sshift_r                             0x080005c3   Thumb Code     0  llsshr.o(.text)
    __I$use$fp                               0x080005e7   Thumb Code     0  iusefp.o(.text)
    _float_round                             0x080005e7   Thumb Code    18  fepilogue.o(.text)
    _float_epilogue                          0x080005f9   Thumb Code    92  fepilogue.o(.text)
    _double_round                            0x08000655   Thumb Code    30  depilogue.o(.text)
    _double_epilogue                         0x08000673   Thumb Code   156  depilogue.o(.text)
    __aeabi_dmul                             0x0800070f   Thumb Code   228  dmul.o(.text)
    __aeabi_ddiv                             0x080007f3   Thumb Code   222  ddiv.o(.text)
    __aeabi_d2ulz                            0x080008d1   Thumb Code    48  dfixul.o(.text)
    __aeabi_cdrcmple                         0x08000901   Thumb Code    48  cdrcmple.o(.text)
    __scatterload                            0x08000931   Thumb Code    28  init.o(.text)
    __scatterload_rt2                        0x08000931   Thumb Code     0  init.o(.text)
    __decompress                             0x08000955   Thumb Code     0  __dczerorl2.o(.text)
    __decompress1                            0x08000955   Thumb Code    86  __dczerorl2.o(.text)
    ADCDMAIRQHandler                         0x080009ad   Thumb Code    60  adc1.o(i.ADCDMAIRQHandler)
    ADCDMAStart                              0x080009ed   Thumb Code    10  adc1.o(i.ADCDMAStart)
    APPMain_Init                             0x08000bb9   Thumb Code    18  appmain.o(i.APPMain_Init)
    APPMain_Loop                             0x08000bcb   Thumb Code    18  appmain.o(i.APPMain_Loop)
    AngleCalibrationFunc_Init                0x08000bdd   Thumb Code     4  anglecalibrationfunc.o(i.AngleCalibrationFunc_Init)
    BusFault_Handler                         0x08000be1   Thumb Code     2  stm32f4xx_it.o(i.BusFault_Handler)
    DMA2_Stream0_IRQHandler                  0x08000d7d   Thumb Code    20  stm32f4xx_it.o(i.DMA2_Stream0_IRQHandler)
    DebugMon_Handler                         0x08000e39   Thumb Code     2  stm32f4xx_it.o(i.DebugMon_Handler)
    EXTI9_5_IRQHandler                       0x08000e3b   Thumb Code     8  stm32f4xx_it.o(i.EXTI9_5_IRQHandler)
    Error_Handler                            0x08000e43   Thumb Code     2  main.o(i.Error_Handler)
    FOCConfigPrintf                          0x08000e45   Thumb Code     6  focconfig.o(i.FOCConfigPrintf)
    FOCConfig_Init                           0x08000e51   Thumb Code    62  focconfig.o(i.FOCConfig_Init)
    FOCPrintf                                0x08000ea5   Thumb Code   150  foc.o(i.FOCPrintf)
    FocContorl                               0x08000f75   Thumb Code   260  foc.o(i.FocContorl)
    FunctionMain_Init                        0x08001081   Thumb Code    14  functionmain.o(i.FunctionMain_Init)
    FunctionMain_Loop                        0x0800108f   Thumb Code     2  functionmain.o(i.FunctionMain_Loop)
    GPIONVIC_Init                            0x08001091   Thumb Code    10  gpionvic.o(i.GPIONVIC_Init)
    GetADC1ChannelXValue                     0x080010a1   Thumb Code    46  adc1.o(i.GetADC1ChannelXValue)
    GetMotorPreCurrent                       0x080010d5   Thumb Code    62  focconfig.o(i.GetMotorPreCurrent)
    GetMotorSVPWMSector                      0x08001115   Thumb Code     6  svpwmconfig.o(i.GetMotorSVPWMSector)
    GetSVPWMSector                           0x08001121   Thumb Code     6  svpwm.o(i.GetSVPWMSector)
    GetTimer3EncoderAngle                    0x08001129   Thumb Code    56  tim3encoder.o(i.GetTimer3EncoderAngle)
    GetTimer3EncoderCnt                      0x0800116d   Thumb Code    56  tim3encoder.o(i.GetTimer3EncoderCnt)
    GetVectorDuration                        0x080011ad   Thumb Code   332  svpwm.o(i.GetVectorDuration)
    HAL_ADC_ConfigChannel                    0x08001301   Thumb Code   316  stm32f4xx_hal_adc.o(i.HAL_ADC_ConfigChannel)
    HAL_ADC_ConvCpltCallback                 0x0800144d   Thumb Code     2  stm32f4xx_hal_adc.o(i.HAL_ADC_ConvCpltCallback)
    HAL_ADC_ConvHalfCpltCallback             0x0800144f   Thumb Code     2  stm32f4xx_hal_adc.o(i.HAL_ADC_ConvHalfCpltCallback)
    HAL_ADC_ErrorCallback                    0x08001451   Thumb Code     2  stm32f4xx_hal_adc.o(i.HAL_ADC_ErrorCallback)
    HAL_ADC_Init                             0x08001453   Thumb Code    84  stm32f4xx_hal_adc.o(i.HAL_ADC_Init)
    HAL_ADC_MspInit                          0x080014a9   Thumb Code   132  adc.o(i.HAL_ADC_MspInit)
    HAL_ADC_Start_DMA                        0x08001541   Thumb Code   268  stm32f4xx_hal_adc.o(i.HAL_ADC_Start_DMA)
    HAL_DMA_IRQHandler                       0x08001671   Thumb Code   412  stm32f4xx_hal_dma.o(i.HAL_DMA_IRQHandler)
    HAL_DMA_Init                             0x08001811   Thumb Code   206  stm32f4xx_hal_dma.o(i.HAL_DMA_Init)
    HAL_DMA_Start_IT                         0x080018e5   Thumb Code   110  stm32f4xx_hal_dma.o(i.HAL_DMA_Start_IT)
    HAL_Delay                                0x08001955   Thumb Code    32  stm32f4xx_hal.o(i.HAL_Delay)
    HAL_GPIO_EXTI_Callback                   0x08001979   Thumb Code    44  gpionvic.o(i.HAL_GPIO_EXTI_Callback)
    HAL_GPIO_EXTI_IRQHandler                 0x080019b1   Thumb Code    18  stm32f4xx_hal_gpio.o(i.HAL_GPIO_EXTI_IRQHandler)
    HAL_GPIO_Init                            0x080019c9   Thumb Code   394  stm32f4xx_hal_gpio.o(i.HAL_GPIO_Init)
    HAL_GPIO_WritePin                        0x08001b81   Thumb Code    10  stm32f4xx_hal_gpio.o(i.HAL_GPIO_WritePin)
    HAL_GetTick                              0x08001b8d   Thumb Code     6  stm32f4xx_hal.o(i.HAL_GetTick)
    HAL_IncTick                              0x08001b99   Thumb Code    12  stm32f4xx_hal.o(i.HAL_IncTick)
    HAL_Init                                 0x08001ba9   Thumb Code    48  stm32f4xx_hal.o(i.HAL_Init)
    HAL_InitTick                             0x08001bdd   Thumb Code    54  stm32f4xx_hal.o(i.HAL_InitTick)
    HAL_MspInit                              0x08001c1d   Thumb Code    42  stm32f4xx_hal_msp.o(i.HAL_MspInit)
    HAL_NVIC_EnableIRQ                       0x08001c4d   Thumb Code    26  stm32f4xx_hal_cortex.o(i.HAL_NVIC_EnableIRQ)
    HAL_NVIC_SetPriority                     0x08001c69   Thumb Code    60  stm32f4xx_hal_cortex.o(i.HAL_NVIC_SetPriority)
    HAL_NVIC_SetPriorityGrouping             0x08001ca9   Thumb Code    26  stm32f4xx_hal_cortex.o(i.HAL_NVIC_SetPriorityGrouping)
    HAL_RCC_ClockConfig                      0x08001ccd   Thumb Code   288  stm32f4xx_hal_rcc.o(i.HAL_RCC_ClockConfig)
    HAL_RCC_GetSysClockFreq                  0x08001e01   Thumb Code    88  stm32f4xx_hal_rcc.o(i.HAL_RCC_GetSysClockFreq)
    HAL_RCC_OscConfig                        0x08001e61   Thumb Code   840  stm32f4xx_hal_rcc.o(i.HAL_RCC_OscConfig)
    HAL_SYSTICK_Config                       0x080021bd   Thumb Code    40  stm32f4xx_hal_cortex.o(i.HAL_SYSTICK_Config)
    HAL_TIMEx_BreakCallback                  0x080021e5   Thumb Code     2  stm32f4xx_hal_tim_ex.o(i.HAL_TIMEx_BreakCallback)
    HAL_TIMEx_CommutCallback                 0x080021e7   Thumb Code     2  stm32f4xx_hal_tim_ex.o(i.HAL_TIMEx_CommutCallback)
    HAL_TIMEx_ConfigBreakDeadTime            0x080021e9   Thumb Code    84  stm32f4xx_hal_tim_ex.o(i.HAL_TIMEx_ConfigBreakDeadTime)
    HAL_TIMEx_MasterConfigSynchronization    0x0800223d   Thumb Code   116  stm32f4xx_hal_tim_ex.o(i.HAL_TIMEx_MasterConfigSynchronization)
    HAL_TIMEx_PWMN_Start                     0x080022cd   Thumb Code    46  stm32f4xx_hal_tim_ex.o(i.HAL_TIMEx_PWMN_Start)
    HAL_TIM_Base_Init                        0x080022fb   Thumb Code    54  stm32f4xx_hal_tim.o(i.HAL_TIM_Base_Init)
    HAL_TIM_Base_MspInit                     0x08002331   Thumb Code    50  tim.o(i.HAL_TIM_Base_MspInit)
    HAL_TIM_Base_Start_IT                    0x0800236d   Thumb Code    34  stm32f4xx_hal_tim.o(i.HAL_TIM_Base_Start_IT)
    HAL_TIM_ConfigClockSource                0x0800238f   Thumb Code   214  stm32f4xx_hal_tim.o(i.HAL_TIM_ConfigClockSource)
    HAL_TIM_Encoder_Init                     0x08002465   Thumb Code   152  stm32f4xx_hal_tim.o(i.HAL_TIM_Encoder_Init)
    HAL_TIM_Encoder_MspInit                  0x080024fd   Thumb Code    88  tim.o(i.HAL_TIM_Encoder_MspInit)
    HAL_TIM_Encoder_Start                    0x08002561   Thumb Code    52  stm32f4xx_hal_tim.o(i.HAL_TIM_Encoder_Start)
    HAL_TIM_IC_CaptureCallback               0x08002595   Thumb Code     2  stm32f4xx_hal_tim.o(i.HAL_TIM_IC_CaptureCallback)
    HAL_TIM_IRQHandler                       0x08002597   Thumb Code   358  stm32f4xx_hal_tim.o(i.HAL_TIM_IRQHandler)
    HAL_TIM_MspPostInit                      0x080026fd   Thumb Code   110  tim.o(i.HAL_TIM_MspPostInit)
    HAL_TIM_OC_DelayElapsedCallback          0x0800277d   Thumb Code     2  stm32f4xx_hal_tim.o(i.HAL_TIM_OC_DelayElapsedCallback)
    HAL_TIM_PWM_ConfigChannel                0x0800277f   Thumb Code   208  stm32f4xx_hal_tim.o(i.HAL_TIM_PWM_ConfigChannel)
    HAL_TIM_PWM_Init                         0x0800284f   Thumb Code    54  stm32f4xx_hal_tim.o(i.HAL_TIM_PWM_Init)
    HAL_TIM_PWM_MspInit                      0x08002885   Thumb Code     2  stm32f4xx_hal_tim.o(i.HAL_TIM_PWM_MspInit)
    HAL_TIM_PWM_PulseFinishedCallback        0x08002887   Thumb Code     2  stm32f4xx_hal_tim.o(i.HAL_TIM_PWM_PulseFinishedCallback)
    HAL_TIM_PWM_Start                        0x08002889   Thumb Code    58  stm32f4xx_hal_tim.o(i.HAL_TIM_PWM_Start)
    HAL_TIM_PWM_Start_IT                     0x080028cd   Thumb Code   108  stm32f4xx_hal_tim.o(i.HAL_TIM_PWM_Start_IT)
    HAL_TIM_PeriodElapsedCallback            0x08002941   Thumb Code     2  stm32f4xx_hal_tim.o(i.HAL_TIM_PeriodElapsedCallback)
    HAL_TIM_TriggerCallback                  0x08002943   Thumb Code     2  stm32f4xx_hal_tim.o(i.HAL_TIM_TriggerCallback)
    HardFault_Handler                        0x08002945   Thumb Code     2  stm32f4xx_it.o(i.HardFault_Handler)
    MCUDriverMain_Init                       0x08002947   Thumb Code    14  mcudrivermain.o(i.MCUDriverMain_Init)
    MCUDriverMain_Loop                       0x08002955   Thumb Code     2  mcudrivermain.o(i.MCUDriverMain_Loop)
    MX_ADC1_Init                             0x08002959   Thumb Code   110  adc.o(i.MX_ADC1_Init)
    MX_DMA_Init                              0x080029d5   Thumb Code    40  dma.o(i.MX_DMA_Init)
    MX_GPIO_Init                             0x08002a01   Thumb Code   152  gpio.o(i.MX_GPIO_Init)
    MX_TIM1_Init                             0x08002aa9   Thumb Code   254  tim.o(i.MX_TIM1_Init)
    MX_TIM3_Init                             0x08002bb1   Thumb Code   100  tim.o(i.MX_TIM3_Init)
    MemManage_Handler                        0x08002c1d   Thumb Code     2  stm32f4xx_it.o(i.MemManage_Handler)
    Motor1AngleCalibration                   0x08002c21   Thumb Code   128  anglecalibrationfunc.o(i.Motor1AngleCalibration)
    MotorFocControl                          0x08002cad   Thumb Code     6  focconfig.o(i.MotorFocControl)
    MotorSvpwmGenerate                       0x08002cb9   Thumb Code     6  svpwmconfig.o(i.MotorSvpwmGenerate)
    NMI_Handler                              0x08002cc5   Thumb Code     2  stm32f4xx_it.o(i.NMI_Handler)
    PendSV_Handler                           0x08002cc7   Thumb Code     2  stm32f4xx_it.o(i.PendSV_Handler)
    PerDriverMain_Init                       0x08002cc9   Thumb Code     2  perdrivermain.o(i.PerDriverMain_Init)
    PerDriverMain_Loop                       0x08002ccd   Thumb Code   148  perdrivermain.o(i.PerDriverMain_Loop)
    SEGGER_RTT_Write                         0x08002d75   Thumb Code   142  segger_rtt.o(i.SEGGER_RTT_Write)
    SVC_Handler                              0x08002e09   Thumb Code     2  stm32f4xx_it.o(i.SVC_Handler)
    SetCurrentPIDParams                      0x08002e0b   Thumb Code    24  foc.o(i.SetCurrentPIDParams)
    SetCurrentPIDTar                         0x08002e23   Thumb Code    10  foc.o(i.SetCurrentPIDTar)
    SetFocEnable                             0x08002e2d   Thumb Code    12  foc.o(i.SetFocEnable)
    SetMotorEnable                           0x08002e39   Thumb Code    12  motorgpio.o(i.SetMotorEnable)
    SetTIM1Channel1HighLeaveTime_us          0x08002e49   Thumb Code    54  tim1pwm.o(i.SetTIM1Channel1HighLeaveTime_us)
    SetTIM1Channel2HighLeaveTime_us          0x08002e95   Thumb Code    54  tim1pwm.o(i.SetTIM1Channel2HighLeaveTime_us)
    SetTIM1Channel3HighLeaveTime_us          0x08002ee1   Thumb Code    54  tim1pwm.o(i.SetTIM1Channel3HighLeaveTime_us)
    SetTIM1Channel4HighLeaveTime_us          0x08002f2d   Thumb Code    54  tim1pwm.o(i.SetTIM1Channel4HighLeaveTime_us)
    SetTarIDIQ                               0x08002f79   Thumb Code     6  focconfig.o(i.SetTarIDIQ)
    SetTimer3EncoderCnt                      0x08002f85   Thumb Code     6  tim3encoder.o(i.SetTimer3EncoderCnt)
    SvpwmContorol                            0x08002f91   Thumb Code    28  svpwm.o(i.SvpwmContorol)
    SvpwmGenerate                            0x08002fad   Thumb Code   242  svpwm.o(i.SvpwmGenerate)
    SvpwmSectorJudgment                      0x080030a1   Thumb Code   148  svpwm.o(i.SvpwmSectorJudgment)
    SysTick_Handler                          0x0800313d   Thumb Code    12  stm32f4xx_it.o(i.SysTick_Handler)
    SystemClock_Config                       0x0800314d   Thumb Code   124  main.o(i.SystemClock_Config)
    SystemInit                               0x080031d1   Thumb Code    22  system_stm32f4xx.o(i.SystemInit)
    TIM1_CC_IRQHandler                       0x080031ed   Thumb Code    16  stm32f4xx_it.o(i.TIM1_CC_IRQHandler)
    TIM1_Init                                0x08003201   Thumb Code   106  tim1pwm.o(i.TIM1_Init)
    TIM_Base_SetConfig                       0x08003275   Thumb Code   156  stm32f4xx_hal_tim.o(i.TIM_Base_SetConfig)
    TIM_CCxChannelCmd                        0x0800333d   Thumb Code    26  stm32f4xx_hal_tim.o(i.TIM_CCxChannelCmd)
    TIM_ETR_SetConfig                        0x08003371   Thumb Code    20  stm32f4xx_hal_tim.o(i.TIM_ETR_SetConfig)
    TIM_OC2_SetConfig                        0x080033f5   Thumb Code    98  stm32f4xx_hal_tim.o(i.TIM_OC2_SetConfig)
    Timer1ITEnable                           0x08003561   Thumb Code    20  tim1pwm.o(i.Timer1ITEnable)
    TimerEncoderInit                         0x08003579   Thumb Code    36  tim3encoder.o(i.TimerEncoderInit)
    TimerEncoderReset                        0x080035a9   Thumb Code    26  tim3encoder.o(i.TimerEncoderReset)
    UsageFault_Handler                       0x080035d1   Thumb Code     2  stm32f4xx_it.o(i.UsageFault_Handler)
    __0printf                                0x080035d5   Thumb Code    22  printfa.o(i.__0printf)
    __1printf                                0x080035d5   Thumb Code     0  printfa.o(i.__0printf)
    __2printf                                0x080035d5   Thumb Code     0  printfa.o(i.__0printf)
    __c89printf                              0x080035d5   Thumb Code     0  printfa.o(i.__0printf)
    printf                                   0x080035d5   Thumb Code     0  printfa.o(i.__0printf)
    __scatterload_copy                       0x08003615   Thumb Code    14  handlers.o(i.__scatterload_copy)
    __scatterload_null                       0x08003623   Thumb Code     2  handlers.o(i.__scatterload_null)
    __scatterload_zeroinit                   0x08003625   Thumb Code    14  handlers.o(i.__scatterload_zeroinit)
    fputc                                    0x08003ebf   Thumb Code    22  segger_rtt.o(i.fputc)
    main                                     0x08003ed5   Thumb Code    38  main.o(i.main)
    rt_hw_us_delay                           0x08003efd   Thumb Code    42  timer.o(i.rt_hw_us_delay)
    AHBPrescTable                            0x08003f38   Data          16  system_stm32f4xx.o(.constdata)
    sinTable_f32                             0x08003f48   Data        2052  arm_common_tables.o(.constdata)
    Region$$Table$$Base                      0x08004758   Number         0  anon$$obj.o(Region$$Table)
    Region$$Table$$Limit                     0x08004778   Number         0  anon$$obj.o(Region$$Table)
    uwTickFreq                               0x20000000   Data           1  stm32f4xx_hal.o(.data)
    uwTickPrio                               0x20000004   Data           4  stm32f4xx_hal.o(.data)
    uwTick                                   0x20000008   Data           4  stm32f4xx_hal.o(.data)
    SystemCoreClock                          0x2000000c   Data           4  system_stm32f4xx.o(.data)
    gSTTimerEncoder                          0x20000010   Data           8  tim3encoder.o(.data)
    gMS_TimeCNT                              0x20000018   Data           4  timer.o(.data)
    gEncoderCal                              0x2000001c   Data           8  gpionvic.o(.data)
    speed                                    0x20000024   Data           4  perdrivermain.o(.data)
    motorAngle                               0x20000034   Data           4  svpwmconfig.o(.data)
    gMotor                                   0x20000038   Data          80  svpwmconfig.o(.data)
    gMotorFOC                                0x20000088   Data         156  focconfig.o(.data)
    __stdout                                 0x2000019c   Data           4  stdout.o(.data)
    hadc1                                    0x200001a0   Data          72  adc.o(.bss)
    hdma_adc1                                0x200001e8   Data          96  adc.o(.bss)
    htim1                                    0x20000248   Data          64  tim.o(.bss)
    htim3                                    0x20000288   Data          64  tim.o(.bss)
    gADC1                                    0x200002c8   Data          24  adc1.o(.bss)
    __initial_sp                             0x20000af0   Data           0  startup_stm32f405xx.o(STACK)



==============================================================================

Memory Map of the image

  Image Entry point : 0x08000189

  Load Region LR_IROM1 (Base: 0x08000000, Size: 0x00004918, Max: 0x00100000, ABSOLUTE, COMPRESSED[0x000047dc])

    Execution Region ER_IROM1 (Exec base: 0x08000000, Load base: 0x08000000, Size: 0x00004778, Max: 0x00100000, ABSOLUTE)

    Exec Addr    Load Addr    Size         Type   Attr      Idx    E Section Name        Object

    0x08000000   0x08000000   0x00000188   Data   RO            3    RESET               startup_stm32f405xx.o
    0x08000188   0x08000188   0x00000000   Code   RO         3778  * .ARM.Collect$$$$00000000  mc_w.l(entry.o)
    0x08000188   0x08000188   0x00000004   Code   RO         4060    .ARM.Collect$$$$00000001  mc_w.l(entry2.o)
    0x0800018c   0x0800018c   0x00000004   Code   RO         4063    .ARM.Collect$$$$00000004  mc_w.l(entry5.o)
    0x08000190   0x08000190   0x00000000   Code   RO         4065    .ARM.Collect$$$$00000008  mc_w.l(entry7b.o)
    0x08000190   0x08000190   0x00000000   Code   RO         4067    .ARM.Collect$$$$0000000A  mc_w.l(entry8b.o)
    0x08000190   0x08000190   0x00000008   Code   RO         4068    .ARM.Collect$$$$0000000B  mc_w.l(entry9a.o)
    0x08000198   0x08000198   0x00000004   Code   RO         4075    .ARM.Collect$$$$0000000E  mc_w.l(entry12b.o)
    0x0800019c   0x0800019c   0x00000000   Code   RO         4070    .ARM.Collect$$$$0000000F  mc_w.l(entry10a.o)
    0x0800019c   0x0800019c   0x00000000   Code   RO         4072    .ARM.Collect$$$$00000011  mc_w.l(entry11a.o)
    0x0800019c   0x0800019c   0x00000004   Code   RO         4061    .ARM.Collect$$$$00002712  mc_w.l(entry2.o)
    0x080001a0   0x080001a0   0x00000024   Code   RO            4    .text               startup_stm32f405xx.o
    0x080001c4   0x080001c4   0x00000078   Code   RO         3625    .text               arm_cortexM4lf_math.lib(arm_cos_f32.o)
    0x0800023c   0x0800023c   0x00000094   Code   RO         3675    .text               arm_cortexM4lf_math.lib(arm_sin_f32.o)
    0x080002d0   0x080002d0   0x00000062   Code   RO         3781    .text               mc_w.l(uldiv.o)
    0x08000332   0x08000332   0x00000024   Code   RO         3783    .text               mc_w.l(memcpya.o)
    0x08000356   0x08000356   0x00000024   Code   RO         3785    .text               mc_w.l(memseta.o)
    0x0800037a   0x0800037a   0x0000014e   Code   RO         4050    .text               mf_w.l(dadd.o)
    0x080004c8   0x080004c8   0x00000026   Code   RO         4054    .text               mf_w.l(f2d.o)
    0x080004ee   0x080004ee   0x00000002   PAD
    0x080004f0   0x080004f0   0x00000030   Code   RO         4056    .text               mf_w.l(cdcmple.o)
    0x08000520   0x08000520   0x00000038   Code   RO         4058    .text               mf_w.l(d2f.o)
    0x08000558   0x08000558   0x0000002c   Code   RO         4077    .text               mc_w.l(uidiv.o)
    0x08000584   0x08000584   0x0000001e   Code   RO         4079    .text               mc_w.l(llshl.o)
    0x080005a2   0x080005a2   0x00000020   Code   RO         4081    .text               mc_w.l(llushr.o)
    0x080005c2   0x080005c2   0x00000024   Code   RO         4083    .text               mc_w.l(llsshr.o)
    0x080005e6   0x080005e6   0x00000000   Code   RO         4085    .text               mc_w.l(iusefp.o)
    0x080005e6   0x080005e6   0x0000006e   Code   RO         4086    .text               mf_w.l(fepilogue.o)
    0x08000654   0x08000654   0x000000ba   Code   RO         4088    .text               mf_w.l(depilogue.o)
    0x0800070e   0x0800070e   0x000000e4   Code   RO         4090    .text               mf_w.l(dmul.o)
    0x080007f2   0x080007f2   0x000000de   Code   RO         4092    .text               mf_w.l(ddiv.o)
    0x080008d0   0x080008d0   0x00000030   Code   RO         4094    .text               mf_w.l(dfixul.o)
    0x08000900   0x08000900   0x00000030   Code   RO         4096    .text               mf_w.l(cdrcmple.o)
    0x08000930   0x08000930   0x00000024   Code   RO         4098    .text               mc_w.l(init.o)
    0x08000954   0x08000954   0x00000056   Code   RO         4108    .text               mc_w.l(__dczerorl2.o)
    0x080009aa   0x080009aa   0x00000002   PAD
    0x080009ac   0x080009ac   0x00000040   Code   RO         3180    i.ADCDMAIRQHandler  adc1.o
    0x080009ec   0x080009ec   0x00000014   Code   RO         3181    i.ADCDMAStart       adc1.o
    0x08000a00   0x08000a00   0x0000006e   Code   RO          453    i.ADC_DMAConvCplt   stm32f4xx_hal_adc.o
    0x08000a6e   0x08000a6e   0x00000016   Code   RO          454    i.ADC_DMAError      stm32f4xx_hal_adc.o
    0x08000a84   0x08000a84   0x0000000a   Code   RO          455    i.ADC_DMAHalfConvCplt  stm32f4xx_hal_adc.o
    0x08000a8e   0x08000a8e   0x00000002   PAD
    0x08000a90   0x08000a90   0x00000128   Code   RO          456    i.ADC_Init          stm32f4xx_hal_adc.o
    0x08000bb8   0x08000bb8   0x00000012   Code   RO         2823    i.APPMain_Init      appmain.o
    0x08000bca   0x08000bca   0x00000012   Code   RO         2824    i.APPMain_Loop      appmain.o
    0x08000bdc   0x08000bdc   0x00000004   Code   RO         2880    i.AngleCalibrationFunc_Init  anglecalibrationfunc.o
    0x08000be0   0x08000be0   0x00000002   Code   RO          322    i.BusFault_Handler  stm32f4xx_it.o
    0x08000be2   0x08000be2   0x00000094   Code   RO         3396    i.CurrentPIControlID  foc.o
    0x08000c76   0x08000c76   0x00000096   Code   RO         3397    i.CurrentPIControlIQ  foc.o
    0x08000d0c   0x08000d0c   0x00000070   Code   RO         3398    i.CurrentReconstruction  foc.o
    0x08000d7c   0x08000d7c   0x00000018   Code   RO          323    i.DMA2_Stream0_IRQHandler  stm32f4xx_it.o
    0x08000d94   0x08000d94   0x00000028   Code   RO         1187    i.DMA_CalcBaseAndBitshift  stm32f4xx_hal_dma.o
    0x08000dbc   0x08000dbc   0x00000054   Code   RO         1188    i.DMA_CheckFifoParam  stm32f4xx_hal_dma.o
    0x08000e10   0x08000e10   0x00000028   Code   RO         1189    i.DMA_SetConfig     stm32f4xx_hal_dma.o
    0x08000e38   0x08000e38   0x00000002   Code   RO          324    i.DebugMon_Handler  stm32f4xx_it.o
    0x08000e3a   0x08000e3a   0x00000008   Code   RO          325    i.EXTI9_5_IRQHandler  stm32f4xx_it.o
    0x08000e42   0x08000e42   0x00000002   Code   RO           13    i.Error_Handler     main.o
    0x08000e44   0x08000e44   0x0000000c   Code   RO         3350    i.FOCConfigPrintf   focconfig.o
    0x08000e50   0x08000e50   0x00000054   Code   RO         3351    i.FOCConfig_Init    focconfig.o
    0x08000ea4   0x08000ea4   0x000000d0   Code   RO         3399    i.FOCPrintf         foc.o
    0x08000f74   0x08000f74   0x0000010c   Code   RO         3400    i.FocContorl        foc.o
    0x08001080   0x08001080   0x0000000e   Code   RO         2853    i.FunctionMain_Init  functionmain.o
    0x0800108e   0x0800108e   0x00000002   Code   RO         2854    i.FunctionMain_Loop  functionmain.o
    0x08001090   0x08001090   0x00000010   Code   RO         3141    i.GPIONVIC_Init     gpionvic.o
    0x080010a0   0x080010a0   0x00000034   Code   RO         3182    i.GetADC1ChannelXValue  adc1.o
    0x080010d4   0x080010d4   0x0000003e   Code   RO         3352    i.GetMotorPreCurrent  focconfig.o
    0x08001112   0x08001112   0x00000002   PAD
    0x08001114   0x08001114   0x0000000c   Code   RO         3265    i.GetMotorSVPWMSector  svpwmconfig.o
    0x08001120   0x08001120   0x00000006   Code   RO         3475    i.GetSVPWMSector    svpwm.o
    0x08001126   0x08001126   0x00000002   PAD
    0x08001128   0x08001128   0x00000044   Code   RO         3028    i.GetTimer3EncoderAngle  tim3encoder.o
    0x0800116c   0x0800116c   0x00000040   Code   RO         3029    i.GetTimer3EncoderCnt  tim3encoder.o
    0x080011ac   0x080011ac   0x00000154   Code   RO         3476    i.GetVectorDuration  svpwm.o
    0x08001300   0x08001300   0x0000014c   Code   RO          458    i.HAL_ADC_ConfigChannel  stm32f4xx_hal_adc.o
    0x0800144c   0x0800144c   0x00000002   Code   RO          459    i.HAL_ADC_ConvCpltCallback  stm32f4xx_hal_adc.o
    0x0800144e   0x0800144e   0x00000002   Code   RO          460    i.HAL_ADC_ConvHalfCpltCallback  stm32f4xx_hal_adc.o
    0x08001450   0x08001450   0x00000002   Code   RO          462    i.HAL_ADC_ErrorCallback  stm32f4xx_hal_adc.o
    0x08001452   0x08001452   0x00000054   Code   RO          467    i.HAL_ADC_Init      stm32f4xx_hal_adc.o
    0x080014a6   0x080014a6   0x00000002   PAD
    0x080014a8   0x080014a8   0x00000098   Code   RO          191    i.HAL_ADC_MspInit   adc.o
    0x08001540   0x08001540   0x00000130   Code   RO          474    i.HAL_ADC_Start_DMA  stm32f4xx_hal_adc.o
    0x08001670   0x08001670   0x000001a0   Code   RO         1195    i.HAL_DMA_IRQHandler  stm32f4xx_hal_dma.o
    0x08001810   0x08001810   0x000000d4   Code   RO         1196    i.HAL_DMA_Init      stm32f4xx_hal_dma.o
    0x080018e4   0x080018e4   0x0000006e   Code   RO         1200    i.HAL_DMA_Start_IT  stm32f4xx_hal_dma.o
    0x08001952   0x08001952   0x00000002   PAD
    0x08001954   0x08001954   0x00000024   Code   RO         1609    i.HAL_Delay         stm32f4xx_hal.o
    0x08001978   0x08001978   0x00000038   Code   RO         3142    i.HAL_GPIO_EXTI_Callback  gpionvic.o
    0x080019b0   0x080019b0   0x00000018   Code   RO         1082    i.HAL_GPIO_EXTI_IRQHandler  stm32f4xx_hal_gpio.o
    0x080019c8   0x080019c8   0x000001b8   Code   RO         1083    i.HAL_GPIO_Init     stm32f4xx_hal_gpio.o
    0x08001b80   0x08001b80   0x0000000a   Code   RO         1087    i.HAL_GPIO_WritePin  stm32f4xx_hal_gpio.o
    0x08001b8a   0x08001b8a   0x00000002   PAD
    0x08001b8c   0x08001b8c   0x0000000c   Code   RO         1615    i.HAL_GetTick       stm32f4xx_hal.o
    0x08001b98   0x08001b98   0x00000010   Code   RO         1621    i.HAL_IncTick       stm32f4xx_hal.o
    0x08001ba8   0x08001ba8   0x00000034   Code   RO         1622    i.HAL_Init          stm32f4xx_hal.o
    0x08001bdc   0x08001bdc   0x00000040   Code   RO         1623    i.HAL_InitTick      stm32f4xx_hal.o
    0x08001c1c   0x08001c1c   0x00000030   Code   RO          429    i.HAL_MspInit       stm32f4xx_hal_msp.o
    0x08001c4c   0x08001c4c   0x0000001a   Code   RO         1472    i.HAL_NVIC_EnableIRQ  stm32f4xx_hal_cortex.o
    0x08001c66   0x08001c66   0x00000002   PAD
    0x08001c68   0x08001c68   0x00000040   Code   RO         1478    i.HAL_NVIC_SetPriority  stm32f4xx_hal_cortex.o
    0x08001ca8   0x08001ca8   0x00000024   Code   RO         1479    i.HAL_NVIC_SetPriorityGrouping  stm32f4xx_hal_cortex.o
    0x08001ccc   0x08001ccc   0x00000134   Code   RO          729    i.HAL_RCC_ClockConfig  stm32f4xx_hal_rcc.o
    0x08001e00   0x08001e00   0x00000060   Code   RO          738    i.HAL_RCC_GetSysClockFreq  stm32f4xx_hal_rcc.o
    0x08001e60   0x08001e60   0x0000035c   Code   RO          741    i.HAL_RCC_OscConfig  stm32f4xx_hal_rcc.o
    0x080021bc   0x080021bc   0x00000028   Code   RO         1483    i.HAL_SYSTICK_Config  stm32f4xx_hal_cortex.o
    0x080021e4   0x080021e4   0x00000002   Code   RO         2537    i.HAL_TIMEx_BreakCallback  stm32f4xx_hal_tim_ex.o
    0x080021e6   0x080021e6   0x00000002   Code   RO         2538    i.HAL_TIMEx_CommutCallback  stm32f4xx_hal_tim_ex.o
    0x080021e8   0x080021e8   0x00000054   Code   RO         2540    i.HAL_TIMEx_ConfigBreakDeadTime  stm32f4xx_hal_tim_ex.o
    0x0800223c   0x0800223c   0x00000090   Code   RO         2555    i.HAL_TIMEx_MasterConfigSynchronization  stm32f4xx_hal_tim_ex.o
    0x080022cc   0x080022cc   0x0000002e   Code   RO         2566    i.HAL_TIMEx_PWMN_Start  stm32f4xx_hal_tim_ex.o
    0x080022fa   0x080022fa   0x00000036   Code   RO         1862    i.HAL_TIM_Base_Init  stm32f4xx_hal_tim.o
    0x08002330   0x08002330   0x0000003c   Code   RO          257    i.HAL_TIM_Base_MspInit  tim.o
    0x0800236c   0x0800236c   0x00000022   Code   RO         1867    i.HAL_TIM_Base_Start_IT  stm32f4xx_hal_tim.o
    0x0800238e   0x0800238e   0x000000d6   Code   RO         1871    i.HAL_TIM_ConfigClockSource  stm32f4xx_hal_tim.o
    0x08002464   0x08002464   0x00000098   Code   RO         1880    i.HAL_TIM_Encoder_Init  stm32f4xx_hal_tim.o
    0x080024fc   0x080024fc   0x00000064   Code   RO          259    i.HAL_TIM_Encoder_MspInit  tim.o
    0x08002560   0x08002560   0x00000034   Code   RO         1883    i.HAL_TIM_Encoder_Start  stm32f4xx_hal_tim.o
    0x08002594   0x08002594   0x00000002   Code   RO         1891    i.HAL_TIM_IC_CaptureCallback  stm32f4xx_hal_tim.o
    0x08002596   0x08002596   0x00000166   Code   RO         1905    i.HAL_TIM_IRQHandler  stm32f4xx_hal_tim.o
    0x080026fc   0x080026fc   0x00000080   Code   RO          260    i.HAL_TIM_MspPostInit  tim.o
    0x0800277c   0x0800277c   0x00000002   Code   RO         1908    i.HAL_TIM_OC_DelayElapsedCallback  stm32f4xx_hal_tim.o
    0x0800277e   0x0800277e   0x000000d0   Code   RO         1929    i.HAL_TIM_PWM_ConfigChannel  stm32f4xx_hal_tim.o
    0x0800284e   0x0800284e   0x00000036   Code   RO         1932    i.HAL_TIM_PWM_Init  stm32f4xx_hal_tim.o
    0x08002884   0x08002884   0x00000002   Code   RO         1934    i.HAL_TIM_PWM_MspInit  stm32f4xx_hal_tim.o
    0x08002886   0x08002886   0x00000002   Code   RO         1935    i.HAL_TIM_PWM_PulseFinishedCallback  stm32f4xx_hal_tim.o
    0x08002888   0x08002888   0x00000044   Code   RO         1937    i.HAL_TIM_PWM_Start  stm32f4xx_hal_tim.o
    0x080028cc   0x080028cc   0x00000074   Code   RO         1939    i.HAL_TIM_PWM_Start_IT  stm32f4xx_hal_tim.o
    0x08002940   0x08002940   0x00000002   Code   RO         1943    i.HAL_TIM_PeriodElapsedCallback  stm32f4xx_hal_tim.o
    0x08002942   0x08002942   0x00000002   Code   RO         1948    i.HAL_TIM_TriggerCallback  stm32f4xx_hal_tim.o
    0x08002944   0x08002944   0x00000002   Code   RO          326    i.HardFault_Handler  stm32f4xx_it.o
    0x08002946   0x08002946   0x0000000e   Code   RO         2932    i.MCUDriverMain_Init  mcudrivermain.o
    0x08002954   0x08002954   0x00000002   Code   RO         2933    i.MCUDriverMain_Loop  mcudrivermain.o
    0x08002956   0x08002956   0x00000002   PAD
    0x08002958   0x08002958   0x0000007c   Code   RO          192    i.MX_ADC1_Init      adc.o
    0x080029d4   0x080029d4   0x0000002c   Code   RO          232    i.MX_DMA_Init       dma.o
    0x08002a00   0x08002a00   0x000000a8   Code   RO          166    i.MX_GPIO_Init      gpio.o
    0x08002aa8   0x08002aa8   0x00000108   Code   RO          261    i.MX_TIM1_Init      tim.o
    0x08002bb0   0x08002bb0   0x0000006c   Code   RO          262    i.MX_TIM3_Init      tim.o
    0x08002c1c   0x08002c1c   0x00000002   Code   RO          327    i.MemManage_Handler  stm32f4xx_it.o
    0x08002c1e   0x08002c1e   0x00000002   PAD
    0x08002c20   0x08002c20   0x0000008c   Code   RO         2881    i.Motor1AngleCalibration  anglecalibrationfunc.o
    0x08002cac   0x08002cac   0x0000000c   Code   RO         3353    i.MotorFocControl   focconfig.o
    0x08002cb8   0x08002cb8   0x0000000c   Code   RO         3269    i.MotorSvpwmGenerate  svpwmconfig.o
    0x08002cc4   0x08002cc4   0x00000002   Code   RO          328    i.NMI_Handler       stm32f4xx_it.o
    0x08002cc6   0x08002cc6   0x00000002   Code   RO          329    i.PendSV_Handler    stm32f4xx_it.o
    0x08002cc8   0x08002cc8   0x00000002   Code   RO         3225    i.PerDriverMain_Init  perdrivermain.o
    0x08002cca   0x08002cca   0x00000002   PAD
    0x08002ccc   0x08002ccc   0x000000a8   Code   RO         3226    i.PerDriverMain_Loop  perdrivermain.o
    0x08002d74   0x08002d74   0x00000094   Code   RO         3518    i.SEGGER_RTT_Write  segger_rtt.o
    0x08002e08   0x08002e08   0x00000002   Code   RO          330    i.SVC_Handler       stm32f4xx_it.o
    0x08002e0a   0x08002e0a   0x00000018   Code   RO         3401    i.SetCurrentPIDParams  foc.o
    0x08002e22   0x08002e22   0x0000000a   Code   RO         3402    i.SetCurrentPIDTar  foc.o
    0x08002e2c   0x08002e2c   0x0000000c   Code   RO         3403    i.SetFocEnable      foc.o
    0x08002e38   0x08002e38   0x00000010   Code   RO         3116    i.SetMotorEnable    motorgpio.o
    0x08002e48   0x08002e48   0x0000004c   Code   RO         2973    i.SetTIM1Channel1HighLeaveTime_us  tim1pwm.o
    0x08002e94   0x08002e94   0x0000004c   Code   RO         2974    i.SetTIM1Channel2HighLeaveTime_us  tim1pwm.o
    0x08002ee0   0x08002ee0   0x0000004c   Code   RO         2975    i.SetTIM1Channel3HighLeaveTime_us  tim1pwm.o
    0x08002f2c   0x08002f2c   0x0000004c   Code   RO         2976    i.SetTIM1Channel4HighLeaveTime_us  tim1pwm.o
    0x08002f78   0x08002f78   0x0000000c   Code   RO         3354    i.SetTarIDIQ        focconfig.o
    0x08002f84   0x08002f84   0x0000000c   Code   RO         3030    i.SetTimer3EncoderCnt  tim3encoder.o
    0x08002f90   0x08002f90   0x0000001c   Code   RO         3477    i.SvpwmContorol     svpwm.o
    0x08002fac   0x08002fac   0x000000f2   Code   RO         3478    i.SvpwmGenerate     svpwm.o
    0x0800309e   0x0800309e   0x00000002   PAD
    0x080030a0   0x080030a0   0x0000009c   Code   RO         3479    i.SvpwmSectorJudgment  svpwm.o
    0x0800313c   0x0800313c   0x00000010   Code   RO          331    i.SysTick_Handler   stm32f4xx_it.o
    0x0800314c   0x0800314c   0x00000084   Code   RO           14    i.SystemClock_Config  main.o
    0x080031d0   0x080031d0   0x0000001c   Code   RO         2789    i.SystemInit        system_stm32f4xx.o
    0x080031ec   0x080031ec   0x00000014   Code   RO          332    i.TIM1_CC_IRQHandler  stm32f4xx_it.o
    0x08003200   0x08003200   0x00000074   Code   RO         2977    i.TIM1_Init         tim1pwm.o
    0x08003274   0x08003274   0x000000c8   Code   RO         1950    i.TIM_Base_SetConfig  stm32f4xx_hal_tim.o
    0x0800333c   0x0800333c   0x0000001a   Code   RO         1951    i.TIM_CCxChannelCmd  stm32f4xx_hal_tim.o
    0x08003356   0x08003356   0x0000001a   Code   RO         2575    i.TIM_CCxNChannelCmd  stm32f4xx_hal_tim_ex.o
    0x08003370   0x08003370   0x00000014   Code   RO         1961    i.TIM_ETR_SetConfig  stm32f4xx_hal_tim.o
    0x08003384   0x08003384   0x00000010   Code   RO         1962    i.TIM_ITRx_SetConfig  stm32f4xx_hal_tim.o
    0x08003394   0x08003394   0x00000060   Code   RO         1963    i.TIM_OC1_SetConfig  stm32f4xx_hal_tim.o
    0x080033f4   0x080033f4   0x0000006c   Code   RO         1964    i.TIM_OC2_SetConfig  stm32f4xx_hal_tim.o
    0x08003460   0x08003460   0x00000068   Code   RO         1965    i.TIM_OC3_SetConfig  stm32f4xx_hal_tim.o
    0x080034c8   0x080034c8   0x00000050   Code   RO         1966    i.TIM_OC4_SetConfig  stm32f4xx_hal_tim.o
    0x08003518   0x08003518   0x00000022   Code   RO         1968    i.TIM_TI1_ConfigInputStage  stm32f4xx_hal_tim.o
    0x0800353a   0x0800353a   0x00000024   Code   RO         1970    i.TIM_TI2_ConfigInputStage  stm32f4xx_hal_tim.o
    0x0800355e   0x0800355e   0x00000002   PAD
    0x08003560   0x08003560   0x00000018   Code   RO         2978    i.Timer1ITEnable    tim1pwm.o
    0x08003578   0x08003578   0x00000030   Code   RO         3031    i.TimerEncoderInit  tim3encoder.o
    0x080035a8   0x080035a8   0x00000028   Code   RO         3032    i.TimerEncoderReset  tim3encoder.o
    0x080035d0   0x080035d0   0x00000002   Code   RO          333    i.UsageFault_Handler  stm32f4xx_it.o
    0x080035d2   0x080035d2   0x00000002   PAD
    0x080035d4   0x080035d4   0x00000020   Code   RO         4022    i.__0printf         mc_w.l(printfa.o)
    0x080035f4   0x080035f4   0x00000020   Code   RO         1485    i.__NVIC_SetPriority  stm32f4xx_hal_cortex.o
    0x08003614   0x08003614   0x0000000e   Code   RO         4102    i.__scatterload_copy  mc_w.l(handlers.o)
    0x08003622   0x08003622   0x00000002   Code   RO         4103    i.__scatterload_null  mc_w.l(handlers.o)
    0x08003624   0x08003624   0x0000000e   Code   RO         4104    i.__scatterload_zeroinit  mc_w.l(handlers.o)
    0x08003632   0x08003632   0x00000002   PAD
    0x08003634   0x08003634   0x00000184   Code   RO         4029    i._fp_digits        mc_w.l(printfa.o)
    0x080037b8   0x080037b8   0x000006b4   Code   RO         4030    i._printf_core      mc_w.l(printfa.o)
    0x08003e6c   0x08003e6c   0x00000024   Code   RO         4031    i._printf_post_padding  mc_w.l(printfa.o)
    0x08003e90   0x08003e90   0x0000002e   Code   RO         4032    i._printf_pre_padding  mc_w.l(printfa.o)
    0x08003ebe   0x08003ebe   0x00000016   Code   RO         3520    i.fputc             segger_rtt.o
    0x08003ed4   0x08003ed4   0x00000026   Code   RO           15    i.main              main.o
    0x08003efa   0x08003efa   0x00000002   PAD
    0x08003efc   0x08003efc   0x00000034   Code   RO         3086    i.rt_hw_us_delay    timer.o
    0x08003f30   0x08003f30   0x00000008   Data   RO         1202    .constdata          stm32f4xx_hal_dma.o
    0x08003f38   0x08003f38   0x00000010   Data   RO         2790    .constdata          system_stm32f4xx.o
    0x08003f48   0x08003f48   0x00000804   Data   RO         3755    .constdata          arm_cortexM4lf_math.lib(arm_common_tables.o)
    0x0800474c   0x0800474c   0x00000009   Data   RO         3523    .conststring        segger_rtt.o
    0x08004755   0x08004755   0x00000003   PAD
    0x08004758   0x08004758   0x00000020   Data   RO         4100    Region$$Table       anon$$obj.o


    Execution Region RW_IRAM2 (Exec base: 0x10000000, Load base: 0x080047dc, Size: 0x00000000, Max: 0x00010000, ABSOLUTE)

    **** No section assigned to this execution region ****


    Execution Region RW_IRAM1 (Exec base: 0x20000000, Load base: 0x08004778, Size: 0x00000af0, Max: 0x00020000, ABSOLUTE, COMPRESSED[0x00000064])

    Exec Addr    Load Addr    Size         Type   Attr      Idx    E Section Name        Object

    0x20000000   COMPRESSED   0x0000000c   Data   RW         1629    .data               stm32f4xx_hal.o
    0x2000000c   COMPRESSED   0x00000004   Data   RW         2792    .data               system_stm32f4xx.o
    0x20000010   COMPRESSED   0x00000008   Data   RW         3033    .data               tim3encoder.o
    0x20000018   COMPRESSED   0x00000004   Data   RW         3087    .data               timer.o
    0x2000001c   COMPRESSED   0x00000008   Data   RW         3143    .data               gpionvic.o
    0x20000024   COMPRESSED   0x00000008   Data   RW         3228    .data               perdrivermain.o
    0x2000002c   COMPRESSED   0x0000005c   Data   RW         3270    .data               svpwmconfig.o
    0x20000088   COMPRESSED   0x0000009c   Data   RW         3355    .data               focconfig.o
    0x20000124   COMPRESSED   0x00000078   Data   RW         3524    .data               segger_rtt.o
    0x2000019c   COMPRESSED   0x00000004   Data   RW         4076    .data               mc_w.l(stdout.o)
    0x200001a0        -       0x000000a8   Zero   RW          193    .bss                adc.o
    0x20000248        -       0x00000080   Zero   RW          263    .bss                tim.o
    0x200002c8        -       0x00000018   Zero   RW         3183    .bss                adc1.o
    0x200002e0        -       0x00000400   Zero   RW         3521    .bss                segger_rtt.o
    0x200006e0        -       0x00000010   Zero   RW         3522    .bss                segger_rtt.o
    0x200006f0        -       0x00000400   Zero   RW            1    STACK               startup_stm32f405xx.o


==============================================================================

Image component sizes


      Code (inc. data)   RO Data    RW Data    ZI Data      Debug   Object Name

       276         34          0          0        168       1835   adc.o
       136         20          0          0         24       2200   adc1.o
       144         12          0          0          0       1229   anglecalibrationfunc.o
        36          0          0          0          0       1022   appmain.o
        44          4          0          0          0        798   dma.o
       932         74          0          0          0       8493   foc.o
       182         40          0        156          0       4646   focconfig.o
        16          0          0          0          0       1032   functionmain.o
       168         16          0          0          0        999   gpio.o
        72         18          0          8          0       1775   gpionvic.o
       172          8          0          0          0     643816   main.o
        16          0          0          0          0       1038   mcudrivermain.o
        16          4          0          0          0        517   motorgpio.o
       170         20          0          8          0       1608   perdrivermain.o
       170          6          9        120       1040       2799   segger_rtt.o
        36          8        392          0       1024        848   startup_stm32f405xx.o
       180         28          0         12          0       9505   stm32f4xx_hal.o
      1164         64          0          0          0       7529   stm32f4xx_hal_adc.o
       198         14          0          0          0      34027   stm32f4xx_hal_cortex.o
       902         16          8          0          0       5887   stm32f4xx_hal_dma.o
       474         52          0          0          0       3071   stm32f4xx_hal_gpio.o
        48          6          0          0          0        878   stm32f4xx_hal_msp.o
      1264         48          0          0          0       4086   stm32f4xx_hal_rcc.o
      2042         98          0          0          0      19800   stm32f4xx_hal_tim.o
       304         28          0          0          0       4688   stm32f4xx_hal_tim_ex.o
        84         12          0          0          0       5830   stm32f4xx_it.o
       772         40          0          0          0       3555   svpwm.o
        24         12          0         92          0       4259   svpwmconfig.o
        28          6         16          4          0       1191   system_stm32f4xx.o
       660         58          0          0        128       3999   tim.o
       444        102          0          0          0       3557   tim1pwm.o
       232         52          0          8          0       3521   tim3encoder.o
        52         10          0          4          0        939   timer.o

    ----------------------------------------------------------------------
     11486        910        460        412       2384     790977   Object Totals
         0          0         32          0          0          0   (incl. Generated)
        28          0          3          0          0          0   (incl. Padding)

    ----------------------------------------------------------------------

      Code (inc. data)   RO Data    RW Data    ZI Data      Debug   Library Member Name

         0          0       2052          0          0       4704   arm_common_tables.o
       120         12          0          0          0      17170   arm_cos_f32.o
       148         18          0          0          0        814   arm_sin_f32.o
        86          0          0          0          0          0   __dczerorl2.o
         0          0          0          0          0          0   entry.o
         0          0          0          0          0          0   entry10a.o
         0          0          0          0          0          0   entry11a.o
         4          0          0          0          0          0   entry12b.o
         8          4          0          0          0          0   entry2.o
         4          0          0          0          0          0   entry5.o
         0          0          0          0          0          0   entry7b.o
         0          0          0          0          0          0   entry8b.o
         8          4          0          0          0          0   entry9a.o
        30          0          0          0          0          0   handlers.o
        36          8          0          0          0         68   init.o
         0          0          0          0          0          0   iusefp.o
        30          0          0          0          0         68   llshl.o
        36          0          0          0          0         68   llsshr.o
        32          0          0          0          0         68   llushr.o
        36          0          0          0          0         68   memcpya.o
        36          0          0          0          0        108   memseta.o
      2218         90          0          0          0        464   printfa.o
         0          0          0          4          0          0   stdout.o
        44          0          0          0          0         80   uidiv.o
        98          0          0          0          0         92   uldiv.o
        48          0          0          0          0         68   cdcmple.o
        48          0          0          0          0         68   cdrcmple.o
        56          0          0          0          0         88   d2f.o
       334          0          0          0          0        148   dadd.o
       222          0          0          0          0        100   ddiv.o
       186          0          0          0          0        176   depilogue.o
        48          0          0          0          0         68   dfixul.o
       228          0          0          0          0         96   dmul.o
        38          0          0          0          0         68   f2d.o
       110          0          0          0          0        168   fepilogue.o

    ----------------------------------------------------------------------
      4298        136       2052          4          0      24820   Library Totals
         6          0          0          0          0          0   (incl. Padding)

    ----------------------------------------------------------------------

      Code (inc. data)   RO Data    RW Data    ZI Data      Debug   Library Name

       268         30       2052          0          0      22688   arm_cortexM4lf_math.lib
      2706        106          0          4          0       1084   mc_w.l
      1318          0          0          0          0       1048   mf_w.l

    ----------------------------------------------------------------------
      4298        136       2052          4          0      24820   Library Totals

    ----------------------------------------------------------------------

==============================================================================


      Code (inc. data)   RO Data    RW Data    ZI Data      Debug   

     15784       1046       2512        416       2384     802241   Grand Totals
     15784       1046       2512        100       2384     802241   ELF Image Totals (compressed)
     15784       1046       2512        100          0          0   ROM Totals

==============================================================================

    Total RO  Size (Code + RO Data)                18296 (  17.87kB)
    Total RW  Size (RW Data + ZI Data)              2800 (   2.73kB)
    Total ROM Size (Code + RO Data + RW Data)      18396 (  17.96kB)

==============================================================================

