Component: ARM Compiler 5.06 update 7 (build 960) Tool: armlink [4d3601]

==============================================================================

Section Cross References

    startup_stm32f405xx.o(RESET) refers to startup_stm32f405xx.o(STACK) for __initial_sp
    startup_stm32f405xx.o(RESET) refers to startup_stm32f405xx.o(.text) for Reset_Handler
    startup_stm32f405xx.o(RESET) refers to stm32f4xx_it.o(i.NMI_Handler) for NMI_Handler
    startup_stm32f405xx.o(RESET) refers to stm32f4xx_it.o(i.HardFault_Handler) for HardFault_Handler
    startup_stm32f405xx.o(RESET) refers to stm32f4xx_it.o(i.MemManage_Handler) for MemManage_Handler
    startup_stm32f405xx.o(RESET) refers to stm32f4xx_it.o(i.BusFault_Handler) for BusFault_Handler
    startup_stm32f405xx.o(RESET) refers to stm32f4xx_it.o(i.UsageFault_Handler) for UsageFault_Handler
    startup_stm32f405xx.o(RESET) refers to stm32f4xx_it.o(i.SVC_Handler) for SVC_Handler
    startup_stm32f405xx.o(RESET) refers to stm32f4xx_it.o(i.DebugMon_Handler) for DebugMon_Handler
    startup_stm32f405xx.o(RESET) refers to stm32f4xx_it.o(i.PendSV_Handler) for PendSV_Handler
    startup_stm32f405xx.o(RESET) refers to stm32f4xx_it.o(i.SysTick_Handler) for SysTick_Handler
    startup_stm32f405xx.o(RESET) refers to stm32f4xx_it.o(i.EXTI9_5_IRQHandler) for EXTI9_5_IRQHandler
    startup_stm32f405xx.o(RESET) refers to stm32f4xx_it.o(i.TIM1_CC_IRQHandler) for TIM1_CC_IRQHandler
    startup_stm32f405xx.o(RESET) refers to stm32f4xx_it.o(i.DMA2_Stream0_IRQHandler) for DMA2_Stream0_IRQHandler
    startup_stm32f405xx.o(.text) refers to system_stm32f4xx.o(i.SystemInit) for SystemInit
    startup_stm32f405xx.o(.text) refers to entry.o(.ARM.Collect$$$$00000000) for __main
    main.o(i.SystemClock_Config) refers to memseta.o(.text) for __aeabi_memclr4
    main.o(i.SystemClock_Config) refers to stm32f4xx_hal_rcc.o(i.HAL_RCC_OscConfig) for HAL_RCC_OscConfig
    main.o(i.SystemClock_Config) refers to stm32f4xx_hal_rcc.o(i.HAL_RCC_ClockConfig) for HAL_RCC_ClockConfig
    main.o(i.main) refers to stm32f4xx_hal.o(i.HAL_Init) for HAL_Init
    main.o(i.main) refers to main.o(i.SystemClock_Config) for SystemClock_Config
    main.o(i.main) refers to gpio.o(i.MX_GPIO_Init) for MX_GPIO_Init
    main.o(i.main) refers to dma.o(i.MX_DMA_Init) for MX_DMA_Init
    main.o(i.main) refers to tim.o(i.MX_TIM1_Init) for MX_TIM1_Init
    main.o(i.main) refers to tim.o(i.MX_TIM3_Init) for MX_TIM3_Init
    main.o(i.main) refers to adc.o(i.MX_ADC1_Init) for MX_ADC1_Init
    main.o(i.main) refers to spi.o(i.MX_SPI3_Init) for MX_SPI3_Init
    main.o(i.main) refers to appmain.o(i.APPMain_Init) for APPMain_Init
    main.o(i.main) refers to appmain.o(i.APPMain_Loop) for APPMain_Loop
    gpio.o(i.MX_GPIO_Init) refers to memseta.o(.text) for __aeabi_memclr4
    gpio.o(i.MX_GPIO_Init) refers to stm32f4xx_hal_gpio.o(i.HAL_GPIO_WritePin) for HAL_GPIO_WritePin
    gpio.o(i.MX_GPIO_Init) refers to stm32f4xx_hal_gpio.o(i.HAL_GPIO_Init) for HAL_GPIO_Init
    gpio.o(i.MX_GPIO_Init) refers to stm32f4xx_hal_cortex.o(i.HAL_NVIC_SetPriority) for HAL_NVIC_SetPriority
    gpio.o(i.MX_GPIO_Init) refers to stm32f4xx_hal_cortex.o(i.HAL_NVIC_EnableIRQ) for HAL_NVIC_EnableIRQ
    adc.o(i.HAL_ADC_MspDeInit) refers to stm32f4xx_hal_gpio.o(i.HAL_GPIO_DeInit) for HAL_GPIO_DeInit
    adc.o(i.HAL_ADC_MspDeInit) refers to stm32f4xx_hal_dma.o(i.HAL_DMA_DeInit) for HAL_DMA_DeInit
    adc.o(i.HAL_ADC_MspInit) refers to memseta.o(.text) for __aeabi_memclr4
    adc.o(i.HAL_ADC_MspInit) refers to stm32f4xx_hal_gpio.o(i.HAL_GPIO_Init) for HAL_GPIO_Init
    adc.o(i.HAL_ADC_MspInit) refers to stm32f4xx_hal_dma.o(i.HAL_DMA_Init) for HAL_DMA_Init
    adc.o(i.HAL_ADC_MspInit) refers to main.o(i.Error_Handler) for Error_Handler
    adc.o(i.HAL_ADC_MspInit) refers to adc.o(.bss) for .bss
    adc.o(i.MX_ADC1_Init) refers to stm32f4xx_hal_adc.o(i.HAL_ADC_Init) for HAL_ADC_Init
    adc.o(i.MX_ADC1_Init) refers to main.o(i.Error_Handler) for Error_Handler
    adc.o(i.MX_ADC1_Init) refers to stm32f4xx_hal_adc.o(i.HAL_ADC_ConfigChannel) for HAL_ADC_ConfigChannel
    adc.o(i.MX_ADC1_Init) refers to adc.o(.bss) for .bss
    dma.o(i.MX_DMA_Init) refers to stm32f4xx_hal_cortex.o(i.HAL_NVIC_SetPriority) for HAL_NVIC_SetPriority
    dma.o(i.MX_DMA_Init) refers to stm32f4xx_hal_cortex.o(i.HAL_NVIC_EnableIRQ) for HAL_NVIC_EnableIRQ
    spi.o(i.HAL_SPI_MspDeInit) refers to stm32f4xx_hal_gpio.o(i.HAL_GPIO_DeInit) for HAL_GPIO_DeInit
    spi.o(i.HAL_SPI_MspInit) refers to memseta.o(.text) for __aeabi_memclr4
    spi.o(i.HAL_SPI_MspInit) refers to stm32f4xx_hal_gpio.o(i.HAL_GPIO_Init) for HAL_GPIO_Init
    spi.o(i.MX_SPI3_Init) refers to stm32f4xx_hal_spi.o(i.HAL_SPI_Init) for HAL_SPI_Init
    spi.o(i.MX_SPI3_Init) refers to main.o(i.Error_Handler) for Error_Handler
    spi.o(i.MX_SPI3_Init) refers to spi.o(.bss) for .bss
    tim.o(i.HAL_TIM_Base_MspDeInit) refers to stm32f4xx_hal_cortex.o(i.HAL_NVIC_DisableIRQ) for HAL_NVIC_DisableIRQ
[...]
    ..\User\MCUDriver\TIM1PWM.c              0x00000000   Number         0  tim1pwm.o ABSOLUTE
    ..\User\MCUDriver\TIM3Encoder.c          0x00000000   Number         0  tim3encoder.o ABSOLUTE
    ..\User\MCUDriver\Timer.c                0x00000000   Number         0  timer.o ABSOLUTE
    ..\User\PeripheralsDriver\DRV8301Config.c 0x00000000   Number         0  drv8301config.o ABSOLUTE
    ..\User\PeripheralsDriver\FOCConfig.c    0x00000000   Number         0  focconfig.o ABSOLUTE
    ..\User\PeripheralsDriver\PerDriverMain.c 0x00000000   Number         0  perdrivermain.o ABSOLUTE
    ..\User\PeripheralsDriver\SvpwmConfig.c  0x00000000   Number         0  svpwmconfig.o ABSOLUTE
    ..\User\RTT\SEGGER_RTT.c                 0x00000000   Number         0  segger_rtt.o ABSOLUTE
    ..\User\RTT\SEGGER_RTT_printf.c          0x00000000   Number         0  segger_rtt_printf.o ABSOLUTE
    ..\\..\\Source\\CommonTables\\arm_common_tables.c 0x00000000   Number         0  arm_common_tables.o ABSOLUTE
    ..\\..\\Source\\FastMathFunctions\\arm_cos_f32.c 0x00000000   Number         0  arm_cos_f32.o ABSOLUTE
    ..\\..\\Source\\FastMathFunctions\\arm_sin_f32.c 0x00000000   Number         0  arm_sin_f32.o ABSOLUTE
    ..\\User\\Framework\\DRV8301.c           0x00000000   Number         0  drv8301.o ABSOLUTE
    ..\\User\\Framework\\FOC.c               0x00000000   Number         0  foc.o ABSOLUTE
    ..\\User\\MCUDriver\\ADC1.c              0x00000000   Number         0  adc1.o ABSOLUTE
    ..\\User\\MCUDriver\\GPIONVIC.c          0x00000000   Number         0  gpionvic.o ABSOLUTE
    ..\\User\\MCUDriver\\MCUDriverMain.c     0x00000000   Number         0  mcudrivermain.o ABSOLUTE
    ..\\User\\MCUDriver\\MotorGPIO.c         0x00000000   Number         0  motorgpio.o ABSOLUTE
    ..\\User\\MCUDriver\\SPI3.c              0x00000000   Number         0  spi3.o ABSOLUTE
    ..\\User\\MCUDriver\\TIM1PWM.c           0x00000000   Number         0  tim1pwm.o ABSOLUTE
    ..\\User\\MCUDriver\\TIM3Encoder.c       0x00000000   Number         0  tim3encoder.o ABSOLUTE
    ..\\User\\MCUDriver\\Timer.c             0x00000000   Number         0  timer.o ABSOLUTE
    ..\\User\\PeripheralsDriver\\DRV8301Config.c 0x00000000   Number         0  drv8301config.o ABSOLUTE
    ..\\User\\PeripheralsDriver\\FOCConfig.c 0x00000000   Number         0  focconfig.o ABSOLUTE
    ..\\User\\PeripheralsDriver\\PerDriverMain.c 0x00000000   Number         0  perdrivermain.o ABSOLUTE
    cdcmple.s                                0x00000000   Number         0  cdcmple.o ABSOLUTE
    cdrcmple.s                               0x00000000   Number         0  cdrcmple.o ABSOLUTE
    dc.s                                     0x00000000   Number         0  dc.o ABSOLUTE
    handlers.s                               0x00000000   Number         0  handlers.o ABSOLUTE
    init.s                                   0x00000000   Number         0  init.o ABSOLUTE
    startup_stm32f405xx.s                    0x00000000   Number         0  startup_stm32f405xx.o ABSOLUTE
    RESET                                    0x08000000   Section      392  startup_stm32f405xx.o(RESET)
    .ARM.Collect$$$$00000000                 0x08000188   Section        0  entry.o(.ARM.Collect$$$$00000000)
    .ARM.Collect$$$$00000001                 0x08000188   Section        4  entry2.o(.ARM.Collect$$$$00000001)
    .ARM.Collect$$$$00000004                 0x0800018c   Section        4  entry5.o(.ARM.Collect$$$$00000004)
    .ARM.Collect$$$$00000008                 0x08000190   Section        0  entry7b.o(.ARM.Collect$$$$00000008)
    .ARM.Collect$$$$0000000A                 0x08000190   Section        0  entry8b.o(.ARM.Collect$$$$0000000A)
    .ARM.Collect$$$$0000000B                 0x08000190   Section        8  entry9a.o(.ARM.Collect$$$$0000000B)
    .ARM.Collect$$$$0000000E                 0x08000198   Section        4  entry12b.o(.ARM.Collect$$$$0000000E)
    .ARM.Collect$$$$0000000F                 0x0800019c   Section        0  entry10a.o(.ARM.Collect$$$$0000000F)
    .ARM.Collect$$$$00000011                 0x0800019c   Section        0  entry11a.o(.ARM.Collect$$$$00000011)
    .ARM.Collect$$$$00002712                 0x0800019c   Section        4  entry2.o(.ARM.Collect$$$$00002712)
    __lit__00000000                          0x0800019c   Data           4  entry2.o(.ARM.Collect$$$$00002712)
    .text                                    0x080001a0   Section       36  startup_stm32f405xx.o(.text)
    $v0                                      0x080001a0   Number         0  startup_stm32f405xx.o(.text)
    .text                                    0x080001c4   Section        0  arm_cos_f32.o(.text)
    .text                                    0x0800023c   Section        0  arm_sin_f32.o(.text)
    .text                                    0x080002d0   Section        0  uldiv.o(.text)
    .text                                    0x08000332   Section        0  memcpya.o(.text)
    .text                                    0x08000356   Section        0  memseta.o(.text)
    .text                                    0x0800037a   Section        0  f2d.o(.text)
    .text                                    0x080003a0   Section       48  cdcmple.o(.text)
    .text                                    0x080003d0   Section        0  uidiv.o(.text)
    .text                                    0x080003fc   Section        0  llshl.o(.text)
    .text                                    0x0800041a   Section        0  llushr.o(.text)
    .text                                    0x0800043a   Section        0  dadd.o(.text)
    .text                                    0x0800043a   Section        0  iusefp.o(.text)
    .text                                    0x08000588   Section        0  dmul.o(.text)
    .text                                    0x0800066c   Section        0  ddiv.o(.text)
    .text                                    0x0800074a   Section        0  dfixul.o(.text)
    .text                                    0x0800077c   Section       48  cdrcmple.o(.text)
    .text                                    0x080007ac   Section       36  init.o(.text)
    .text                                    0x080007d0   Section        0  llsshr.o(.text)
    .text                                    0x080007f4   Section        0  depilogue.o(.text)
    .text                                    0x080008ae   Section        0  __dczerorl2.o(.text)
    i.ADCDMAIRQHandler                       0x08000904   Section        0  adc1.o(i.ADCDMAIRQHandler)
    i.ADCDMAStart                            0x0800091c   Section        0  adc1.o(i.ADCDMAStart)
    i.ADC_DMAConvCplt                        0x08000930   Section        0  stm32f4xx_hal_adc.o(i.ADC_DMAConvCplt)
    ADC_DMAConvCplt                          0x08000931   Thumb Code   110  stm32f4xx_hal_adc.o(i.ADC_DMAConvCplt)
    i.ADC_DMAError                           0x0800099e   Section        0  stm32f4xx_hal_adc.o(i.ADC_DMAError)
    ADC_DMAError                             0x0800099f   Thumb Code    22  stm32f4xx_hal_adc.o(i.ADC_DMAError)
    i.ADC_DMAHalfConvCplt                    0x080009b4   Section        0  stm32f4xx_hal_adc.o(i.ADC_DMAHalfConvCplt)
    ADC_DMAHalfConvCplt                      0x080009b5   Thumb Code    10  stm32f4xx_hal_adc.o(i.ADC_DMAHalfConvCplt)
    i.ADC_Init                               0x080009c0   Section        0  stm32f4xx_hal_adc.o(i.ADC_Init)
    ADC_Init                                 0x080009c1   Thumb Code   284  stm32f4xx_hal_adc.o(i.ADC_Init)
    i.APPMain_Init                           0x08000ae8   Section        0  appmain.o(i.APPMain_Init)
    i.APPMain_Loop                           0x08000afa   Section        0  appmain.o(i.APPMain_Loop)
    i.BusFault_Handler                       0x08000b0c   Section        0  stm32f4xx_it.o(i.BusFault_Handler)
    i.CurrentPIControlID                     0x08000b0e   Section        0  foc.o(i.CurrentPIControlID)
    CurrentPIControlID                       0x08000b0f   Thumb Code   148  foc.o(i.CurrentPIControlID)
    i.CurrentPIControlIQ                     0x08000ba2   Section        0  foc.o(i.CurrentPIControlIQ)
    CurrentPIControlIQ                       0x08000ba3   Thumb Code   148  foc.o(i.CurrentPIControlIQ)
    i.CurrentReconstruction                  0x08000c36   Section        0  foc.o(i.CurrentReconstruction)
    CurrentReconstruction                    0x08000c37   Thumb Code   112  foc.o(i.CurrentReconstruction)
    i.DMA2_Stream0_IRQHandler                0x08000ca8   Section        0  stm32f4xx_it.o(i.DMA2_Stream0_IRQHandler)
    i.DMA_CalcBaseAndBitshift                0x08000cc0   Section        0  stm32f4xx_hal_dma.o(i.DMA_CalcBaseAndBitshift)
    DMA_CalcBaseAndBitshift                  0x08000cc1   Thumb Code    34  stm32f4xx_hal_dma.o(i.DMA_CalcBaseAndBitshift)
    i.DMA_CheckFifoParam                     0x08000ce8   Section        0  stm32f4xx_hal_dma.o(i.DMA_CheckFifoParam)
    DMA_CheckFifoParam                       0x08000ce9   Thumb Code    84  stm32f4xx_hal_dma.o(i.DMA_CheckFifoParam)
    i.DMA_SetConfig                          0x08000d3c   Section        0  stm32f4xx_hal_dma.o(i.DMA_SetConfig)
    DMA_SetConfig                            0x08000d3d   Thumb Code    40  stm32f4xx_hal_dma.o(i.DMA_SetConfig)
    i.DebugMon_Handler                       0x08000d64   Section        0  stm32f4xx_it.o(i.DebugMon_Handler)
    i.EXTI9_5_IRQHandler                     0x08000d66   Section        0  stm32f4xx_it.o(i.EXTI9_5_IRQHandler)
    i.Error_Handler                          0x08000d6e   Section        0  main.o(i.Error_Handler)
    i.FOCConfigPrintf                        0x08000d70   Section        0  focconfig.o(i.FOCConfigPrintf)
    i.FOCConfig_Init                         0x08000d7c   Section        0  focconfig.o(i.FOCConfig_Init)
    i.FOCPrintf                              0x08000e40   Section        0  foc.o(i.FOCPrintf)
    i.FocContorl                             0x08000f0c   Section        0  foc.o(i.FocContorl)
    i.FunctionMain_Init                      0x08001018   Section        0  functionmain.o(i.FunctionMain_Init)
    i.FunctionMain_Loop                      0x0800101a   Section        0  functionmain.o(i.FunctionMain_Loop)
    i.GPIONVIC_Init                          0x0800101c   Section        0  gpionvic.o(i.GPIONVIC_Init)
    i.GetADC1ChannelXValue                   0x0800102c   Section        0  adc1.o(i.GetADC1ChannelXValue)
    i.GetMotorPreCurrent                     0x0800104c   Section        0  focconfig.o(i.GetMotorPreCurrent)
    GetMotorPreCurrent                       0x0800104d   Thumb Code   110  focconfig.o(i.GetMotorPreCurrent)
    i.GetMotorSVPWMSector                    0x080010c0   Section        0  svpwmconfig.o(i.GetMotorSVPWMSector)
    i.GetSVPWMSector                         0x080010cc   Section        0  svpwm.o(i.GetSVPWMSector)
    i.GetTimer3EncoderAngle                  0x080010d4   Section        0  tim3encoder.o(i.GetTimer3EncoderAngle)
    i.GetTimer3EncoderCnt                    0x08001118   Section        0  tim3encoder.o(i.GetTimer3EncoderCnt)
    i.GetVectorDuration                      0x08001158   Section        0  svpwm.o(i.GetVectorDuration)
    i.HAL_ADC_ConfigChannel                  0x080012ac   Section        0  stm32f4xx_hal_adc.o(i.HAL_ADC_ConfigChannel)
    i.HAL_ADC_ConvCpltCallback               0x080013f8   Section        0  stm32f4xx_hal_adc.o(i.HAL_ADC_ConvCpltCallback)
    i.HAL_ADC_ConvHalfCpltCallback           0x080013fa   Section        0  stm32f4xx_hal_adc.o(i.HAL_ADC_ConvHalfCpltCallback)
    i.HAL_ADC_ErrorCallback                  0x080013fc   Section        0  stm32f4xx_hal_adc.o(i.HAL_ADC_ErrorCallback)
    i.HAL_ADC_Init                           0x080013fe   Section        0  stm32f4xx_hal_adc.o(i.HAL_ADC_Init)
    i.HAL_ADC_MspInit                        0x08001454   Section        0  adc.o(i.HAL_ADC_MspInit)
    i.HAL_ADC_Start_DMA                      0x080014ec   Section        0  stm32f4xx_hal_adc.o(i.HAL_ADC_Start_DMA)
    i.HAL_DMA_IRQHandler                     0x0800161c   Section        0  stm32f4xx_hal_dma.o(i.HAL_DMA_IRQHandler)
    i.HAL_DMA_Init                           0x080017bc   Section        0  stm32f4xx_hal_dma.o(i.HAL_DMA_Init)
    i.HAL_DMA_Start_IT                       0x08001890   Section        0  stm32f4xx_hal_dma.o(i.HAL_DMA_Start_IT)
    i.HAL_Delay                              0x08001900   Section        0  stm32f4xx_hal.o(i.HAL_Delay)
    i.HAL_GPIO_EXTI_Callback                 0x08001924   Section        0  gpionvic.o(i.HAL_GPIO_EXTI_Callback)
    i.HAL_GPIO_EXTI_IRQHandler               0x0800195c   Section        0  stm32f4xx_hal_gpio.o(i.HAL_GPIO_EXTI_IRQHandler)
    i.HAL_GPIO_Init                          0x08001974   Section        0  stm32f4xx_hal_gpio.o(i.HAL_GPIO_Init)
    i.HAL_GPIO_WritePin                      0x08001b2c   Section        0  stm32f4xx_hal_gpio.o(i.HAL_GPIO_WritePin)
    i.HAL_GetTick                            0x08001b38   Section        0  stm32f4xx_hal.o(i.HAL_GetTick)
    i.HAL_IncTick                            0x08001b44   Section        0  stm32f4xx_hal.o(i.HAL_IncTick)
    i.HAL_Init                               0x08001b54   Section        0  stm32f4xx_hal.o(i.HAL_Init)
    i.HAL_InitTick                           0x08001b88   Section        0  stm32f4xx_hal.o(i.HAL_InitTick)
    i.HAL_MspInit                            0x08001bc8   Section        0  stm32f4xx_hal_msp.o(i.HAL_MspInit)
    i.HAL_NVIC_EnableIRQ                     0x08001bf8   Section        0  stm32f4xx_hal_cortex.o(i.HAL_NVIC_EnableIRQ)
    i.HAL_NVIC_SetPriority                   0x08001c14   Section        0  stm32f4xx_hal_cortex.o(i.HAL_NVIC_SetPriority)
    i.HAL_NVIC_SetPriorityGrouping           0x08001c54   Section        0  stm32f4xx_hal_cortex.o(i.HAL_NVIC_SetPriorityGrouping)
    i.HAL_RCC_ClockConfig                    0x08001c78   Section        0  stm32f4xx_hal_rcc.o(i.HAL_RCC_ClockConfig)
    i.HAL_RCC_GetSysClockFreq                0x08001dac   Section        0  stm32f4xx_hal_rcc.o(i.HAL_RCC_GetSysClockFreq)
    i.HAL_RCC_OscConfig                      0x08001e0c   Section        0  stm32f4xx_hal_rcc.o(i.HAL_RCC_OscConfig)
    i.HAL_SPI_Init                           0x08002168   Section        0  stm32f4xx_hal_spi.o(i.HAL_SPI_Init)
    i.HAL_SPI_MspInit                        0x080021e8   Section        0  spi.o(i.HAL_SPI_MspInit)
    i.HAL_SYSTICK_Config                     0x08002254   Section        0  stm32f4xx_hal_cortex.o(i.HAL_SYSTICK_Config)
    i.HAL_TIMEx_BreakCallback                0x0800227c   Section        0  stm32f4xx_hal_tim_ex.o(i.HAL_TIMEx_BreakCallback)
    i.HAL_TIMEx_CommutCallback               0x0800227e   Section        0  stm32f4xx_hal_tim_ex.o(i.HAL_TIMEx_CommutCallback)
    i.HAL_TIMEx_ConfigBreakDeadTime          0x08002280   Section        0  stm32f4xx_hal_tim_ex.o(i.HAL_TIMEx_ConfigBreakDeadTime)
    i.HAL_TIMEx_MasterConfigSynchronization  0x080022d4   Section        0  stm32f4xx_hal_tim_ex.o(i.HAL_TIMEx_MasterConfigSynchronization)
    i.HAL_TIMEx_PWMN_Start                   0x08002364   Section        0  stm32f4xx_hal_tim_ex.o(i.HAL_TIMEx_PWMN_Start)
    i.HAL_TIM_Base_Init                      0x08002392   Section        0  stm32f4xx_hal_tim.o(i.HAL_TIM_Base_Init)
    i.HAL_TIM_Base_MspInit                   0x080023c8   Section        0  tim.o(i.HAL_TIM_Base_MspInit)
    i.HAL_TIM_Base_Start_IT                  0x08002404   Section        0  stm32f4xx_hal_tim.o(i.HAL_TIM_Base_Start_IT)
    i.HAL_TIM_Base_Stop_IT                   0x08002426   Section        0  stm32f4xx_hal_tim.o(i.HAL_TIM_Base_Stop_IT)
    i.HAL_TIM_ConfigClockSource              0x08002450   Section        0  stm32f4xx_hal_tim.o(i.HAL_TIM_ConfigClockSource)
    i.HAL_TIM_Encoder_Init                   0x08002526   Section        0  stm32f4xx_hal_tim.o(i.HAL_TIM_Encoder_Init)
    i.HAL_TIM_Encoder_MspInit                0x080025c0   Section        0  tim.o(i.HAL_TIM_Encoder_MspInit)
    i.HAL_TIM_Encoder_Start                  0x08002624   Section        0  stm32f4xx_hal_tim.o(i.HAL_TIM_Encoder_Start)
    i.HAL_TIM_IC_CaptureCallback             0x08002658   Section        0  stm32f4xx_hal_tim.o(i.HAL_TIM_IC_CaptureCallback)
    i.HAL_TIM_IRQHandler                     0x0800265a   Section        0  stm32f4xx_hal_tim.o(i.HAL_TIM_IRQHandler)
    i.HAL_TIM_MspPostInit                    0x080027c0   Section        0  tim.o(i.HAL_TIM_MspPostInit)
    i.HAL_TIM_OC_DelayElapsedCallback        0x08002840   Section        0  stm32f4xx_hal_tim.o(i.HAL_TIM_OC_DelayElapsedCallback)
    i.HAL_TIM_PWM_ConfigChannel              0x08002842   Section        0  stm32f4xx_hal_tim.o(i.HAL_TIM_PWM_ConfigChannel)
    i.HAL_TIM_PWM_Init                       0x08002912   Section        0  stm32f4xx_hal_tim.o(i.HAL_TIM_PWM_Init)
    i.HAL_TIM_PWM_MspInit                    0x08002948   Section        0  stm32f4xx_hal_tim.o(i.HAL_TIM_PWM_MspInit)
    i.HAL_TIM_PWM_PulseFinishedCallback      0x0800294a   Section        0  stm32f4xx_hal_tim.o(i.HAL_TIM_PWM_PulseFinishedCallback)
    i.HAL_TIM_PWM_Start                      0x0800294c   Section        0  stm32f4xx_hal_tim.o(i.HAL_TIM_PWM_Start)
    i.HAL_TIM_PWM_Start_IT                   0x08002990   Section        0  stm32f4xx_hal_tim.o(i.HAL_TIM_PWM_Start_IT)
    i.HAL_TIM_PWM_Stop_IT                    0x08002a04   Section        0  stm32f4xx_hal_tim.o(i.HAL_TIM_PWM_Stop_IT)
    i.HAL_TIM_PeriodElapsedCallback          0x08002a8c   Section        0  stm32f4xx_hal_tim.o(i.HAL_TIM_PeriodElapsedCallback)
    i.HAL_TIM_TriggerCallback                0x08002a8e   Section        0  stm32f4xx_hal_tim.o(i.HAL_TIM_TriggerCallback)
    i.HardFault_Handler                      0x08002a90   Section        0  stm32f4xx_it.o(i.HardFault_Handler)
    i.MCUDriverMain_Init                     0x08002a92   Section        0  mcudrivermain.o(i.MCUDriverMain_Init)
    i.MCUDriverMain_Loop                     0x08002aa0   Section        0  mcudrivermain.o(i.MCUDriverMain_Loop)
    i.MX_ADC1_Init                           0x08002aa4   Section        0  adc.o(i.MX_ADC1_Init)
    i.MX_DMA_Init                            0x08002b20   Section        0  dma.o(i.MX_DMA_Init)
    i.MX_GPIO_Init                           0x08002b4c   Section        0  gpio.o(i.MX_GPIO_Init)
    i.MX_SPI3_Init                           0x08002c38   Section        0  spi.o(i.MX_SPI3_Init)
    i.MX_TIM1_Init                           0x08002c84   Section        0  tim.o(i.MX_TIM1_Init)
    i.MX_TIM3_Init                           0x08002d8c   Section        0  tim.o(i.MX_TIM3_Init)
    i.MemManage_Handler                      0x08002df8   Section        0  stm32f4xx_it.o(i.MemManage_Handler)
    i.MotorFocControl                        0x08002dfc   Section        0  focconfig.o(i.MotorFocControl)
    i.MotorSvpwmGenerate                     0x08002e08   Section        0  svpwmconfig.o(i.MotorSvpwmGenerate)
    i.NMI_Handler                            0x08002e14   Section        0  stm32f4xx_it.o(i.NMI_Handler)
    i.PendSV_Handler                         0x08002e16   Section        0  stm32f4xx_it.o(i.PendSV_Handler)
    i.PerDriverMain_Init                     0x08002e18   Section        0  perdrivermain.o(i.PerDriverMain_Init)
    i.PerDriverMain_Loop                     0x08002e2c   Section        0  perdrivermain.o(i.PerDriverMain_Loop)
    i.SEGGER_RTT_Write                       0x08002ecc   Section        0  segger_rtt.o(i.SEGGER_RTT_Write)
    i.SVC_Handler                            0x08002f60   Section        0  stm32f4xx_it.o(i.SVC_Handler)
    i.SetCurrentPIDParams                    0x08002f62   Section        0  foc.o(i.SetCurrentPIDParams)
    i.SetCurrentPIDTar                       0x08002f7a   Section        0  foc.o(i.SetCurrentPIDTar)
    i.SetFocEnable                           0x08002f84   Section        0  foc.o(i.SetFocEnable)
    i.SetMotorAndTimITEnable                 0x08002f90   Section        0  focconfig.o(i.SetMotorAndTimITEnable)
    SetMotorAndTimITEnable                   0x08002f91   Thumb Code    18  focconfig.o(i.SetMotorAndTimITEnable)
    i.SetMotorEnable                         0x08002fa4   Section        0  motorgpio.o(i.SetMotorEnable)
    i.SetTIM1Channel1HighLeaveTime_us        0x08002fb4   Section        0  tim1pwm.o(i.SetTIM1Channel1HighLeaveTime_us)
    i.SetTIM1Channel2HighLeaveTime_us        0x08003000   Section        0  tim1pwm.o(i.SetTIM1Channel2HighLeaveTime_us)
    i.SetTIM1Channel3HighLeaveTime_us        0x0800304c   Section        0  tim1pwm.o(i.SetTIM1Channel3HighLeaveTime_us)
    i.SetTIM1Channel4HighLeaveTime_us        0x08003098   Section        0  tim1pwm.o(i.SetTIM1Channel4HighLeaveTime_us)
    i.SetTarIDIQ                             0x080030e4   Section        0  focconfig.o(i.SetTarIDIQ)
    i.SetTimer3EncoderCnt                    0x080030f0   Section        0  tim3encoder.o(i.SetTimer3EncoderCnt)
    i.SvpwmContorol                          0x080030fc   Section        0  svpwm.o(i.SvpwmContorol)
    i.SvpwmGenerate                          0x08003118   Section        0  svpwm.o(i.SvpwmGenerate)
    i.SvpwmSectorJudgment                    0x08003234   Section        0  svpwm.o(i.SvpwmSectorJudgment)
    i.SysTick_Handler                        0x080032d0   Section        0  stm32f4xx_it.o(i.SysTick_Handler)
    i.SystemClock_Config                     0x080032e0   Section        0  main.o(i.SystemClock_Config)
    i.SystemInit                             0x08003364   Section        0  system_stm32f4xx.o(i.SystemInit)
    i.TIM1_CC_IRQHandler                     0x08003380   Section        0  stm32f4xx_it.o(i.TIM1_CC_IRQHandler)
    i.TIM1_Init                              0x08003394   Section        0  tim1pwm.o(i.TIM1_Init)
    i.TIM_Base_SetConfig                     0x080033fc   Section        0  stm32f4xx_hal_tim.o(i.TIM_Base_SetConfig)
    i.TIM_CCxChannelCmd                      0x080034c4   Section        0  stm32f4xx_hal_tim.o(i.TIM_CCxChannelCmd)
    i.TIM_CCxNChannelCmd                     0x080034de   Section        0  stm32f4xx_hal_tim_ex.o(i.TIM_CCxNChannelCmd)
    TIM_CCxNChannelCmd                       0x080034df   Thumb Code    26  stm32f4xx_hal_tim_ex.o(i.TIM_CCxNChannelCmd)
    i.TIM_ETR_SetConfig                      0x080034f8   Section        0  stm32f4xx_hal_tim.o(i.TIM_ETR_SetConfig)
    i.TIM_ITRx_SetConfig                     0x0800350c   Section        0  stm32f4xx_hal_tim.o(i.TIM_ITRx_SetConfig)
    TIM_ITRx_SetConfig                       0x0800350d   Thumb Code    16  stm32f4xx_hal_tim.o(i.TIM_ITRx_SetConfig)
    i.TIM_OC1_SetConfig                      0x0800351c   Section        0  stm32f4xx_hal_tim.o(i.TIM_OC1_SetConfig)
    TIM_OC1_SetConfig                        0x0800351d   Thumb Code    88  stm32f4xx_hal_tim.o(i.TIM_OC1_SetConfig)
    i.TIM_OC2_SetConfig                      0x0800357c   Section        0  stm32f4xx_hal_tim.o(i.TIM_OC2_SetConfig)
    i.TIM_OC3_SetConfig                      0x080035e8   Section        0  stm32f4xx_hal_tim.o(i.TIM_OC3_SetConfig)
    TIM_OC3_SetConfig                        0x080035e9   Thumb Code    96  stm32f4xx_hal_tim.o(i.TIM_OC3_SetConfig)
    i.TIM_OC4_SetConfig                      0x08003650   Section        0  stm32f4xx_hal_tim.o(i.TIM_OC4_SetConfig)
    TIM_OC4_SetConfig                        0x08003651   Thumb Code    70  stm32f4xx_hal_tim.o(i.TIM_OC4_SetConfig)
    i.TIM_TI1_ConfigInputStage               0x080036a0   Section        0  stm32f4xx_hal_tim.o(i.TIM_TI1_ConfigInputStage)
    TIM_TI1_ConfigInputStage                 0x080036a1   Thumb Code    34  stm32f4xx_hal_tim.o(i.TIM_TI1_ConfigInputStage)
    i.TIM_TI2_ConfigInputStage               0x080036c2   Section        0  stm32f4xx_hal_tim.o(i.TIM_TI2_ConfigInputStage)
    TIM_TI2_ConfigInputStage                 0x080036c3   Thumb Code    36  stm32f4xx_hal_tim.o(i.TIM_TI2_ConfigInputStage)
    i.Timer1Channel4ITEnable                 0x080036e8   Section        0  tim1pwm.o(i.Timer1Channel4ITEnable)
    i.TimerEncoderInit                       0x08003714   Section        0  tim3encoder.o(i.TimerEncoderInit)
    i.TimerEncoderReset                      0x08003744   Section        0  tim3encoder.o(i.TimerEncoderReset)
    i.UsageFault_Handler                     0x0800376c   Section        0  stm32f4xx_it.o(i.UsageFault_Handler)
    i.__0printf                              0x08003770   Section        0  printfa.o(i.__0printf)
    i.__NVIC_SetPriority                     0x08003790   Section        0  stm32f4xx_hal_cortex.o(i.__NVIC_SetPriority)
    __NVIC_SetPriority                       0x08003791   Thumb Code    32  stm32f4xx_hal_cortex.o(i.__NVIC_SetPriority)
    i.__scatterload_copy                     0x080037b0   Section       14  handlers.o(i.__scatterload_copy)
    i.__scatterload_null                     0x080037be   Section        2  handlers.o(i.__scatterload_null)
    i.__scatterload_zeroinit                 0x080037c0   Section       14  handlers.o(i.__scatterload_zeroinit)
    i._fp_digits                             0x080037d0   Section        0  printfa.o(i._fp_digits)
    _fp_digits                               0x080037d1   Thumb Code   366  printfa.o(i._fp_digits)
    i._printf_core                           0x08003954   Section        0  printfa.o(i._printf_core)
    _printf_core                             0x08003955   Thumb Code  1704  printfa.o(i._printf_core)
    i._printf_post_padding                   0x08004008   Section        0  printfa.o(i._printf_post_padding)
    _printf_post_padding                     0x08004009   Thumb Code    36  printfa.o(i._printf_post_padding)
    i._printf_pre_padding                    0x0800402c   Section        0  printfa.o(i._printf_pre_padding)
    _printf_pre_padding                      0x0800402d   Thumb Code    46  printfa.o(i._printf_pre_padding)
    i.fputc                                  0x0800405a   Section        0  segger_rtt.o(i.fputc)
    i.main                                   0x08004070   Section        0  main.o(i.main)
    i.rt_hw_us_delay                         0x0800409c   Section        0  timer.o(i.rt_hw_us_delay)
    .constdata                               0x080040d0   Section        8  stm32f4xx_hal_dma.o(.constdata)
    flagBitshiftOffset                       0x080040d0   Data           8  stm32f4xx_hal_dma.o(.constdata)
    .constdata                               0x080040d8   Section       16  system_stm32f4xx.o(.constdata)
    .constdata                               0x080040e8   Section     2052  arm_common_tables.o(.constdata)
    .conststring                             0x080048ec   Section        9  segger_rtt.o(.conststring)
    .data                                    0x20000000   Section       12  stm32f4xx_hal.o(.data)
    .data                                    0x2000000c   Section        4  system_stm32f4xx.o(.data)
    .data                                    0x20000010   Section        8  tim3encoder.o(.data)
    .data                                    0x20000018   Section        4  timer.o(.data)
    .data                                    0x2000001c   Section        8  gpionvic.o(.data)
    .data                                    0x20000024   Section       12  perdrivermain.o(.data)
    last_exec_ms                             0x20000028   Data           4  perdrivermain.o(.data)
    last_exec_ms                             0x2000002c   Data           4  perdrivermain.o(.data)
    .data                                    0x20000030   Section       88  svpwmconfig.o(.data)
    .data                                    0x20000088   Section      152  focconfig.o(.data)
    .data                                    0x20000120   Section      120  segger_rtt.o(.data)
    _SEGGER_RTT                              0x20000120   Data         120  segger_rtt.o(.data)
    .data                                    0x20000198   Section        4  stdout.o(.data)
    .bss                                     0x2000019c   Section      168  adc.o(.bss)
    .bss                                     0x20000244   Section       88  spi.o(.bss)
    .bss                                     0x2000029c   Section      128  tim.o(.bss)
    .bss                                     0x2000031c   Section       24  adc1.o(.bss)
    .bss                                     0x20000334   Section     1024  segger_rtt.o(.bss)
    _acUpBuffer                              0x20000334   Data        1024  segger_rtt.o(.bss)
    .bss                                     0x20000734   Section       16  segger_rtt.o(.bss)
    _acDownBuffer                            0x20000734   Data          16  segger_rtt.o(.bss)
    STACK                                    0x20000748   Section     1024  startup_stm32f405xx.o(STACK)

    Global Symbols

    Symbol Name                              Value     Ov Type        Size  Object(Section)

    BuildAttributes$$THM_ISAv4$E$P$D$K$B$S$7EM$VFPi3$EXTD16$VFPS$VFMA$PE$A:L22UL41UL21$X:L11$S22US41US21$IEEE1$IW$USESV6$~STKCKD$USESV7$~SHL$OTIME$ROPI$IEEEX$EBA8$MICROLIB$REQ8$PRES8$EABIv2 0x00000000   Number         0  anon$$obj.o ABSOLUTE
    __ARM_use_no_argv                        0x00000000   Number         0  main.o ABSOLUTE
    _printf_a                                0x00000000   Number         0  stubs.o ABSOLUTE
    _printf_c                                0x00000000   Number         0  stubs.o ABSOLUTE
    _printf_charcount                        0x00000000   Number         0  stubs.o ABSOLUTE
    _printf_d                                0x00000000   Number         0  stubs.o ABSOLUTE
    _printf_e                                0x00000000   Number         0  stubs.o ABSOLUTE
    _printf_f                                0x00000000   Number         0  stubs.o ABSOLUTE
    _printf_flags                            0x00000000   Number         0  stubs.o ABSOLUTE
    _printf_fp_dec                           0x00000000   Number         0  stubs.o ABSOLUTE
    _printf_fp_hex                           0x00000000   Number         0  stubs.o ABSOLUTE
    _printf_g                                0x00000000   Number         0  stubs.o ABSOLUTE
    _printf_i                                0x00000000   Number         0  stubs.o ABSOLUTE
    _printf_int_dec                          0x00000000   Number         0  stubs.o ABSOLUTE
    _printf_l                                0x00000000   Number         0  stubs.o ABSOLUTE
    _printf_lc                               0x00000000   Number         0  stubs.o ABSOLUTE
    _printf_ll                               0x00000000   Number         0  stubs.o ABSOLUTE
    _printf_lld                              0x00000000   Number         0  stubs.o ABSOLUTE
    _printf_lli                              0x00000000   Number         0  stubs.o ABSOLUTE
    _printf_llo                              0x00000000   Number         0  stubs.o ABSOLUTE
    _printf_llu                              0x00000000   Number         0  stubs.o ABSOLUTE
    _printf_llx                              0x00000000   Number         0  stubs.o ABSOLUTE
    _printf_longlong_dec                     0x00000000   Number         0  stubs.o ABSOLUTE
    _printf_longlong_hex                     0x00000000   Number         0  stubs.o ABSOLUTE
    _printf_longlong_oct                     0x00000000   Number         0  stubs.o ABSOLUTE
    _printf_ls                               0x00000000   Number         0  stubs.o ABSOLUTE
    _printf_mbtowc                           0x00000000   Number         0  stubs.o ABSOLUTE
    _printf_n                                0x00000000   Number         0  stubs.o ABSOLUTE
    _printf_o                                0x00000000   Number         0  stubs.o ABSOLUTE
    _printf_p                                0x00000000   Number         0  stubs.o ABSOLUTE
    _printf_percent                          0x00000000   Number         0  stubs.o ABSOLUTE
    _printf_pre_padding                      0x00000000   Number         0  stubs.o ABSOLUTE
    _printf_return_value                     0x00000000   Number         0  stubs.o ABSOLUTE
    _printf_s                                0x00000000   Number         0  stubs.o ABSOLUTE
    _printf_sizespec                         0x00000000   Number         0  stubs.o ABSOLUTE
    _printf_str                              0x00000000   Number         0  stubs.o ABSOLUTE
    _printf_truncate_signed                  0x00000000   Number         0  stubs.o ABSOLUTE
    _printf_truncate_unsigned                0x00000000   Number         0  stubs.o ABSOLUTE
    _printf_u                                0x00000000   Number         0  stubs.o ABSOLUTE
    _printf_wc                               0x00000000   Number         0  stubs.o ABSOLUTE
    _printf_wctomb                           0x00000000   Number         0  stubs.o ABSOLUTE
    _printf_widthprec                        0x00000000   Number         0  stubs.o ABSOLUTE
    _printf_x                                0x00000000   Number         0  stubs.o ABSOLUTE
    __arm_fini_                               - Undefined Weak Reference
    __cpp_initialize__aeabi_                  - Undefined Weak Reference
    __cxa_finalize                            - Undefined Weak Reference
    _clock_init                               - Undefined Weak Reference
    _microlib_exit                            - Undefined Weak Reference
    __Vectors_Size                           0x00000188   Number         0  startup_stm32f405xx.o ABSOLUTE
    __Vectors                                0x08000000   Data           4  startup_stm32f405xx.o(RESET)
    __Vectors_End                            0x08000188   Data           0  startup_stm32f405xx.o(RESET)
    __main                                   0x08000189   Thumb Code     0  entry.o(.ARM.Collect$$$$00000000)
    _main_stk                                0x08000189   Thumb Code     0  entry2.o(.ARM.Collect$$$$00000001)
    _main_scatterload                        0x0800018d   Thumb Code     0  entry5.o(.ARM.Collect$$$$00000004)
    __main_after_scatterload                 0x08000191   Thumb Code     0  entry5.o(.ARM.Collect$$$$00000004)
    _main_clock                              0x08000191   Thumb Code     0  entry7b.o(.ARM.Collect$$$$00000008)
    _main_cpp_init                           0x08000191   Thumb Code     0  entry8b.o(.ARM.Collect$$$$0000000A)
    _main_init                               0x08000191   Thumb Code     0  entry9a.o(.ARM.Collect$$$$0000000B)
    __rt_lib_shutdown_fini                   0x08000199   Thumb Code     0  entry12b.o(.ARM.Collect$$$$0000000E)
    __rt_final_cpp                           0x0800019d   Thumb Code     0  entry10a.o(.ARM.Collect$$$$0000000F)
    __rt_final_exit                          0x0800019d   Thumb Code     0  entry11a.o(.ARM.Collect$$$$00000011)
    Reset_Handler                            0x080001a1   Thumb Code     8  startup_stm32f405xx.o(.text)
    ADC_IRQHandler                           0x080001bb   Thumb Code     0  startup_stm32f405xx.o(.text)
    CAN1_RX0_IRQHandler                      0x080001bb   Thumb Code     0  startup_stm32f405xx.o(.text)
    CAN1_RX1_IRQHandler                      0x080001bb   Thumb Code     0  startup_stm32f405xx.o(.text)
    CAN1_SCE_IRQHandler                      0x080001bb   Thumb Code     0  startup_stm32f405xx.o(.text)
    CAN1_TX_IRQHandler                       0x080001bb   Thumb Code     0  startup_stm32f405xx.o(.text)
    CAN2_RX0_IRQHandler                      0x080001bb   Thumb Code     0  startup_stm32f405xx.o(.text)
    CAN2_RX1_IRQHandler                      0x080001bb   Thumb Code     0  startup_stm32f405xx.o(.text)
    CAN2_SCE_IRQHandler                      0x080001bb   Thumb Code     0  startup_stm32f405xx.o(.text)
    CAN2_TX_IRQHandler                       0x080001bb   Thumb Code     0  startup_stm32f405xx.o(.text)
    DMA1_Stream0_IRQHandler                  0x080001bb   Thumb Code     0  startup_stm32f405xx.o(.text)
    DMA1_Stream1_IRQHandler                  0x080001bb   Thumb Code     0  startup_stm32f405xx.o(.text)
    DMA1_Stream2_IRQHandler                  0x080001bb   Thumb Code     0  startup_stm32f405xx.o(.text)
    DMA1_Stream3_IRQHandler                  0x080001bb   Thumb Code     0  startup_stm32f405xx.o(.text)
    DMA1_Stream4_IRQHandler                  0x080001bb   Thumb Code     0  startup_stm32f405xx.o(.text)
    DMA1_Stream5_IRQHandler                  0x080001bb   Thumb Code     0  startup_stm32f405xx.o(.text)
    DMA1_Stream6_IRQHandler                  0x080001bb   Thumb Code     0  startup_stm32f405xx.o(.text)
    DMA1_Stream7_IRQHandler                  0x080001bb   Thumb Code     0  startup_stm32f405xx.o(.text)
    DMA2_Stream1_IRQHandler                  0x080001bb   Thumb Code     0  startup_stm32f405xx.o(.text)
    DMA2_Stream2_IRQHandler                  0x080001bb   Thumb Code     0  startup_stm32f405xx.o(.text)
    DMA2_Stream3_IRQHandler                  0x080001bb   Thumb Code     0  startup_stm32f405xx.o(.text)
    DMA2_Stream4_IRQHandler                  0x080001bb   Thumb Code     0  startup_stm32f405xx.o(.text)
    DMA2_Stream5_IRQHandler                  0x080001bb   Thumb Code     0  startup_stm32f405xx.o(.text)
    DMA2_Stream6_IRQHandler                  0x080001bb   Thumb Code     0  startup_stm32f405xx.o(.text)
    DMA2_Stream7_IRQHandler                  0x080001bb   Thumb Code     0  startup_stm32f405xx.o(.text)
    EXTI0_IRQHandler                         0x080001bb   Thumb Code     0  startup_stm32f405xx.o(.text)
    EXTI15_10_IRQHandler                     0x080001bb   Thumb Code     0  startup_stm32f405xx.o(.text)
    EXTI1_IRQHandler                         0x080001bb   Thumb Code     0  startup_stm32f405xx.o(.text)
    EXTI2_IRQHandler                         0x080001bb   Thumb Code     0  startup_stm32f405xx.o(.text)
    EXTI3_IRQHandler                         0x080001bb   Thumb Code     0  startup_stm32f405xx.o(.text)
    EXTI4_IRQHandler                         0x080001bb   Thumb Code     0  startup_stm32f405xx.o(.text)
    FLASH_IRQHandler                         0x080001bb   Thumb Code     0  startup_stm32f405xx.o(.text)
    FMC_IRQHandler                           0x080001bb   Thumb Code     0  startup_stm32f405xx.o(.text)
    FPU_IRQHandler                           0x080001bb   Thumb Code     0  startup_stm32f405xx.o(.text)
    HASH_RNG_IRQHandler                      0x080001bb   Thumb Code     0  startup_stm32f405xx.o(.text)
    I2C1_ER_IRQHandler                       0x080001bb   Thumb Code     0  startup_stm32f405xx.o(.text)
    I2C1_EV_IRQHandler                       0x080001bb   Thumb Code     0  startup_stm32f405xx.o(.text)
    I2C2_ER_IRQHandler                       0x080001bb   Thumb Code     0  startup_stm32f405xx.o(.text)
    I2C2_EV_IRQHandler                       0x080001bb   Thumb Code     0  startup_stm32f405xx.o(.text)
    I2C3_ER_IRQHandler                       0x080001bb   Thumb Code     0  startup_stm32f405xx.o(.text)
    I2C3_EV_IRQHandler                       0x080001bb   Thumb Code     0  startup_stm32f405xx.o(.text)
    OTG_FS_IRQHandler                        0x080001bb   Thumb Code     0  startup_stm32f405xx.o(.text)
    OTG_FS_WKUP_IRQHandler                   0x080001bb   Thumb Code     0  startup_stm32f405xx.o(.text)
    OTG_HS_EP1_IN_IRQHandler                 0x080001bb   Thumb Code     0  startup_stm32f405xx.o(.text)
    OTG_HS_EP1_OUT_IRQHandler                0x080001bb   Thumb Code     0  startup_stm32f405xx.o(.text)
    OTG_HS_IRQHandler                        0x080001bb   Thumb Code     0  startup_stm32f405xx.o(.text)
    OTG_HS_WKUP_IRQHandler                   0x080001bb   Thumb Code     0  startup_stm32f405xx.o(.text)
    PVD_IRQHandler                           0x080001bb   Thumb Code     0  startup_stm32f405xx.o(.text)
    RCC_IRQHandler                           0x080001bb   Thumb Code     0  startup_stm32f405xx.o(.text)
    RTC_Alarm_IRQHandler                     0x080001bb   Thumb Code     0  startup_stm32f405xx.o(.text)
    RTC_WKUP_IRQHandler                      0x080001bb   Thumb Code     0  startup_stm32f405xx.o(.text)
    SDIO_IRQHandler                          0x080001bb   Thumb Code     0  startup_stm32f405xx.o(.text)
    SPI1_IRQHandler                          0x080001bb   Thumb Code     0  startup_stm32f405xx.o(.text)
    SPI2_IRQHandler                          0x080001bb   Thumb Code     0  startup_stm32f405xx.o(.text)
    SPI3_IRQHandler                          0x080001bb   Thumb Code     0  startup_stm32f405xx.o(.text)
    TAMP_STAMP_IRQHandler                    0x080001bb   Thumb Code     0  startup_stm32f405xx.o(.text)
    TIM1_BRK_TIM9_IRQHandler                 0x080001bb   Thumb Code     0  startup_stm32f405xx.o(.text)
    TIM1_TRG_COM_TIM11_IRQHandler            0x080001bb   Thumb Code     0  startup_stm32f405xx.o(.text)
    TIM1_UP_TIM10_IRQHandler                 0x080001bb   Thumb Code     0  startup_stm32f405xx.o(.text)
    TIM2_IRQHandler                          0x080001bb   Thumb Code     0  startup_stm32f405xx.o(.text)
    TIM3_IRQHandler                          0x080001bb   Thumb Code     0  startup_stm32f405xx.o(.text)
    TIM4_IRQHandler                          0x080001bb   Thumb Code     0  startup_stm32f405xx.o(.text)
    TIM5_IRQHandler                          0x080001bb   Thumb Code     0  startup_stm32f405xx.o(.text)
    TIM6_DAC_IRQHandler                      0x080001bb   Thumb Code     0  startup_stm32f405xx.o(.text)
    TIM7_IRQHandler                          0x080001bb   Thumb Code     0  startup_stm32f405xx.o(.text)
    TIM8_BRK_TIM12_IRQHandler                0x080001bb   Thumb Code     0  startup_stm32f405xx.o(.text)
    TIM8_CC_IRQHandler                       0x080001bb   Thumb Code     0  startup_stm32f405xx.o(.text)
    TIM8_TRG_COM_TIM14_IRQHandler            0x080001bb   Thumb Code     0  startup_stm32f405xx.o(.text)
    TIM8_UP_TIM13_IRQHandler                 0x080001bb   Thumb Code     0  startup_stm32f405xx.o(.text)
    UART4_IRQHandler                         0x080001bb   Thumb Code     0  startup_stm32f405xx.o(.text)
    UART5_IRQHandler                         0x080001bb   Thumb Code     0  startup_stm32f405xx.o(.text)
    USART1_IRQHandler                        0x080001bb   Thumb Code     0  startup_stm32f405xx.o(.text)
    USART2_IRQHandler                        0x080001bb   Thumb Code     0  startup_stm32f405xx.o(.text)
    USART3_IRQHandler                        0x080001bb   Thumb Code     0  startup_stm32f405xx.o(.text)
    USART6_IRQHandler                        0x080001bb   Thumb Code     0  startup_stm32f405xx.o(.text)
    WWDG_IRQHandler                          0x080001bb   Thumb Code     0  startup_stm32f405xx.o(.text)
    arm_cos_f32                              0x080001c5   Thumb Code   108  arm_cos_f32.o(.text)
    arm_sin_f32                              0x0800023d   Thumb Code   130  arm_sin_f32.o(.text)
    __aeabi_uldivmod                         0x080002d1   Thumb Code    98  uldiv.o(.text)
    __aeabi_memcpy                           0x08000333   Thumb Code    36  memcpya.o(.text)
    __aeabi_memcpy4                          0x08000333   Thumb Code     0  memcpya.o(.text)
    __aeabi_memcpy8                          0x08000333   Thumb Code     0  memcpya.o(.text)
    __aeabi_memset                           0x08000357   Thumb Code    14  memseta.o(.text)
    __aeabi_memset4                          0x08000357   Thumb Code     0  memseta.o(.text)
    __aeabi_memset8                          0x08000357   Thumb Code     0  memseta.o(.text)
    __aeabi_memclr                           0x08000365   Thumb Code     4  memseta.o(.text)
    __aeabi_memclr4                          0x08000365   Thumb Code     0  memseta.o(.text)
    __aeabi_memclr8                          0x08000365   Thumb Code     0  memseta.o(.text)
    _memset$wrapper                          0x08000369   Thumb Code    18  memseta.o(.text)
    __aeabi_f2d                              0x0800037b   Thumb Code    38  f2d.o(.text)
    __aeabi_cdcmpeq                          0x080003a1   Thumb Code     0  cdcmple.o(.text)
    __aeabi_cdcmple                          0x080003a1   Thumb Code    48  cdcmple.o(.text)
    __aeabi_uidiv                            0x080003d1   Thumb Code     0  uidiv.o(.text)
    __aeabi_uidivmod                         0x080003d1   Thumb Code    44  uidiv.o(.text)
    __aeabi_llsl                             0x080003fd   Thumb Code    30  llshl.o(.text)
    _ll_shift_l                              0x080003fd   Thumb Code     0  llshl.o(.text)
    __aeabi_llsr                             0x0800041b   Thumb Code    32  llushr.o(.text)
    _ll_ushift_r                             0x0800041b   Thumb Code     0  llushr.o(.text)
    __I$use$fp                               0x0800043b   Thumb Code     0  iusefp.o(.text)
    __aeabi_dadd                             0x0800043b   Thumb Code   322  dadd.o(.text)
    __aeabi_dsub                             0x0800057d   Thumb Code     6  dadd.o(.text)
    __aeabi_drsub                            0x08000583   Thumb Code     6  dadd.o(.text)
    __aeabi_dmul                             0x08000589   Thumb Code   228  dmul.o(.text)
    __aeabi_ddiv                             0x0800066d   Thumb Code   222  ddiv.o(.text)
    __aeabi_d2ulz                            0x0800074b   Thumb Code    48  dfixul.o(.text)
    __aeabi_cdrcmple                         0x0800077d   Thumb Code    48  cdrcmple.o(.text)
    __scatterload                            0x080007ad   Thumb Code    28  init.o(.text)
    __scatterload_rt2                        0x080007ad   Thumb Code     0  init.o(.text)
    __aeabi_lasr                             0x080007d1   Thumb Code    36  llsshr.o(.text)
    _ll_sshift_r                             0x080007d1   Thumb Code     0  llsshr.o(.text)
    _double_round                            0x080007f5   Thumb Code    30  depilogue.o(.text)
    _double_epilogue                         0x08000813   Thumb Code   156  depilogue.o(.text)
    __decompress                             0x080008af   Thumb Code     0  __dczerorl2.o(.text)
    __decompress1                            0x080008af   Thumb Code    86  __dczerorl2.o(.text)
    ADCDMAIRQHandler                         0x08000905   Thumb Code    20  adc1.o(i.ADCDMAIRQHandler)
    ADCDMAStart                              0x0800091d   Thumb Code    10  adc1.o(i.ADCDMAStart)
    APPMain_Init                             0x08000ae9   Thumb Code    18  appmain.o(i.APPMain_Init)
    APPMain_Loop                             0x08000afb   Thumb Code    18  appmain.o(i.APPMain_Loop)
    BusFault_Handler                         0x08000b0d   Thumb Code     2  stm32f4xx_it.o(i.BusFault_Handler)
    DMA2_Stream0_IRQHandler                  0x08000ca9   Thumb Code    20  stm32f4xx_it.o(i.DMA2_Stream0_IRQHandler)
    DebugMon_Handler                         0x08000d65   Thumb Code     2  stm32f4xx_it.o(i.DebugMon_Handler)
    EXTI9_5_IRQHandler                       0x08000d67   Thumb Code     8  stm32f4xx_it.o(i.EXTI9_5_IRQHandler)
    Error_Handler                            0x08000d6f   Thumb Code     2  main.o(i.Error_Handler)
    FOCConfigPrintf                          0x08000d71   Thumb Code     6  focconfig.o(i.FOCConfigPrintf)
    FOCConfig_Init                           0x08000d7d   Thumb Code   166  focconfig.o(i.FOCConfig_Init)
    FOCPrintf                                0x08000e41   Thumb Code   148  foc.o(i.FOCPrintf)
    FocContorl                               0x08000f0d   Thumb Code   260  foc.o(i.FocContorl)
    FunctionMain_Init                        0x08001019   Thumb Code     2  functionmain.o(i.FunctionMain_Init)
    FunctionMain_Loop                        0x0800101b   Thumb Code     2  functionmain.o(i.FunctionMain_Loop)
    GPIONVIC_Init                            0x0800101d   Thumb Code    10  gpionvic.o(i.GPIONVIC_Init)
    GetADC1ChannelXValue                     0x0800102d   Thumb Code    26  adc1.o(i.GetADC1ChannelXValue)
    GetMotorSVPWMSector                      0x080010c1   Thumb Code     6  svpwmconfig.o(i.GetMotorSVPWMSector)
    GetSVPWMSector                           0x080010cd   Thumb Code     6  svpwm.o(i.GetSVPWMSector)
    GetTimer3EncoderAngle                    0x080010d5   Thumb Code    56  tim3encoder.o(i.GetTimer3EncoderAngle)
    GetTimer3EncoderCnt                      0x08001119   Thumb Code    56  tim3encoder.o(i.GetTimer3EncoderCnt)
    GetVectorDuration                        0x08001159   Thumb Code   332  svpwm.o(i.GetVectorDuration)
    HAL_ADC_ConfigChannel                    0x080012ad   Thumb Code   316  stm32f4xx_hal_adc.o(i.HAL_ADC_ConfigChannel)
    HAL_ADC_ConvCpltCallback                 0x080013f9   Thumb Code     2  stm32f4xx_hal_adc.o(i.HAL_ADC_ConvCpltCallback)
    HAL_ADC_ConvHalfCpltCallback             0x080013fb   Thumb Code     2  stm32f4xx_hal_adc.o(i.HAL_ADC_ConvHalfCpltCallback)
    HAL_ADC_ErrorCallback                    0x080013fd   Thumb Code     2  stm32f4xx_hal_adc.o(i.HAL_ADC_ErrorCallback)
    HAL_ADC_Init                             0x080013ff   Thumb Code    84  stm32f4xx_hal_adc.o(i.HAL_ADC_Init)
    HAL_ADC_MspInit                          0x08001455   Thumb Code   132  adc.o(i.HAL_ADC_MspInit)
    HAL_ADC_Start_DMA                        0x080014ed   Thumb Code   268  stm32f4xx_hal_adc.o(i.HAL_ADC_Start_DMA)
    HAL_DMA_IRQHandler                       0x0800161d   Thumb Code   412  stm32f4xx_hal_dma.o(i.HAL_DMA_IRQHandler)
    HAL_DMA_Init                             0x080017bd   Thumb Code   206  stm32f4xx_hal_dma.o(i.HAL_DMA_Init)
    HAL_DMA_Start_IT                         0x08001891   Thumb Code   110  stm32f4xx_hal_dma.o(i.HAL_DMA_Start_IT)
    HAL_Delay                                0x08001901   Thumb Code    32  stm32f4xx_hal.o(i.HAL_Delay)
    HAL_GPIO_EXTI_Callback                   0x08001925   Thumb Code    44  gpionvic.o(i.HAL_GPIO_EXTI_Callback)
    HAL_GPIO_EXTI_IRQHandler                 0x0800195d   Thumb Code    18  stm32f4xx_hal_gpio.o(i.HAL_GPIO_EXTI_IRQHandler)
    HAL_GPIO_Init                            0x08001975   Thumb Code   394  stm32f4xx_hal_gpio.o(i.HAL_GPIO_Init)
    HAL_GPIO_WritePin                        0x08001b2d   Thumb Code    10  stm32f4xx_hal_gpio.o(i.HAL_GPIO_WritePin)
    HAL_GetTick                              0x08001b39   Thumb Code     6  stm32f4xx_hal.o(i.HAL_GetTick)
    HAL_IncTick                              0x08001b45   Thumb Code    12  stm32f4xx_hal.o(i.HAL_IncTick)
    HAL_Init                                 0x08001b55   Thumb Code    48  stm32f4xx_hal.o(i.HAL_Init)
    HAL_InitTick                             0x08001b89   Thumb Code    54  stm32f4xx_hal.o(i.HAL_InitTick)
    HAL_MspInit                              0x08001bc9   Thumb Code    42  stm32f4xx_hal_msp.o(i.HAL_MspInit)
    HAL_NVIC_EnableIRQ                       0x08001bf9   Thumb Code    26  stm32f4xx_hal_cortex.o(i.HAL_NVIC_EnableIRQ)
    HAL_NVIC_SetPriority                     0x08001c15   Thumb Code    60  stm32f4xx_hal_cortex.o(i.HAL_NVIC_SetPriority)
    HAL_NVIC_SetPriorityGrouping             0x08001c55   Thumb Code    26  stm32f4xx_hal_cortex.o(i.HAL_NVIC_SetPriorityGrouping)
    HAL_RCC_ClockConfig                      0x08001c79   Thumb Code   288  stm32f4xx_hal_rcc.o(i.HAL_RCC_ClockConfig)
    HAL_RCC_GetSysClockFreq                  0x08001dad   Thumb Code    88  stm32f4xx_hal_rcc.o(i.HAL_RCC_GetSysClockFreq)
    HAL_RCC_OscConfig                        0x08001e0d   Thumb Code   840  stm32f4xx_hal_rcc.o(i.HAL_RCC_OscConfig)
    HAL_SPI_Init                             0x08002169   Thumb Code   128  stm32f4xx_hal_spi.o(i.HAL_SPI_Init)
    HAL_SPI_MspInit                          0x080021e9   Thumb Code    94  spi.o(i.HAL_SPI_MspInit)
    HAL_SYSTICK_Config                       0x08002255   Thumb Code    40  stm32f4xx_hal_cortex.o(i.HAL_SYSTICK_Config)
    HAL_TIMEx_BreakCallback                  0x0800227d   Thumb Code     2  stm32f4xx_hal_tim_ex.o(i.HAL_TIMEx_BreakCallback)
    HAL_TIMEx_CommutCallback                 0x0800227f   Thumb Code     2  stm32f4xx_hal_tim_ex.o(i.HAL_TIMEx_CommutCallback)
    HAL_TIMEx_ConfigBreakDeadTime            0x08002281   Thumb Code    84  stm32f4xx_hal_tim_ex.o(i.HAL_TIMEx_ConfigBreakDeadTime)
    HAL_TIMEx_MasterConfigSynchronization    0x080022d5   Thumb Code   116  stm32f4xx_hal_tim_ex.o(i.HAL_TIMEx_MasterConfigSynchronization)
    HAL_TIMEx_PWMN_Start                     0x08002365   Thumb Code    46  stm32f4xx_hal_tim_ex.o(i.HAL_TIMEx_PWMN_Start)
    HAL_TIM_Base_Init                        0x08002393   Thumb Code    54  stm32f4xx_hal_tim.o(i.HAL_TIM_Base_Init)
    HAL_TIM_Base_MspInit                     0x080023c9   Thumb Code    50  tim.o(i.HAL_TIM_Base_MspInit)
    HAL_TIM_Base_Start_IT                    0x08002405   Thumb Code    34  stm32f4xx_hal_tim.o(i.HAL_TIM_Base_Start_IT)
    HAL_TIM_Base_Stop_IT                     0x08002427   Thumb Code    42  stm32f4xx_hal_tim.o(i.HAL_TIM_Base_Stop_IT)
    HAL_TIM_ConfigClockSource                0x08002451   Thumb Code   214  stm32f4xx_hal_tim.o(i.HAL_TIM_ConfigClockSource)
    HAL_TIM_Encoder_Init                     0x08002527   Thumb Code   152  stm32f4xx_hal_tim.o(i.HAL_TIM_Encoder_Init)
    HAL_TIM_Encoder_MspInit                  0x080025c1   Thumb Code    88  tim.o(i.HAL_TIM_Encoder_MspInit)
    HAL_TIM_Encoder_Start                    0x08002625   Thumb Code    52  stm32f4xx_hal_tim.o(i.HAL_TIM_Encoder_Start)
    HAL_TIM_IC_CaptureCallback               0x08002659   Thumb Code     2  stm32f4xx_hal_tim.o(i.HAL_TIM_IC_CaptureCallback)
    HAL_TIM_IRQHandler                       0x0800265b   Thumb Code   358  stm32f4xx_hal_tim.o(i.HAL_TIM_IRQHandler)
    HAL_TIM_MspPostInit                      0x080027c1   Thumb Code   110  tim.o(i.HAL_TIM_MspPostInit)
    HAL_TIM_OC_DelayElapsedCallback          0x08002841   Thumb Code     2  stm32f4xx_hal_tim.o(i.HAL_TIM_OC_DelayElapsedCallback)
    HAL_TIM_PWM_ConfigChannel                0x08002843   Thumb Code   208  stm32f4xx_hal_tim.o(i.HAL_TIM_PWM_ConfigChannel)
    HAL_TIM_PWM_Init                         0x08002913   Thumb Code    54  stm32f4xx_hal_tim.o(i.HAL_TIM_PWM_Init)
    HAL_TIM_PWM_MspInit                      0x08002949   Thumb Code     2  stm32f4xx_hal_tim.o(i.HAL_TIM_PWM_MspInit)
    HAL_TIM_PWM_PulseFinishedCallback        0x0800294b   Thumb Code     2  stm32f4xx_hal_tim.o(i.HAL_TIM_PWM_PulseFinishedCallback)
    HAL_TIM_PWM_Start                        0x0800294d   Thumb Code    58  stm32f4xx_hal_tim.o(i.HAL_TIM_PWM_Start)
    HAL_TIM_PWM_Start_IT                     0x08002991   Thumb Code   108  stm32f4xx_hal_tim.o(i.HAL_TIM_PWM_Start_IT)
    HAL_TIM_PWM_Stop_IT                      0x08002a05   Thumb Code   128  stm32f4xx_hal_tim.o(i.HAL_TIM_PWM_Stop_IT)
    HAL_TIM_PeriodElapsedCallback            0x08002a8d   Thumb Code     2  stm32f4xx_hal_tim.o(i.HAL_TIM_PeriodElapsedCallback)
    HAL_TIM_TriggerCallback                  0x08002a8f   Thumb Code     2  stm32f4xx_hal_tim.o(i.HAL_TIM_TriggerCallback)
    HardFault_Handler                        0x08002a91   Thumb Code     2  stm32f4xx_it.o(i.HardFault_Handler)
    MCUDriverMain_Init                       0x08002a93   Thumb Code    14  mcudrivermain.o(i.MCUDriverMain_Init)
    MCUDriverMain_Loop                       0x08002aa1   Thumb Code     2  mcudrivermain.o(i.MCUDriverMain_Loop)
    MX_ADC1_Init                             0x08002aa5   Thumb Code   110  adc.o(i.MX_ADC1_Init)
    MX_DMA_Init                              0x08002b21   Thumb Code    40  dma.o(i.MX_DMA_Init)
    MX_GPIO_Init                             0x08002b4d   Thumb Code   216  gpio.o(i.MX_GPIO_Init)
    MX_SPI3_Init                             0x08002c39   Thumb Code    66  spi.o(i.MX_SPI3_Init)
    MX_TIM1_Init                             0x08002c85   Thumb Code   254  tim.o(i.MX_TIM1_Init)
    MX_TIM3_Init                             0x08002d8d   Thumb Code   100  tim.o(i.MX_TIM3_Init)
    MemManage_Handler                        0x08002df9   Thumb Code     2  stm32f4xx_it.o(i.MemManage_Handler)
    MotorFocControl                          0x08002dfd   Thumb Code     6  focconfig.o(i.MotorFocControl)
    MotorSvpwmGenerate                       0x08002e09   Thumb Code     6  svpwmconfig.o(i.MotorSvpwmGenerate)
    NMI_Handler                              0x08002e15   Thumb Code     2  stm32f4xx_it.o(i.NMI_Handler)
    PendSV_Handler                           0x08002e17   Thumb Code     2  stm32f4xx_it.o(i.PendSV_Handler)
    PerDriverMain_Init                       0x08002e19   Thumb Code    18  perdrivermain.o(i.PerDriverMain_Init)
    PerDriverMain_Loop                       0x08002e2d   Thumb Code   148  perdrivermain.o(i.PerDriverMain_Loop)
    SEGGER_RTT_Write                         0x08002ecd   Thumb Code   142  segger_rtt.o(i.SEGGER_RTT_Write)
    SVC_Handler                              0x08002f61   Thumb Code     2  stm32f4xx_it.o(i.SVC_Handler)
    SetCurrentPIDParams                      0x08002f63   Thumb Code    24  foc.o(i.SetCurrentPIDParams)
    SetCurrentPIDTar                         0x08002f7b   Thumb Code    10  foc.o(i.SetCurrentPIDTar)
    SetFocEnable                             0x08002f85   Thumb Code    12  foc.o(i.SetFocEnable)
    SetMotorEnable                           0x08002fa5   Thumb Code    12  motorgpio.o(i.SetMotorEnable)
    SetTIM1Channel1HighLeaveTime_us          0x08002fb5   Thumb Code    54  tim1pwm.o(i.SetTIM1Channel1HighLeaveTime_us)
    SetTIM1Channel2HighLeaveTime_us          0x08003001   Thumb Code    54  tim1pwm.o(i.SetTIM1Channel2HighLeaveTime_us)
    SetTIM1Channel3HighLeaveTime_us          0x0800304d   Thumb Code    54  tim1pwm.o(i.SetTIM1Channel3HighLeaveTime_us)
    SetTIM1Channel4HighLeaveTime_us          0x08003099   Thumb Code    54  tim1pwm.o(i.SetTIM1Channel4HighLeaveTime_us)
    SetTarIDIQ                               0x080030e5   Thumb Code     6  focconfig.o(i.SetTarIDIQ)
    SetTimer3EncoderCnt                      0x080030f1   Thumb Code     6  tim3encoder.o(i.SetTimer3EncoderCnt)
    SvpwmContorol                            0x080030fd   Thumb Code    28  svpwm.o(i.SvpwmContorol)
    SvpwmGenerate                            0x08003119   Thumb Code   284  svpwm.o(i.SvpwmGenerate)
    SvpwmSectorJudgment                      0x08003235   Thumb Code   148  svpwm.o(i.SvpwmSectorJudgment)
    SysTick_Handler                          0x080032d1   Thumb Code    12  stm32f4xx_it.o(i.SysTick_Handler)
    SystemClock_Config                       0x080032e1   Thumb Code   124  main.o(i.SystemClock_Config)
    SystemInit                               0x08003365   Thumb Code    22  system_stm32f4xx.o(i.SystemInit)
    TIM1_CC_IRQHandler                       0x08003381   Thumb Code    16  stm32f4xx_it.o(i.TIM1_CC_IRQHandler)
    TIM1_Init                                0x08003395   Thumb Code    96  tim1pwm.o(i.TIM1_Init)
    TIM_Base_SetConfig                       0x080033fd   Thumb Code   156  stm32f4xx_hal_tim.o(i.TIM_Base_SetConfig)
    TIM_CCxChannelCmd                        0x080034c5   Thumb Code    26  stm32f4xx_hal_tim.o(i.TIM_CCxChannelCmd)
    TIM_ETR_SetConfig                        0x080034f9   Thumb Code    20  stm32f4xx_hal_tim.o(i.TIM_ETR_SetConfig)
    TIM_OC2_SetConfig                        0x0800357d   Thumb Code    98  stm32f4xx_hal_tim.o(i.TIM_OC2_SetConfig)
    Timer1Channel4ITEnable                   0x080036e9   Thumb Code    40  tim1pwm.o(i.Timer1Channel4ITEnable)
    TimerEncoderInit                         0x08003715   Thumb Code    36  tim3encoder.o(i.TimerEncoderInit)
    TimerEncoderReset                        0x08003745   Thumb Code    26  tim3encoder.o(i.TimerEncoderReset)
    UsageFault_Handler                       0x0800376d   Thumb Code     2  stm32f4xx_it.o(i.UsageFault_Handler)
    __0printf                                0x08003771   Thumb Code    22  printfa.o(i.__0printf)
    __1printf                                0x08003771   Thumb Code     0  printfa.o(i.__0printf)
    __2printf                                0x08003771   Thumb Code     0  printfa.o(i.__0printf)
    __c89printf                              0x08003771   Thumb Code     0  printfa.o(i.__0printf)
    printf                                   0x08003771   Thumb Code     0  printfa.o(i.__0printf)
    __scatterload_copy                       0x080037b1   Thumb Code    14  handlers.o(i.__scatterload_copy)
    __scatterload_null                       0x080037bf   Thumb Code     2  handlers.o(i.__scatterload_null)
    __scatterload_zeroinit                   0x080037c1   Thumb Code    14  handlers.o(i.__scatterload_zeroinit)
    fputc                                    0x0800405b   Thumb Code    22  segger_rtt.o(i.fputc)
    main                                     0x08004071   Thumb Code    42  main.o(i.main)
    rt_hw_us_delay                           0x0800409d   Thumb Code    42  timer.o(i.rt_hw_us_delay)
    AHBPrescTable                            0x080040d8   Data          16  system_stm32f4xx.o(.constdata)
    sinTable_f32                             0x080040e8   Data        2052  arm_common_tables.o(.constdata)
    Region$$Table$$Base                      0x080048f8   Number         0  anon$$obj.o(Region$$Table)
    Region$$Table$$Limit                     0x08004918   Number         0  anon$$obj.o(Region$$Table)
    uwTickFreq                               0x20000000   Data           1  stm32f4xx_hal.o(.data)
    uwTickPrio                               0x20000004   Data           4  stm32f4xx_hal.o(.data)
    uwTick                                   0x20000008   Data           4  stm32f4xx_hal.o(.data)
    SystemCoreClock                          0x2000000c   Data           4  system_stm32f4xx.o(.data)
    gSTTimerEncoder                          0x20000010   Data           8  tim3encoder.o(.data)
    gMS_TimeCNT                              0x20000018   Data           4  timer.o(.data)
    gEncoderCal                              0x2000001c   Data           8  gpionvic.o(.data)
    a                                        0x20000024   Data           4  perdrivermain.o(.data)
    gMotor                                   0x20000030   Data          88  svpwmconfig.o(.data)
    gMotorFOC                                0x20000088   Data         152  focconfig.o(.data)
    __stdout                                 0x20000198   Data           4  stdout.o(.data)
    hadc1                                    0x2000019c   Data          72  adc.o(.bss)
    hdma_adc1                                0x200001e4   Data          96  adc.o(.bss)
    hspi3                                    0x20000244   Data          88  spi.o(.bss)
    htim1                                    0x2000029c   Data          64  tim.o(.bss)
    htim3                                    0x200002dc   Data          64  tim.o(.bss)
    gADC1                                    0x2000031c   Data          24  adc1.o(.bss)
    __initial_sp                             0x20000b48   Data           0  startup_stm32f405xx.o(STACK)



==============================================================================

Memory Map of the image

  Image Entry point : 0x08000189

  Load Region LR_IROM1 (Base: 0x08000000, Size: 0x00004ab4, Max: 0x00100000, ABSOLUTE, COMPRESSED[0x00004978])

    Execution Region ER_IROM1 (Exec base: 0x08000000, Load base: 0x08000000, Size: 0x00004918, Max: 0x00100000, ABSOLUTE)

    Exec Addr    Load Addr    Size         Type   Attr      Idx    E Section Name        Object

    0x08000000   0x08000000   0x00000188   Data   RO            3    RESET               startup_stm32f405xx.o
    0x08000188   0x08000188   0x00000000   Code   RO         4178  * .ARM.Collect$$$$00000000  mc_w.l(entry.o)
    0x08000188   0x08000188   0x00000004   Code   RO         4456    .ARM.Collect$$$$00000001  mc_w.l(entry2.o)
    0x0800018c   0x0800018c   0x00000004   Code   RO         4459    .ARM.Collect$$$$00000004  mc_w.l(entry5.o)
    0x08000190   0x08000190   0x00000000   Code   RO         4461    .ARM.Collect$$$$00000008  mc_w.l(entry7b.o)
    0x08000190   0x08000190   0x00000000   Code   RO         4463    .ARM.Collect$$$$0000000A  mc_w.l(entry8b.o)
    0x08000190   0x08000190   0x00000008   Code   RO         4464    .ARM.Collect$$$$0000000B  mc_w.l(entry9a.o)
    0x08000198   0x08000198   0x00000004   Code   RO         4471    .ARM.Collect$$$$0000000E  mc_w.l(entry12b.o)
    0x0800019c   0x0800019c   0x00000000   Code   RO         4466    .ARM.Collect$$$$0000000F  mc_w.l(entry10a.o)
    0x0800019c   0x0800019c   0x00000000   Code   RO         4468    .ARM.Collect$$$$00000011  mc_w.l(entry11a.o)
    0x0800019c   0x0800019c   0x00000004   Code   RO         4457    .ARM.Collect$$$$00002712  mc_w.l(entry2.o)
    0x080001a0   0x080001a0   0x00000024   Code   RO            4    .text               startup_stm32f405xx.o
    0x080001c4   0x080001c4   0x00000078   Code   RO         4025    .text               arm_cortexM4lf_math.lib(arm_cos_f32.o)
    0x0800023c   0x0800023c   0x00000094   Code   RO         4075    .text               arm_cortexM4lf_math.lib(arm_sin_f32.o)
    0x080002d0   0x080002d0   0x00000062   Code   RO         4181    .text               mc_w.l(uldiv.o)
    0x08000332   0x08000332   0x00000024   Code   RO         4183    .text               mc_w.l(memcpya.o)
    0x08000356   0x08000356   0x00000024   Code   RO         4185    .text               mc_w.l(memseta.o)
    0x0800037a   0x0800037a   0x00000026   Code   RO         4452    .text               mf_w.l(f2d.o)
    0x080003a0   0x080003a0   0x00000030   Code   RO         4454    .text               mf_w.l(cdcmple.o)
    0x080003d0   0x080003d0   0x0000002c   Code   RO         4473    .text               mc_w.l(uidiv.o)
    0x080003fc   0x080003fc   0x0000001e   Code   RO         4475    .text               mc_w.l(llshl.o)
    0x0800041a   0x0800041a   0x00000020   Code   RO         4477    .text               mc_w.l(llushr.o)
    0x0800043a   0x0800043a   0x00000000   Code   RO         4479    .text               mc_w.l(iusefp.o)
    0x0800043a   0x0800043a   0x0000014e   Code   RO         4480    .text               mf_w.l(dadd.o)
    0x08000588   0x08000588   0x000000e4   Code   RO         4482    .text               mf_w.l(dmul.o)
    0x0800066c   0x0800066c   0x000000de   Code   RO         4484    .text               mf_w.l(ddiv.o)
    0x0800074a   0x0800074a   0x00000030   Code   RO         4486    .text               mf_w.l(dfixul.o)
    0x0800077a   0x0800077a   0x00000002   PAD
    0x0800077c   0x0800077c   0x00000030   Code   RO         4488    .text               mf_w.l(cdrcmple.o)
    0x080007ac   0x080007ac   0x00000024   Code   RO         4490    .text               mc_w.l(init.o)
    0x080007d0   0x080007d0   0x00000024   Code   RO         4492    .text               mc_w.l(llsshr.o)
    0x080007f4   0x080007f4   0x000000ba   Code   RO         4494    .text               mf_w.l(depilogue.o)
    0x080008ae   0x080008ae   0x00000056   Code   RO         4504    .text               mc_w.l(__dczerorl2.o)
    0x08000904   0x08000904   0x00000018   Code   RO         3515    i.ADCDMAIRQHandler  adc1.o
    0x0800091c   0x0800091c   0x00000014   Code   RO         3516    i.ADCDMAStart       adc1.o
    0x08000930   0x08000930   0x0000006e   Code   RO          502    i.ADC_DMAConvCplt   stm32f4xx_hal_adc.o
    0x0800099e   0x0800099e   0x00000016   Code   RO          503    i.ADC_DMAError      stm32f4xx_hal_adc.o
    0x080009b4   0x080009b4   0x0000000a   Code   RO          504    i.ADC_DMAHalfConvCplt  stm32f4xx_hal_adc.o
    0x080009be   0x080009be   0x00000002   PAD
    0x080009c0   0x080009c0   0x00000128   Code   RO          505    i.ADC_Init          stm32f4xx_hal_adc.o
    0x08000ae8   0x08000ae8   0x00000012   Code   RO         3194    i.APPMain_Init      appmain.o
    0x08000afa   0x08000afa   0x00000012   Code   RO         3195    i.APPMain_Loop      appmain.o
    0x08000b0c   0x08000b0c   0x00000002   Code   RO          371    i.BusFault_Handler  stm32f4xx_it.o
    0x08000b0e   0x08000b0e   0x00000094   Code   RO         3762    i.CurrentPIControlID  foc.o
    0x08000ba2   0x08000ba2   0x00000094   Code   RO         3763    i.CurrentPIControlIQ  foc.o
    0x08000c36   0x08000c36   0x00000070   Code   RO         3764    i.CurrentReconstruction  foc.o
    0x08000ca6   0x08000ca6   0x00000002   PAD
    0x08000ca8   0x08000ca8   0x00000018   Code   RO          372    i.DMA2_Stream0_IRQHandler  stm32f4xx_it.o
    0x08000cc0   0x08000cc0   0x00000028   Code   RO         1236    i.DMA_CalcBaseAndBitshift  stm32f4xx_hal_dma.o
    0x08000ce8   0x08000ce8   0x00000054   Code   RO         1237    i.DMA_CheckFifoParam  stm32f4xx_hal_dma.o
    0x08000d3c   0x08000d3c   0x00000028   Code   RO         1238    i.DMA_SetConfig     stm32f4xx_hal_dma.o
    0x08000d64   0x08000d64   0x00000002   Code   RO          373    i.DebugMon_Handler  stm32f4xx_it.o
    0x08000d66   0x08000d66   0x00000008   Code   RO          374    i.EXTI9_5_IRQHandler  stm32f4xx_it.o
    0x08000d6e   0x08000d6e   0x00000002   Code   RO           13    i.Error_Handler     main.o
    0x08000d70   0x08000d70   0x0000000c   Code   RO         3673    i.FOCConfigPrintf   focconfig.o
    0x08000d7c   0x08000d7c   0x000000c4   Code   RO         3674    i.FOCConfig_Init    focconfig.o
    0x08000e40   0x08000e40   0x000000cc   Code   RO         3765    i.FOCPrintf         foc.o
    0x08000f0c   0x08000f0c   0x0000010c   Code   RO         3766    i.FocContorl        foc.o
    0x08001018   0x08001018   0x00000002   Code   RO         3224    i.FunctionMain_Init  functionmain.o
    0x0800101a   0x0800101a   0x00000002   Code   RO         3225    i.FunctionMain_Loop  functionmain.o
    0x0800101c   0x0800101c   0x00000010   Code   RO         3476    i.GPIONVIC_Init     gpionvic.o
    0x0800102c   0x0800102c   0x00000020   Code   RO         3517    i.GetADC1ChannelXValue  adc1.o
    0x0800104c   0x0800104c   0x00000074   Code   RO         3675    i.GetMotorPreCurrent  focconfig.o
    0x080010c0   0x080010c0   0x0000000c   Code   RO         3646    i.GetMotorSVPWMSector  svpwmconfig.o
    0x080010cc   0x080010cc   0x00000006   Code   RO         3845    i.GetSVPWMSector    svpwm.o
    0x080010d2   0x080010d2   0x00000002   PAD
    0x080010d4   0x080010d4   0x00000044   Code   RO         3356    i.GetTimer3EncoderAngle  tim3encoder.o
    0x08001118   0x08001118   0x00000040   Code   RO         3357    i.GetTimer3EncoderCnt  tim3encoder.o
    0x08001158   0x08001158   0x00000154   Code   RO         3846    i.GetVectorDuration  svpwm.o
    0x080012ac   0x080012ac   0x0000014c   Code   RO          507    i.HAL_ADC_ConfigChannel  stm32f4xx_hal_adc.o
    0x080013f8   0x080013f8   0x00000002   Code   RO          508    i.HAL_ADC_ConvCpltCallback  stm32f4xx_hal_adc.o
    0x080013fa   0x080013fa   0x00000002   Code   RO          509    i.HAL_ADC_ConvHalfCpltCallback  stm32f4xx_hal_adc.o
    0x080013fc   0x080013fc   0x00000002   Code   RO          511    i.HAL_ADC_ErrorCallback  stm32f4xx_hal_adc.o
    0x080013fe   0x080013fe   0x00000054   Code   RO          516    i.HAL_ADC_Init      stm32f4xx_hal_adc.o
    0x08001452   0x08001452   0x00000002   PAD
    0x08001454   0x08001454   0x00000098   Code   RO          198    i.HAL_ADC_MspInit   adc.o
    0x080014ec   0x080014ec   0x00000130   Code   RO          523    i.HAL_ADC_Start_DMA  stm32f4xx_hal_adc.o
    0x0800161c   0x0800161c   0x000001a0   Code   RO         1244    i.HAL_DMA_IRQHandler  stm32f4xx_hal_dma.o
    0x080017bc   0x080017bc   0x000000d4   Code   RO         1245    i.HAL_DMA_Init      stm32f4xx_hal_dma.o
    0x08001890   0x08001890   0x0000006e   Code   RO         1249    i.HAL_DMA_Start_IT  stm32f4xx_hal_dma.o
    0x080018fe   0x080018fe   0x00000002   PAD
    0x08001900   0x08001900   0x00000024   Code   RO         1658    i.HAL_Delay         stm32f4xx_hal.o
    0x08001924   0x08001924   0x00000038   Code   RO         3477    i.HAL_GPIO_EXTI_Callback  gpionvic.o
    0x0800195c   0x0800195c   0x00000018   Code   RO         1131    i.HAL_GPIO_EXTI_IRQHandler  stm32f4xx_hal_gpio.o
    0x08001974   0x08001974   0x000001b8   Code   RO         1132    i.HAL_GPIO_Init     stm32f4xx_hal_gpio.o
    0x08001b2c   0x08001b2c   0x0000000a   Code   RO         1136    i.HAL_GPIO_WritePin  stm32f4xx_hal_gpio.o
    0x08001b36   0x08001b36   0x00000002   PAD
    0x08001b38   0x08001b38   0x0000000c   Code   RO         1664    i.HAL_GetTick       stm32f4xx_hal.o
    0x08001b44   0x08001b44   0x00000010   Code   RO         1670    i.HAL_IncTick       stm32f4xx_hal.o
    0x08001b54   0x08001b54   0x00000034   Code   RO         1671    i.HAL_Init          stm32f4xx_hal.o
    0x08001b88   0x08001b88   0x00000040   Code   RO         1672    i.HAL_InitTick      stm32f4xx_hal.o
    0x08001bc8   0x08001bc8   0x00000030   Code   RO          478    i.HAL_MspInit       stm32f4xx_hal_msp.o
    0x08001bf8   0x08001bf8   0x0000001a   Code   RO         1521    i.HAL_NVIC_EnableIRQ  stm32f4xx_hal_cortex.o
    0x08001c12   0x08001c12   0x00000002   PAD
    0x08001c14   0x08001c14   0x00000040   Code   RO         1527    i.HAL_NVIC_SetPriority  stm32f4xx_hal_cortex.o
    0x08001c54   0x08001c54   0x00000024   Code   RO         1528    i.HAL_NVIC_SetPriorityGrouping  stm32f4xx_hal_cortex.o
    0x08001c78   0x08001c78   0x00000134   Code   RO          778    i.HAL_RCC_ClockConfig  stm32f4xx_hal_rcc.o
    0x08001dac   0x08001dac   0x00000060   Code   RO          787    i.HAL_RCC_GetSysClockFreq  stm32f4xx_hal_rcc.o
    0x08001e0c   0x08001e0c   0x0000035c   Code   RO          790    i.HAL_RCC_OscConfig  stm32f4xx_hal_rcc.o
    0x08002168   0x08002168   0x00000080   Code   RO         1920    i.HAL_SPI_Init      stm32f4xx_hal_spi.o
    0x080021e8   0x080021e8   0x0000006c   Code   RO          264    i.HAL_SPI_MspInit   spi.o
    0x08002254   0x08002254   0x00000028   Code   RO         1532    i.HAL_SYSTICK_Config  stm32f4xx_hal_cortex.o
    0x0800227c   0x0800227c   0x00000002   Code   RO         2908    i.HAL_TIMEx_BreakCallback  stm32f4xx_hal_tim_ex.o
    0x0800227e   0x0800227e   0x00000002   Code   RO         2909    i.HAL_TIMEx_CommutCallback  stm32f4xx_hal_tim_ex.o
    0x08002280   0x08002280   0x00000054   Code   RO         2911    i.HAL_TIMEx_ConfigBreakDeadTime  stm32f4xx_hal_tim_ex.o
    0x080022d4   0x080022d4   0x00000090   Code   RO         2926    i.HAL_TIMEx_MasterConfigSynchronization  stm32f4xx_hal_tim_ex.o
    0x08002364   0x08002364   0x0000002e   Code   RO         2937    i.HAL_TIMEx_PWMN_Start  stm32f4xx_hal_tim_ex.o
    0x08002392   0x08002392   0x00000036   Code   RO         2233    i.HAL_TIM_Base_Init  stm32f4xx_hal_tim.o
    0x080023c8   0x080023c8   0x0000003c   Code   RO          306    i.HAL_TIM_Base_MspInit  tim.o
    0x08002404   0x08002404   0x00000022   Code   RO         2238    i.HAL_TIM_Base_Start_IT  stm32f4xx_hal_tim.o
    0x08002426   0x08002426   0x0000002a   Code   RO         2241    i.HAL_TIM_Base_Stop_IT  stm32f4xx_hal_tim.o
    0x08002450   0x08002450   0x000000d6   Code   RO         2242    i.HAL_TIM_ConfigClockSource  stm32f4xx_hal_tim.o
    0x08002526   0x08002526   0x00000098   Code   RO         2251    i.HAL_TIM_Encoder_Init  stm32f4xx_hal_tim.o
    0x080025be   0x080025be   0x00000002   PAD
    0x080025c0   0x080025c0   0x00000064   Code   RO          308    i.HAL_TIM_Encoder_MspInit  tim.o
    0x08002624   0x08002624   0x00000034   Code   RO         2254    i.HAL_TIM_Encoder_Start  stm32f4xx_hal_tim.o
    0x08002658   0x08002658   0x00000002   Code   RO         2262    i.HAL_TIM_IC_CaptureCallback  stm32f4xx_hal_tim.o
    0x0800265a   0x0800265a   0x00000166   Code   RO         2276    i.HAL_TIM_IRQHandler  stm32f4xx_hal_tim.o
    0x080027c0   0x080027c0   0x00000080   Code   RO          309    i.HAL_TIM_MspPostInit  tim.o
    0x08002840   0x08002840   0x00000002   Code   RO         2279    i.HAL_TIM_OC_DelayElapsedCallback  stm32f4xx_hal_tim.o
    0x08002842   0x08002842   0x000000d0   Code   RO         2300    i.HAL_TIM_PWM_ConfigChannel  stm32f4xx_hal_tim.o
    0x08002912   0x08002912   0x00000036   Code   RO         2303    i.HAL_TIM_PWM_Init  stm32f4xx_hal_tim.o
    0x08002948   0x08002948   0x00000002   Code   RO         2305    i.HAL_TIM_PWM_MspInit  stm32f4xx_hal_tim.o
    0x0800294a   0x0800294a   0x00000002   Code   RO         2306    i.HAL_TIM_PWM_PulseFinishedCallback  stm32f4xx_hal_tim.o
    0x0800294c   0x0800294c   0x00000044   Code   RO         2308    i.HAL_TIM_PWM_Start  stm32f4xx_hal_tim.o
    0x08002990   0x08002990   0x00000074   Code   RO         2310    i.HAL_TIM_PWM_Start_IT  stm32f4xx_hal_tim.o
    0x08002a04   0x08002a04   0x00000088   Code   RO         2313    i.HAL_TIM_PWM_Stop_IT  stm32f4xx_hal_tim.o
    0x08002a8c   0x08002a8c   0x00000002   Code   RO         2314    i.HAL_TIM_PeriodElapsedCallback  stm32f4xx_hal_tim.o
    0x08002a8e   0x08002a8e   0x00000002   Code   RO         2319    i.HAL_TIM_TriggerCallback  stm32f4xx_hal_tim.o
    0x08002a90   0x08002a90   0x00000002   Code   RO          375    i.HardFault_Handler  stm32f4xx_it.o
    0x08002a92   0x08002a92   0x0000000e   Code   RO         3248    i.MCUDriverMain_Init  mcudrivermain.o
    0x08002aa0   0x08002aa0   0x00000002   Code   RO         3249    i.MCUDriverMain_Loop  mcudrivermain.o
    0x08002aa2   0x08002aa2   0x00000002   PAD
    0x08002aa4   0x08002aa4   0x0000007c   Code   RO          199    i.MX_ADC1_Init      adc.o
    0x08002b20   0x08002b20   0x0000002c   Code   RO          239    i.MX_DMA_Init       dma.o
    0x08002b4c   0x08002b4c   0x000000ec   Code   RO          173    i.MX_GPIO_Init      gpio.o
    0x08002c38   0x08002c38   0x0000004c   Code   RO          265    i.MX_SPI3_Init      spi.o
    0x08002c84   0x08002c84   0x00000108   Code   RO          310    i.MX_TIM1_Init      tim.o
    0x08002d8c   0x08002d8c   0x0000006c   Code   RO          311    i.MX_TIM3_Init      tim.o
    0x08002df8   0x08002df8   0x00000002   Code   RO          376    i.MemManage_Handler  stm32f4xx_it.o
    0x08002dfa   0x08002dfa   0x00000002   PAD
    0x08002dfc   0x08002dfc   0x0000000c   Code   RO         3676    i.MotorFocControl   focconfig.o
    0x08002e08   0x08002e08   0x0000000c   Code   RO         3647    i.MotorSvpwmGenerate  svpwmconfig.o
    0x08002e14   0x08002e14   0x00000002   Code   RO          377    i.NMI_Handler       stm32f4xx_it.o
    0x08002e16   0x08002e16   0x00000002   Code   RO          378    i.PendSV_Handler    stm32f4xx_it.o
    0x08002e18   0x08002e18   0x00000012   Code   RO         3606    i.PerDriverMain_Init  perdrivermain.o
    0x08002e2a   0x08002e2a   0x00000002   PAD
    0x08002e2c   0x08002e2c   0x000000a0   Code   RO         3607    i.PerDriverMain_Loop  perdrivermain.o
    0x08002ecc   0x08002ecc   0x00000094   Code   RO         3912    i.SEGGER_RTT_Write  segger_rtt.o
    0x08002f60   0x08002f60   0x00000002   Code   RO          379    i.SVC_Handler       stm32f4xx_it.o
    0x08002f62   0x08002f62   0x00000018   Code   RO         3767    i.SetCurrentPIDParams  foc.o
    0x08002f7a   0x08002f7a   0x0000000a   Code   RO         3768    i.SetCurrentPIDTar  foc.o
    0x08002f84   0x08002f84   0x0000000c   Code   RO         3769    i.SetFocEnable      foc.o
    0x08002f90   0x08002f90   0x00000012   Code   RO         3677    i.SetMotorAndTimITEnable  focconfig.o
    0x08002fa2   0x08002fa2   0x00000002   PAD
    0x08002fa4   0x08002fa4   0x00000010   Code   RO         3451    i.SetMotorEnable    motorgpio.o
    0x08002fb4   0x08002fb4   0x0000004c   Code   RO         3301    i.SetTIM1Channel1HighLeaveTime_us  tim1pwm.o
    0x08003000   0x08003000   0x0000004c   Code   RO         3302    i.SetTIM1Channel2HighLeaveTime_us  tim1pwm.o
    0x0800304c   0x0800304c   0x0000004c   Code   RO         3303    i.SetTIM1Channel3HighLeaveTime_us  tim1pwm.o
    0x08003098   0x08003098   0x0000004c   Code   RO         3304    i.SetTIM1Channel4HighLeaveTime_us  tim1pwm.o
    0x080030e4   0x080030e4   0x0000000c   Code   RO         3678    i.SetTarIDIQ        focconfig.o
    0x080030f0   0x080030f0   0x0000000c   Code   RO         3358    i.SetTimer3EncoderCnt  tim3encoder.o
    0x080030fc   0x080030fc   0x0000001c   Code   RO         3847    i.SvpwmContorol     svpwm.o
    0x08003118   0x08003118   0x0000011c   Code   RO         3848    i.SvpwmGenerate     svpwm.o
    0x08003234   0x08003234   0x0000009c   Code   RO         3849    i.SvpwmSectorJudgment  svpwm.o
    0x080032d0   0x080032d0   0x00000010   Code   RO          380    i.SysTick_Handler   stm32f4xx_it.o
    0x080032e0   0x080032e0   0x00000084   Code   RO           14    i.SystemClock_Config  main.o
    0x08003364   0x08003364   0x0000001c   Code   RO         3160    i.SystemInit        system_stm32f4xx.o
    0x08003380   0x08003380   0x00000014   Code   RO          381    i.TIM1_CC_IRQHandler  stm32f4xx_it.o
    0x08003394   0x08003394   0x00000068   Code   RO         3305    i.TIM1_Init         tim1pwm.o
    0x080033fc   0x080033fc   0x000000c8   Code   RO         2321    i.TIM_Base_SetConfig  stm32f4xx_hal_tim.o
    0x080034c4   0x080034c4   0x0000001a   Code   RO         2322    i.TIM_CCxChannelCmd  stm32f4xx_hal_tim.o
    0x080034de   0x080034de   0x0000001a   Code   RO         2946    i.TIM_CCxNChannelCmd  stm32f4xx_hal_tim_ex.o
    0x080034f8   0x080034f8   0x00000014   Code   RO         2332    i.TIM_ETR_SetConfig  stm32f4xx_hal_tim.o
    0x0800350c   0x0800350c   0x00000010   Code   RO         2333    i.TIM_ITRx_SetConfig  stm32f4xx_hal_tim.o
    0x0800351c   0x0800351c   0x00000060   Code   RO         2334    i.TIM_OC1_SetConfig  stm32f4xx_hal_tim.o
    0x0800357c   0x0800357c   0x0000006c   Code   RO         2335    i.TIM_OC2_SetConfig  stm32f4xx_hal_tim.o
    0x080035e8   0x080035e8   0x00000068   Code   RO         2336    i.TIM_OC3_SetConfig  stm32f4xx_hal_tim.o
    0x08003650   0x08003650   0x00000050   Code   RO         2337    i.TIM_OC4_SetConfig  stm32f4xx_hal_tim.o
    0x080036a0   0x080036a0   0x00000022   Code   RO         2339    i.TIM_TI1_ConfigInputStage  stm32f4xx_hal_tim.o
    0x080036c2   0x080036c2   0x00000024   Code   RO         2341    i.TIM_TI2_ConfigInputStage  stm32f4xx_hal_tim.o
    0x080036e6   0x080036e6   0x00000002   PAD
    0x080036e8   0x080036e8   0x0000002c   Code   RO         3306    i.Timer1Channel4ITEnable  tim1pwm.o
    0x08003714   0x08003714   0x00000030   Code   RO         3359    i.TimerEncoderInit  tim3encoder.o
    0x08003744   0x08003744   0x00000028   Code   RO         3360    i.TimerEncoderReset  tim3encoder.o
    0x0800376c   0x0800376c   0x00000002   Code   RO          382    i.UsageFault_Handler  stm32f4xx_it.o
    0x0800376e   0x0800376e   0x00000002   PAD
    0x08003770   0x08003770   0x00000020   Code   RO         4422    i.__0printf         mc_w.l(printfa.o)
    0x08003790   0x08003790   0x00000020   Code   RO         1534    i.__NVIC_SetPriority  stm32f4xx_hal_cortex.o
    0x080037b0   0x080037b0   0x0000000e   Code   RO         4498    i.__scatterload_copy  mc_w.l(handlers.o)
    0x080037be   0x080037be   0x00000002   Code   RO         4499    i.__scatterload_null  mc_w.l(handlers.o)
    0x080037c0   0x080037c0   0x0000000e   Code   RO         4500    i.__scatterload_zeroinit  mc_w.l(handlers.o)
    0x080037ce   0x080037ce   0x00000002   PAD
    0x080037d0   0x080037d0   0x00000184   Code   RO         4429    i._fp_digits        mc_w.l(printfa.o)
    0x08003954   0x08003954   0x000006b4   Code   RO         4430    i._printf_core      mc_w.l(printfa.o)
    0x08004008   0x08004008   0x00000024   Code   RO         4431    i._printf_post_padding  mc_w.l(printfa.o)
    0x0800402c   0x0800402c   0x0000002e   Code   RO         4432    i._printf_pre_padding  mc_w.l(printfa.o)
    0x0800405a   0x0800405a   0x00000016   Code   RO         3914    i.fputc             segger_rtt.o
    0x08004070   0x08004070   0x0000002a   Code   RO           15    i.main              main.o
    0x0800409a   0x0800409a   0x00000002   PAD
    0x0800409c   0x0800409c   0x00000034   Code   RO         3421    i.rt_hw_us_delay    timer.o
    0x080040d0   0x080040d0   0x00000008   Data   RO         1251    .constdata          stm32f4xx_hal_dma.o
    0x080040d8   0x080040d8   0x00000010   Data   RO         3161    .constdata          system_stm32f4xx.o
    0x080040e8   0x080040e8   0x00000804   Data   RO         4155    .constdata          arm_cortexM4lf_math.lib(arm_common_tables.o)
    0x080048ec   0x080048ec   0x00000009   Data   RO         3917    .conststring        segger_rtt.o
    0x080048f5   0x080048f5   0x00000003   PAD
    0x080048f8   0x080048f8   0x00000020   Data   RO         4496    Region$$Table       anon$$obj.o


    Execution Region RW_IRAM2 (Exec base: 0x10000000, Load base: 0x08004978, Size: 0x00000000, Max: 0x00010000, ABSOLUTE)

    **** No section assigned to this execution region ****


    Execution Region RW_IRAM1 (Exec base: 0x20000000, Load base: 0x08004918, Size: 0x00000b48, Max: 0x00020000, ABSOLUTE, COMPRESSED[0x00000060])

    Exec Addr    Load Addr    Size         Type   Attr      Idx    E Section Name        Object

    0x20000000   COMPRESSED   0x0000000c   Data   RW         1678    .data               stm32f4xx_hal.o
    0x2000000c   COMPRESSED   0x00000004   Data   RW         3163    .data               system_stm32f4xx.o
    0x20000010   COMPRESSED   0x00000008   Data   RW         3361    .data               tim3encoder.o
    0x20000018   COMPRESSED   0x00000004   Data   RW         3422    .data               timer.o
    0x2000001c   COMPRESSED   0x00000008   Data   RW         3478    .data               gpionvic.o
    0x20000024   COMPRESSED   0x0000000c   Data   RW         3608    .data               perdrivermain.o
    0x20000030   COMPRESSED   0x00000058   Data   RW         3648    .data               svpwmconfig.o
    0x20000088   COMPRESSED   0x00000098   Data   RW         3679    .data               focconfig.o
    0x20000120   COMPRESSED   0x00000078   Data   RW         3918    .data               segger_rtt.o
    0x20000198   COMPRESSED   0x00000004   Data   RW         4472    .data               mc_w.l(stdout.o)
    0x2000019c        -       0x000000a8   Zero   RW          200    .bss                adc.o
    0x20000244        -       0x00000058   Zero   RW          266    .bss                spi.o
    0x2000029c        -       0x00000080   Zero   RW          312    .bss                tim.o
    0x2000031c        -       0x00000018   Zero   RW         3518    .bss                adc1.o
    0x20000334        -       0x00000400   Zero   RW         3915    .bss                segger_rtt.o
    0x20000734        -       0x00000010   Zero   RW         3916    .bss                segger_rtt.o
    0x20000744   COMPRESSED   0x00000004   PAD
    0x20000748        -       0x00000400   Zero   RW            1    STACK               startup_stm32f405xx.o


==============================================================================

Image component sizes


      Code (inc. data)   RO Data    RW Data    ZI Data      Debug   Object Name

       276         34          0          0        168       1835   adc.o
        76         20          0          0         24       2200   adc1.o
        36          0          0          0          0       1022   appmain.o
        44          4          0          0          0        798   dma.o
       926         72          0          0          0       8433   foc.o
       366         54          0        152          0       5981   focconfig.o
         4          0          0          0          0        976   functionmain.o
       236         20          0          0          0       1055   gpio.o
        72         18          0          8          0       1775   gpionvic.o
       176          8          0          0          0     650616   main.o
        16          0          0          0          0       1038   mcudrivermain.o
        16          4          0          0          0        517   motorgpio.o
       178         12          0         12          0       1604   perdrivermain.o
       170          6          9        120       1040       2799   segger_rtt.o
       184         24          0          0         88       1737   spi.o
        36          8        392          0       1024        848   startup_stm32f405xx.o
       180         28          0         12          0       9505   stm32f4xx_hal.o
      1164         64          0          0          0       7529   stm32f4xx_hal_adc.o
       198         14          0          0          0      34027   stm32f4xx_hal_cortex.o
       902         16          8          0          0       5887   stm32f4xx_hal_dma.o
       474         52          0          0          0       3071   stm32f4xx_hal_gpio.o
        48          6          0          0          0        878   stm32f4xx_hal_msp.o
      1264         48          0          0          0       4086   stm32f4xx_hal_rcc.o
       128          0          0          0          0       1187   stm32f4xx_hal_spi.o
      2220        106          0          0          0      21229   stm32f4xx_hal_tim.o
       304         28          0          0          0       4688   stm32f4xx_hal_tim_ex.o
        84         12          0          0          0       5830   stm32f4xx_it.o
       814         40          0          0          0       3563   svpwm.o
        24         12          0         88          0       2764   svpwmconfig.o
        28          6         16          4          0       1191   system_stm32f4xx.o
       660         58          0          0        128       3999   tim.o
       452        100          0          0          0       3673   tim1pwm.o
       232         52          0          8          0       3521   tim3encoder.o
        52         10          0          4          0        939   timer.o

    ----------------------------------------------------------------------
     12070        936        460        408       2476     800801   Object Totals
         0          0         32          0          0          0   (incl. Generated)
        30          0          3          0          4          0   (incl. Padding)

    ----------------------------------------------------------------------

      Code (inc. data)   RO Data    RW Data    ZI Data      Debug   Library Member Name

         0          0       2052          0          0       4704   arm_common_tables.o
       120         12          0          0          0      17170   arm_cos_f32.o
       148         18          0          0          0        814   arm_sin_f32.o
        86          0          0          0          0          0   __dczerorl2.o
         0          0          0          0          0          0   entry.o
         0          0          0          0          0          0   entry10a.o
         0          0          0          0          0          0   entry11a.o
         4          0          0          0          0          0   entry12b.o
         8          4          0          0          0          0   entry2.o
         4          0          0          0          0          0   entry5.o
         0          0          0          0          0          0   entry7b.o
         0          0          0          0          0          0   entry8b.o
         8          4          0          0          0          0   entry9a.o
        30          0          0          0          0          0   handlers.o
        36          8          0          0          0         68   init.o
         0          0          0          0          0          0   iusefp.o
        30          0          0          0          0         68   llshl.o
        36          0          0          0          0         68   llsshr.o
        32          0          0          0          0         68   llushr.o
        36          0          0          0          0         68   memcpya.o
        36          0          0          0          0        108   memseta.o
      2218         90          0          0          0        464   printfa.o
         0          0          0          4          0          0   stdout.o
        44          0          0          0          0         80   uidiv.o
        98          0          0          0          0         92   uldiv.o
        48          0          0          0          0         68   cdcmple.o
        48          0          0          0          0         68   cdrcmple.o
       334          0          0          0          0        148   dadd.o
       222          0          0          0          0        100   ddiv.o
       186          0          0          0          0        176   depilogue.o
        48          0          0          0          0         68   dfixul.o
       228          0          0          0          0         96   dmul.o
        38          0          0          0          0         68   f2d.o

    ----------------------------------------------------------------------
      4130        136       2052          4          0      24564   Library Totals
         4          0          0          0          0          0   (incl. Padding)

    ----------------------------------------------------------------------

      Code (inc. data)   RO Data    RW Data    ZI Data      Debug   Library Name

       268         30       2052          0          0      22688   arm_cortexM4lf_math.lib
      2706        106          0          4          0       1084   mc_w.l
      1152          0          0          0          0        792   mf_w.l

    ----------------------------------------------------------------------
      4130        136       2052          4          0      24564   Library Totals

    ----------------------------------------------------------------------

==============================================================================


      Code (inc. data)   RO Data    RW Data    ZI Data      Debug   

     16200       1072       2512        412       2476     811513   Grand Totals
     16200       1072       2512         96       2476     811513   ELF Image Totals (compressed)
     16200       1072       2512         96          0          0   ROM Totals

==============================================================================

    Total RO  Size (Code + RO Data)                18712 (  18.27kB)
    Total RW  Size (RW Data + ZI Data)              2888 (   2.82kB)
    Total ROM Size (Code + RO Data + RW Data)      18808 (  18.37kB)

==============================================================================

