<html>
<body>
<pre>
<h1>µVision Build Log</h1>
<h2>Tool Versions:</h2>
IDE-Version: ¦ÌVision V5.33.0.0
Copyright (C) 2020 ARM Ltd and ARM Germany GmbH. All rights reserved.
License Information: 1 1, 1, LIC=BUURY-IDZPY-Y8IFK-ZUYR2-H3ET7-FYMRX
 
Tool Versions:
Toolchain:       MDK-ARM Plus  Version: 5.33.0.0
Toolchain Path:  D:\SoftWare\Keil\ARM\ARMCC\Bin
C Compiler:      Armcc.exe V5.06 update 7 (build 960)
Assembler:       Armasm.exe V5.06 update 7 (build 960)
Linker/Locator:  ArmLink.exe V5.06 update 7 (build 960)
Library Manager: ArmAr.exe V5.06 update 7 (build 960)
Hex Converter:   FromElf.exe V5.06 update 7 (build 960)
CPU DLL:         SARMCM3.DLL V5.33.0.0
Dialog DLL:      DCM.DLL V1.17.3.0
Target DLL:      Segger\JL2CM3.dll V2.99.38.0
Dialog DLL:      TCM.DLL V1.48.0.0
 
<h2>Project:</h2>
C:\Users\Administrator\Desktop\FOC\Odrive\ODrive\MDK-ARM\ODrive.uvprojx
Project File Date:  03/17/2021

<h2>Output:</h2>
*** Using Compiler 'V5.06 update 7 (build 960)', folder: 'D:\SoftWare\Keil\ARM\ARMCC\Bin'
Build target 'ODrive'
assembling startup_stm32f405xx.s...
compiling gpio.c...
compiling main.c...
compiling adc.c...
compiling tim.c...
compiling dma.c...
compiling stm32f4xx_it.c...
compiling stm32f4xx_hal_msp.c...
compiling stm32f4xx_hal_adc_ex.c...
compiling stm32f4xx_hal_adc.c...
compiling stm32f4xx_hal_flash.c...
compiling stm32f4xx_hal_rcc.c...
compiling stm32f4xx_hal_rcc_ex.c...
compiling stm32f4xx_hal_flash_ramfunc.c...
compiling stm32f4xx_hal_flash_ex.c...
compiling stm32f4xx_hal_gpio.c...
compiling stm32f4xx_hal_dma.c...
compiling stm32f4xx_hal_pwr.c...
compiling stm32f4xx_hal_dma_ex.c...
compiling stm32f4xx_hal_pwr_ex.c...
compiling stm32f4xx_hal.c...
compiling stm32f4xx_hal_cortex.c...
compiling stm32f4xx_hal_tim_ex.c...
compiling stm32f4xx_hal_exti.c...
compiling stm32f4xx_hal_tim.c...
compiling AngleCalibrationFunc.c...
compiling MCUDriverMain.c...
compiling system_stm32f4xx.c...
compiling TIM1PWM.c...
compiling Timer.c...
compiling TIM3Encoder.c...
compiling ADC1.c...
compiling GPIONVIC.c...
compiling MotorGPIO.c...
compiling FOCConfig.c...
compiling PerDriverMain.c...
..\User\PeripheralsDriver\PerDriverMain.c(43): warning:  #1035-D: single-precision operand implicitly converted to double-precision
  		speed += 0.01;
..\User\PeripheralsDriver\PerDriverMain.c(49): warning:  #1035-D: single-precision operand implicitly converted to double-precision
  		speed -= 0.01;
..\User\PeripheralsDriver\PerDriverMain.c: 2 warnings, 0 errors
linking...
Program Size: Code=15784 RO-data=2512 RW-data=416 ZI-data=2384  
FromELF: creating hex file...
"ODrive\ODrive.axf" - 0 Error(s), 2 Warning(s).

<h2>Software Packages used:</h2>

Package Vendor: ARM
                http://www.keil.com/pack/ARM.CMSIS.5.7.0.pack
                ARM.CMSIS.5.7.0
                CMSIS (Cortex Microcontroller Software Interface Standard)
   * Component: CORE Version: 5.4.0

Package Vendor: Keil
                http://www.keil.com/pack/Keil.STM32F4xx_DFP.2.15.0.pack
                Keil.STM32F4xx_DFP.2.15.0
                STMicroelectronics STM32F4 Series Device Support, Drivers and Examples

<h2>Collection of Component include folders:</h2>
  .\RTE\_ODrive
  D:\SoftWare\Keil\ARM\CMSIS\5.7.0\CMSIS\Core\Include
  D:\SoftWare\Keil\Keil\STM32F4xx_DFP\2.15.0\Drivers\CMSIS\Device\ST\STM32F4xx\Include

<h2>Collection of Component Files used:</h2>

   * Component: ARM::CMSIS:CORE:5.4.0
Build Time Elapsed:  00:00:36
</pre>
</body>
</html>
